============================= test session starts =============================
platform win32 -- Python 3.13.6, pytest-8.4.1, pluggy-1.6.0 -- C:\Users\Sabir ÌAHBAZ\AppData\Local\Microsoft\WindowsApps\PythonSoftwareFoundation.Python.3.13_qbz5n2kfra8p0\python.exe
cachedir: .pytest_cache
rootdir: C:\Users\Sabir ÌAHBAZ\Documents\GitHub\crypto-ai-bot
configfile: pyproject.toml
plugins: cov-6.2.1, mock-3.14.1
collecting ... collected 168 items

tests/test_csv_handler.py::TestCSVHandlerInitialization::test_initialization_creates_files FAILED [  0%]
tests/test_csv_handler.py::TestCSVHandlerInitialization::test_initialization_with_existing_files FAILED [  1%]
tests/test_csv_handler.py::TestCSVHandlerInitialization::test_initialization_with_corrupted_file FAILED [  1%]
tests/test_csv_handler.py::TestTradeLogging::test_log_open_trade ERROR   [  2%]
tests/test_csv_handler.py::TestTradeLogging::test_log_close_trade ERROR  [  2%]
tests/test_csv_handler.py::TestTradeLogging::test_log_multiple_trades ERROR [  3%]
tests/test_csv_handler.py::TestTradeLogging::test_log_trade_with_missing_fields ERROR [  4%]
tests/test_csv_handler.py::TestTradeLogging::test_append_trade_to_existing ERROR [  4%]
tests/test_csv_handler.py::TestSignalLogging::test_log_signal ERROR      [  5%]
tests/test_csv_handler.py::TestSignalLogging::test_log_signal_with_indicators ERROR [  5%]
tests/test_csv_handler.py::TestSignalLogging::test_signal_deduplication ERROR [  6%]
tests/test_csv_handler.py::TestDataRetrieval::test_get_all_trades_empty ERROR [  7%]
tests/test_csv_handler.py::TestDataRetrieval::test_get_recent_trades ERROR [  7%]
tests/test_csv_handler.py::TestDataRetrieval::test_get_trades_by_date_range ERROR [  8%]
tests/test_csv_handler.py::TestDataRetrieval::test_get_trades_by_symbol ERROR [  8%]
tests/test_csv_handler.py::TestStatistics::test_get_trade_stats_basic ERROR [  9%]
tests/test_csv_handler.py::TestStatistics::test_get_trade_stats_empty ERROR [ 10%]
tests/test_csv_handler.py::TestStatistics::test_calculate_sharpe_ratio ERROR [ 10%]
tests/test_csv_handler.py::TestStatistics::test_calculate_max_drawdown ERROR [ 11%]
tests/test_csv_handler.py::TestStatistics::test_get_performance_metrics ERROR [ 11%]
tests/test_csv_handler.py::TestDataExport::test_export_to_excel ERROR    [ 12%]
tests/test_csv_handler.py::TestDataExport::test_export_summary_report ERROR [ 13%]
tests/test_csv_handler.py::TestDataExport::test_backup_data ERROR        [ 13%]
tests/test_csv_handler.py::TestDataValidation::test_validate_trade_data ERROR [ 14%]
tests/test_csv_handler.py::TestDataValidation::test_clean_corrupted_data ERROR [ 14%]
tests/test_csv_handler.py::TestConcurrency::test_concurrent_writes ERROR [ 15%]
tests/test_csv_handler.py::TestConcurrency::test_file_locking ERROR      [ 16%]
tests/test_csv_handler.py::TestErrorHandling::test_handle_missing_file FAILED [ 16%]
tests/test_csv_handler.py::TestErrorHandling::test_handle_permission_error FAILED [ 17%]
tests/test_csv_handler.py::TestErrorHandling::test_handle_disk_full ERROR [ 17%]
tests/test_csv_handler.py::TestIntegration::test_full_trading_cycle ERROR [ 18%]
tests/test_csv_handler.py::TestIntegration::test_performance_over_time ERROR [ 19%]
tests/test_exchange_cache_compat.py::TestExchangeCacheCompat::test_set_and_get_use_unified_cache PASSED [ 19%]
tests/test_exchange_cache_compat.py::TestExchangeCacheCompat::test_clear_calls_all_namespaces PASSED [ 20%]
tests/test_exchange_cache_compat.py::TestExchangeCacheCompat::test_key_prefix_to_namespace_mapping PASSED [ 20%]
tests/test_exchange_cache_compat.py::TestExchangeCacheCompat::test_ttl_to_namespace_mapping PASSED [ 21%]
tests/test_exchange_cache_compat.py::TestExchangeCacheCompat::test_fallback_when_unified_cache_unavailable PASSED [ 22%]
tests/test_exchange_cache_compat.py::TestExchangeCacheCompat::test_statistics_with_unified_cache PASSED [ 22%]
tests/test_exchange_cache_compat.py::TestExchangeCacheCompat::test_cache_miss_and_hit PASSED [ 23%]
tests/test_market_analyzer.py::TestMultiTimeframeAnalyzer::test_analyzer_initialization PASSED [ 23%]
tests/test_market_analyzer.py::TestMultiTimeframeAnalyzer::test_analyze_market_condition_bull FAILED [ 24%]
tests/test_market_analyzer.py::TestMultiTimeframeAnalyzer::test_analyze_market_condition_sideways PASSED [ 25%]
tests/test_market_analyzer.py::TestMultiTimeframeAnalyzer::test_analyze_empty_data FAILED [ 25%]
tests/test_market_analyzer.py::TestMultiTimeframeAnalyzer::test_analyze_invalid_data FAILED [ 26%]
tests/test_market_analyzer.py::TestMultiTimeframeAnalyzer::test_trend_calculation PASSED [ 26%]
tests/test_market_analyzer.py::TestMultiTimeframeAnalyzer::test_trend_empty_data PASSED [ 27%]
tests/test_market_analyzer.py::TestMultiTimeframeAnalyzer::test_strength_calculation PASSED [ 27%]
tests/test_market_analyzer.py::TestMultiTimeframeAnalyzer::test_strength_with_unified_atr PASSED [ 28%]
tests/test_market_analyzer.py::TestMultiTimeframeAnalyzer::test_strength_atr_fallback PASSED [ 29%]
tests/test_market_analyzer.py::TestMultiTimeframeAnalyzer::test_classify_conditions PASSED [ 29%]
tests/test_market_analyzer.py::TestMultiTimeframeAnalyzer::test_get_diagnostics PASSED [ 30%]
tests/test_market_analyzer.py::TestMultiTimeframeAnalyzer::test_get_diagnostics_error_handling FAILED [ 30%]
tests/test_market_analyzer.py::TestMultiTimeframeAnalyzer::test_validate_data_quality_good_data PASSED [ 31%]
tests/test_market_analyzer.py::TestMultiTimeframeAnalyzer::test_validate_data_quality_empty_data PASSED [ 32%]
tests/test_market_analyzer.py::TestMultiTimeframeAnalyzer::test_validate_data_quality_missing_columns PASSED [ 32%]
tests/test_market_analyzer.py::TestMultiTimeframeAnalyzer::test_validate_data_quality_insufficient_rows PASSED [ 33%]
tests/test_market_analyzer.py::TestMultiTimeframeAnalyzer::test_get_configuration PASSED [ 33%]
tests/test_market_analyzer.py::TestMultiTimeframeAnalyzer::test_update_configuration PASSED [ 34%]
tests/test_market_analyzer.py::TestMultiTimeframeAnalyzer::test_update_configuration_invalid_params PASSED [ 35%]
tests/test_market_analyzer.py::TestMultiTimeframeAnalyzer::test_with_nan_data PASSED [ 35%]
tests/test_market_analyzer.py::TestMultiTimeframeAnalyzer::test_extreme_values PASSED [ 36%]
tests/test_market_analyzer.py::TestEdgeCases::test_single_row_data PASSED [ 36%]
tests/test_market_analyzer.py::TestEdgeCases::test_zero_volume_data PASSED [ 37%]
tests/test_risk_manager.py::TestUnifiedRiskManager::test_initialization ERROR [ 38%]
tests/test_risk_manager.py::TestUnifiedRiskManager::test_calculate_position_size_basic ERROR [ 38%]
tests/test_risk_manager.py::TestUnifiedRiskManager::test_calculate_position_size_with_confidence ERROR [ 39%]
tests/test_risk_manager.py::TestUnifiedRiskManager::test_calculate_stop_loss ERROR [ 39%]
tests/test_risk_manager.py::TestUnifiedRiskManager::test_calculate_take_profit_levels ERROR [ 40%]
tests/test_risk_manager.py::TestUnifiedRiskManager::test_check_daily_loss_limit ERROR [ 41%]
tests/test_risk_manager.py::TestUnifiedRiskManager::test_validate_trade_basic ERROR [ 41%]
tests/test_risk_manager.py::TestUnifiedRiskManager::test_get_risk_metrics ERROR [ 42%]
tests/test_risk_manager.py::TestUnifiedRiskManager::test_adjust_for_volatility ERROR [ 42%]
tests/test_risk_manager.py::TestRiskManagerIntegration::test_full_trade_cycle ERROR [ 43%]
tests/test_risk_manager.py::TestRiskManagerIntegration::test_risk_parameters_validation ERROR [ 44%]
tests/test_risk_manager.py::TestRiskManagerIntegration::test_zero_balance_handling ERROR [ 44%]
tests/test_risk_manager.py::TestRiskManagerEdgeCases::test_import_and_basic_functionality FAILED [ 45%]
tests/test_risk_manager.py::TestRiskManagerEdgeCases::test_extreme_volatility FAILED [ 45%]
tests/test_risk_manager.py::TestRiskManagerEdgeCases::test_negative_values_handling FAILED [ 46%]
tests/test_simple_position_manager.py::TestSimplePositionManager::test_open_long_updates_state PASSED [ 47%]
tests/test_simple_position_manager.py::TestSimplePositionManager::test_close_all_resets_state PASSED [ 47%]
tests/test_simple_position_manager.py::TestSimplePositionManager::test_prevent_double_position_opening PASSED [ 48%]
tests/test_simple_position_manager.py::TestSimplePositionManager::test_exchange_api_error_handling PASSED [ 48%]
tests/test_simple_position_manager.py::TestSimplePositionManager::test_pnl_calculation_profit PASSED [ 49%]
tests/test_simple_position_manager.py::TestSimplePositionManager::test_pnl_calculation_loss PASSED [ 50%]
tests/test_simple_position_manager.py::TestSimplePositionManager::test_position_management_stop_loss_trigger PASSED [ 50%]
tests/test_simple_position_manager.py::TestSimplePositionManager::test_position_management_take_profit_trigger PASSED [ 51%]
tests/test_simple_position_manager.py::TestSimplePositionManager::test_safe_mode_position_operations PASSED [ 51%]
tests/test_state_manager.py::TestStateManager::test_set_and_get_calls_atomic_write PASSED [ 52%]
tests/test_state_manager.py::TestStateManager::test_cooldown_logic PASSED [ 52%]
tests/test_state_manager.py::TestStateManager::test_atomic_write_file_creation PASSED [ 53%]
tests/test_state_manager.py::TestStateManager::test_corrupted_json_recovery PASSED [ 54%]
tests/test_state_manager.py::TestStateManager::test_trading_state_enum_handling PASSED [ 54%]
tests/test_state_manager.py::TestStateManager::test_position_management PASSED [ 55%]
tests/test_state_manager.py::TestStateManager::test_statistics_tracking PASSED [ 55%]
tests/test_state_manager.py::TestStateManager::test_cooldown_edge_cases PASSED [ 56%]
tests/test_state_manager.py::TestStateManager::test_concurrent_access_simulation PASSED [ 57%]
tests/test_state_manager.py::TestStateManager::test_data_persistence_across_instances PASSED [ 57%]
tests/test_state_manager.py::TestStateManager::test_update_multiple_values PASSED [ 58%]
tests/test_state_manager.py::TestStateManager::test_invalid_trading_state_handling PASSED [ 58%]
tests/test_state_manager.py::TestStateManager::test_position_reset_completeness PASSED [ 59%]
tests/test_state_manager.py::TestStateManager::test_file_permissions_error_handling PASSED [ 60%]
tests/test_state_manager.py::TestStateManager::test_large_data_handling PASSED [ 60%]
tests/test_state_manager.py::TestStateManager::test_export_import_state PASSED [ 61%]
tests/test_state_manager.py::TestStateManager::test_import_invalid_data PASSED [ 61%]
tests/test_state_manager.py::TestStateManager::test_cooldown_various_durations[0] PASSED [ 62%]
tests/test_state_manager.py::TestStateManager::test_cooldown_various_durations[1] PASSED [ 63%]
tests/test_state_manager.py::TestStateManager::test_cooldown_various_durations[60] PASSED [ 63%]
tests/test_state_manager.py::TestStateManager::test_cooldown_various_durations[3600] PASSED [ 64%]
tests/test_state_manager.py::TestStateManager::test_cooldown_various_durations[86400] PASSED [ 64%]
tests/test_technical_indicators.py::TestTechnicalIndicatorsModule::test_module_import PASSED [ 65%]
tests/test_technical_indicators.py::TestTechnicalIndicatorsModule::test_calculate_all_indicators_exists PASSED [ 66%]
tests/test_technical_indicators.py::TestTechnicalIndicatorsModule::test_calculate_all_indicators_basic PASSED [ 66%]
tests/test_technical_indicators.py::TestTechnicalIndicatorsModule::test_calculate_all_indicators_preserves_original PASSED [ 67%]
tests/test_technical_indicators.py::TestTechnicalIndicatorsModule::test_calculate_all_indicators_empty_data PASSED [ 67%]
tests/test_technical_indicators.py::TestTechnicalIndicatorsModule::test_calculate_all_indicators_single_row PASSED [ 68%]
tests/test_technical_indicators.py::TestTechnicalIndicatorsModule::test_atr_functions PASSED [ 69%]
tests/test_technical_indicators.py::TestTechnicalIndicatorsModule::test_rsi_calculation PASSED [ 69%]
tests/test_technical_indicators.py::TestTechnicalIndicatorsModule::test_macd_calculation PASSED [ 70%]
tests/test_technical_indicators.py::TestIndicatorIntegration::test_indicators_with_real_data PASSED [ 70%]
tests/test_technical_indicators.py::TestIndicatorIntegration::test_indicators_with_missing_data PASSED [ 71%]
tests/test_technical_indicators.py::TestIndicatorIntegration::test_indicators_performance PASSED [ 72%]
tests/test_technical_indicators.py::TestIndicatorHelpers::test_ema_sma_functions PASSED [ 72%]
tests/test_technical_indicators.py::TestIndicatorHelpers::test_bollinger_bands PASSED [ 73%]
tests/test_technical_indicators.py::TestIndicatorHelpers::test_volume_indicators PASSED [ 73%]
tests/test_technical_indicators.py::TestEdgeCases::test_extreme_values PASSED [ 74%]
tests/test_technical_indicators.py::TestEdgeCases::test_constant_values FAILED [ 75%]
tests/test_unified_cache_manager.py::TestUnifiedCacheManager::test_set_get_basic_functionality PASSED [ 75%]
tests/test_unified_cache_manager.py::TestUnifiedCacheManager::test_set_get_with_ttl PASSED [ 76%]
tests/test_unified_cache_manager.py::TestUnifiedCacheManager::test_namespace_isolation PASSED [ 76%]
tests/test_unified_cache_manager.py::TestUnifiedCacheManager::test_namespace_configs PASSED [ 77%]
tests/test_unified_cache_manager.py::TestUnifiedCacheManager::test_compression_functionality PASSED [ 77%]
tests/test_unified_cache_manager.py::TestUnifiedCacheManager::test_priority_and_sticky_flags PASSED [ 78%]
tests/test_unified_cache_manager.py::TestUnifiedCacheManager::test_metadata_functionality PASSED [ 79%]
tests/test_unified_cache_manager.py::TestUnifiedCacheManager::test_delete_functionality PASSED [ 79%]
tests/test_unified_cache_manager.py::TestUnifiedCacheManager::test_clear_namespace PASSED [ 80%]
tests/test_unified_cache_manager.py::TestUnifiedCacheManager::test_stats_functionality PASSED [ 80%]
tests/test_unified_cache_manager.py::TestUnifiedCacheManager::test_get_top_keys PASSED [ 81%]
tests/test_unified_cache_manager.py::TestUnifiedCacheManager::test_get_or_set_functionality PASSED [ 82%]
tests/test_unified_cache_manager.py::TestUnifiedCacheManager::test_cached_decorator PASSED [ 82%]
tests/test_unified_cache_manager.py::TestUnifiedCacheManager::test_eviction_policies PASSED [ 83%]
tests/test_unified_cache_manager.py::TestUnifiedCacheManager::test_memory_pressure_handling PASSED [ 83%]
tests/test_unified_cache_manager.py::TestUnifiedCacheManager::test_concurrent_access PASSED [ 84%]
tests/test_unified_cache_manager.py::TestUnifiedCacheManager::test_ttl_helpers PASSED [ 85%]
tests/test_unified_cache_manager.py::TestUnifiedCacheManager::test_trading_cache_helpers PASSED [ 85%]
tests/test_unified_cache_manager.py::TestUnifiedCacheManager::test_error_handling PASSED [ 86%]
tests/test_unified_cache_manager.py::TestUnifiedCacheManager::test_cache_entry_expiration PASSED [ 86%]
tests/test_unified_cache_manager.py::TestUnifiedCacheManager::test_cache_entry_touch PASSED [ 87%]
tests/test_unified_cache_manager.py::TestUnifiedCacheManager::test_namespace_string_handling PASSED [ 88%]
tests/test_unified_cache_manager.py::TestUnifiedCacheManager::test_global_cache_manager_singleton PASSED [ 88%]
tests/test_unified_cache_manager.py::TestUnifiedCacheManager::test_different_eviction_policies[CachePolicy.TTL] PASSED [ 89%]
tests/test_unified_cache_manager.py::TestUnifiedCacheManager::test_different_eviction_policies[CachePolicy.LRU] PASSED [ 89%]
tests/test_unified_cache_manager.py::TestUnifiedCacheManager::test_different_eviction_policies[CachePolicy.HYBRID] PASSED [ 90%]
tests/test_unified_cache_manager.py::TestUnifiedCacheManager::test_cache_persistence_across_operations PASSED [ 91%]
tests/test_unified_cache_manager.py::TestUnifiedCacheManager::test_memory_estimation_accuracy PASSED [ 91%]
tests/test_utils_integration_check.py::test_integration_check_runs_and_returns_dict_or_bool PASSED [ 92%]
tests/test_utils_monitoring.py::test_system_metrics_snapshot_basic PASSED [ 92%]
tests/test_utils_monitoring.py::test_get_system_metrics_function PASSED  [ 93%]
tests/test_utils_monitoring.py::test_simple_monitor PASSED               [ 94%]
tests/test_utils_monitoring.py::test_app_monitoring PASSED               [ 94%]
tests/test_utils_monitoring.py::test_trading_metrics_dataclass PASSED    [ 95%]
tests/test_utils_monitoring.py::test_performance_monitor_compatibility PASSED [ 95%]
tests/test_utils_monitoring.py::test_resource_tracker PASSED             [ 96%]
tests/test_utils_monitoring.py::test_app_monitoring_exports_exist PASSED [ 97%]
tests/test_utils_monitoring.py::test_legacy_functions PASSED             [ 97%]
tests/test_utils_monitoring.py::test_watchdog_class PASSED               [ 98%]
tests/test_utils_trading_metrics.py::test_trading_metrics_core_functions_callable_and_return_numbers PASSED [ 98%]
tests/test_utils_trading_metrics.py::test_rr_ratio_handles_zero_loss_gracefully PASSED [ 99%]
tests/test_utils_trading_metrics.py::test_basic_metric_functions_exist PASSED [100%]
ERROR: Coverage failure: total of 30 is less than fail-under=80


=================================== ERRORS ====================================
___________ ERROR at setup of TestTradeLogging.test_log_open_trade ____________

temp_dir = 'C:\\Users\\Sabir ÌAHBAZ\\AppData\\Local\\Temp\\tmpfr65cj7r'

    @pytest.fixture
    def csv_handler(temp_dir):
        """\u0421\u043e\u0437\u0434\u0430\u0435\u0442 \u044d\u043a\u0437\u0435\u043c\u043f\u043b\u044f\u0440 CSVHandler \u0441 \u0432\u0440\u0435\u043c\u0435\u043d\u043d\u044b\u043c\u0438 \u0444\u0430\u0439\u043b\u0430\u043c\u0438"""
        trades_file = os.path.join(temp_dir, "test_trades.csv")
        signals_file = os.path.join(temp_dir, "test_signals.csv")
    
>       return CSVHandler(
            trades_file=trades_file,
            signals_file=signals_file
        )
E       TypeError: CSVHandler() takes no arguments

tests\test_csv_handler.py:31: TypeError
___________ ERROR at setup of TestTradeLogging.test_log_close_trade ___________

temp_dir = 'C:\\Users\\Sabir ÌAHBAZ\\AppData\\Local\\Temp\\tmpwvyyuiuf'

    @pytest.fixture
    def csv_handler(temp_dir):
        """\u0421\u043e\u0437\u0434\u0430\u0435\u0442 \u044d\u043a\u0437\u0435\u043c\u043f\u043b\u044f\u0440 CSVHandler \u0441 \u0432\u0440\u0435\u043c\u0435\u043d\u043d\u044b\u043c\u0438 \u0444\u0430\u0439\u043b\u0430\u043c\u0438"""
        trades_file = os.path.join(temp_dir, "test_trades.csv")
        signals_file = os.path.join(temp_dir, "test_signals.csv")
    
>       return CSVHandler(
            trades_file=trades_file,
            signals_file=signals_file
        )
E       TypeError: CSVHandler() takes no arguments

tests\test_csv_handler.py:31: TypeError
_________ ERROR at setup of TestTradeLogging.test_log_multiple_trades _________

temp_dir = 'C:\\Users\\Sabir ÌAHBAZ\\AppData\\Local\\Temp\\tmpwpvdofcb'

    @pytest.fixture
    def csv_handler(temp_dir):
        """\u0421\u043e\u0437\u0434\u0430\u0435\u0442 \u044d\u043a\u0437\u0435\u043c\u043f\u043b\u044f\u0440 CSVHandler \u0441 \u0432\u0440\u0435\u043c\u0435\u043d\u043d\u044b\u043c\u0438 \u0444\u0430\u0439\u043b\u0430\u043c\u0438"""
        trades_file = os.path.join(temp_dir, "test_trades.csv")
        signals_file = os.path.join(temp_dir, "test_signals.csv")
    
>       return CSVHandler(
            trades_file=trades_file,
            signals_file=signals_file
        )
E       TypeError: CSVHandler() takes no arguments

tests\test_csv_handler.py:31: TypeError
____ ERROR at setup of TestTradeLogging.test_log_trade_with_missing_fields ____

temp_dir = 'C:\\Users\\Sabir ÌAHBAZ\\AppData\\Local\\Temp\\tmp_bw01i16'

    @pytest.fixture
    def csv_handler(temp_dir):
        """\u0421\u043e\u0437\u0434\u0430\u0435\u0442 \u044d\u043a\u0437\u0435\u043c\u043f\u043b\u044f\u0440 CSVHandler \u0441 \u0432\u0440\u0435\u043c\u0435\u043d\u043d\u044b\u043c\u0438 \u0444\u0430\u0439\u043b\u0430\u043c\u0438"""
        trades_file = os.path.join(temp_dir, "test_trades.csv")
        signals_file = os.path.join(temp_dir, "test_signals.csv")
    
>       return CSVHandler(
            trades_file=trades_file,
            signals_file=signals_file
        )
E       TypeError: CSVHandler() takes no arguments

tests\test_csv_handler.py:31: TypeError
______ ERROR at setup of TestTradeLogging.test_append_trade_to_existing _______

temp_dir = 'C:\\Users\\Sabir ÌAHBAZ\\AppData\\Local\\Temp\\tmpn2x6ilmm'

    @pytest.fixture
    def csv_handler(temp_dir):
        """\u0421\u043e\u0437\u0434\u0430\u0435\u0442 \u044d\u043a\u0437\u0435\u043c\u043f\u043b\u044f\u0440 CSVHandler \u0441 \u0432\u0440\u0435\u043c\u0435\u043d\u043d\u044b\u043c\u0438 \u0444\u0430\u0439\u043b\u0430\u043c\u0438"""
        trades_file = os.path.join(temp_dir, "test_trades.csv")
        signals_file = os.path.join(temp_dir, "test_signals.csv")
    
>       return CSVHandler(
            trades_file=trades_file,
            signals_file=signals_file
        )
E       TypeError: CSVHandler() takes no arguments

tests\test_csv_handler.py:31: TypeError
_____________ ERROR at setup of TestSignalLogging.test_log_signal _____________

temp_dir = 'C:\\Users\\Sabir ÌAHBAZ\\AppData\\Local\\Temp\\tmpw498iwl8'

    @pytest.fixture
    def csv_handler(temp_dir):
        """\u0421\u043e\u0437\u0434\u0430\u0435\u0442 \u044d\u043a\u0437\u0435\u043c\u043f\u043b\u044f\u0440 CSVHandler \u0441 \u0432\u0440\u0435\u043c\u0435\u043d\u043d\u044b\u043c\u0438 \u0444\u0430\u0439\u043b\u0430\u043c\u0438"""
        trades_file = os.path.join(temp_dir, "test_trades.csv")
        signals_file = os.path.join(temp_dir, "test_signals.csv")
    
>       return CSVHandler(
            trades_file=trades_file,
            signals_file=signals_file
        )
E       TypeError: CSVHandler() takes no arguments

tests\test_csv_handler.py:31: TypeError
_____ ERROR at setup of TestSignalLogging.test_log_signal_with_indicators _____

temp_dir = 'C:\\Users\\Sabir ÌAHBAZ\\AppData\\Local\\Temp\\tmp5pph26ne'

    @pytest.fixture
    def csv_handler(temp_dir):
        """\u0421\u043e\u0437\u0434\u0430\u0435\u0442 \u044d\u043a\u0437\u0435\u043c\u043f\u043b\u044f\u0440 CSVHandler \u0441 \u0432\u0440\u0435\u043c\u0435\u043d\u043d\u044b\u043c\u0438 \u0444\u0430\u0439\u043b\u0430\u043c\u0438"""
        trades_file = os.path.join(temp_dir, "test_trades.csv")
        signals_file = os.path.join(temp_dir, "test_signals.csv")
    
>       return CSVHandler(
            trades_file=trades_file,
            signals_file=signals_file
        )
E       TypeError: CSVHandler() takes no arguments

tests\test_csv_handler.py:31: TypeError
________ ERROR at setup of TestSignalLogging.test_signal_deduplication ________

temp_dir = 'C:\\Users\\Sabir ÌAHBAZ\\AppData\\Local\\Temp\\tmpabr4a_r7'

    @pytest.fixture
    def csv_handler(temp_dir):
        """\u0421\u043e\u0437\u0434\u0430\u0435\u0442 \u044d\u043a\u0437\u0435\u043c\u043f\u043b\u044f\u0440 CSVHandler \u0441 \u0432\u0440\u0435\u043c\u0435\u043d\u043d\u044b\u043c\u0438 \u0444\u0430\u0439\u043b\u0430\u043c\u0438"""
        trades_file = os.path.join(temp_dir, "test_trades.csv")
        signals_file = os.path.join(temp_dir, "test_signals.csv")
    
>       return CSVHandler(
            trades_file=trades_file,
            signals_file=signals_file
        )
E       TypeError: CSVHandler() takes no arguments

tests\test_csv_handler.py:31: TypeError
________ ERROR at setup of TestDataRetrieval.test_get_all_trades_empty ________

temp_dir = 'C:\\Users\\Sabir ÌAHBAZ\\AppData\\Local\\Temp\\tmpp7zkkmys'

    @pytest.fixture
    def csv_handler(temp_dir):
        """\u0421\u043e\u0437\u0434\u0430\u0435\u0442 \u044d\u043a\u0437\u0435\u043c\u043f\u043b\u044f\u0440 CSVHandler \u0441 \u0432\u0440\u0435\u043c\u0435\u043d\u043d\u044b\u043c\u0438 \u0444\u0430\u0439\u043b\u0430\u043c\u0438"""
        trades_file = os.path.join(temp_dir, "test_trades.csv")
        signals_file = os.path.join(temp_dir, "test_signals.csv")
    
>       return CSVHandler(
            trades_file=trades_file,
            signals_file=signals_file
        )
E       TypeError: CSVHandler() takes no arguments

tests\test_csv_handler.py:31: TypeError
_________ ERROR at setup of TestDataRetrieval.test_get_recent_trades __________

temp_dir = 'C:\\Users\\Sabir ÌAHBAZ\\AppData\\Local\\Temp\\tmpk0wck0m0'

    @pytest.fixture
    def csv_handler(temp_dir):
        """\u0421\u043e\u0437\u0434\u0430\u0435\u0442 \u044d\u043a\u0437\u0435\u043c\u043f\u043b\u044f\u0440 CSVHandler \u0441 \u0432\u0440\u0435\u043c\u0435\u043d\u043d\u044b\u043c\u0438 \u0444\u0430\u0439\u043b\u0430\u043c\u0438"""
        trades_file = os.path.join(temp_dir, "test_trades.csv")
        signals_file = os.path.join(temp_dir, "test_signals.csv")
    
>       return CSVHandler(
            trades_file=trades_file,
            signals_file=signals_file
        )
E       TypeError: CSVHandler() takes no arguments

tests\test_csv_handler.py:31: TypeError
______ ERROR at setup of TestDataRetrieval.test_get_trades_by_date_range ______

temp_dir = 'C:\\Users\\Sabir ÌAHBAZ\\AppData\\Local\\Temp\\tmpjm2o3xyz'

    @pytest.fixture
    def csv_handler(temp_dir):
        """\u0421\u043e\u0437\u0434\u0430\u0435\u0442 \u044d\u043a\u0437\u0435\u043c\u043f\u043b\u044f\u0440 CSVHandler \u0441 \u0432\u0440\u0435\u043c\u0435\u043d\u043d\u044b\u043c\u0438 \u0444\u0430\u0439\u043b\u0430\u043c\u0438"""
        trades_file = os.path.join(temp_dir, "test_trades.csv")
        signals_file = os.path.join(temp_dir, "test_signals.csv")
    
>       return CSVHandler(
            trades_file=trades_file,
            signals_file=signals_file
        )
E       TypeError: CSVHandler() takes no arguments

tests\test_csv_handler.py:31: TypeError
________ ERROR at setup of TestDataRetrieval.test_get_trades_by_symbol ________

temp_dir = 'C:\\Users\\Sabir ÌAHBAZ\\AppData\\Local\\Temp\\tmp6i_t68mi'

    @pytest.fixture
    def csv_handler(temp_dir):
        """\u0421\u043e\u0437\u0434\u0430\u0435\u0442 \u044d\u043a\u0437\u0435\u043c\u043f\u043b\u044f\u0440 CSVHandler \u0441 \u0432\u0440\u0435\u043c\u0435\u043d\u043d\u044b\u043c\u0438 \u0444\u0430\u0439\u043b\u0430\u043c\u0438"""
        trades_file = os.path.join(temp_dir, "test_trades.csv")
        signals_file = os.path.join(temp_dir, "test_signals.csv")
    
>       return CSVHandler(
            trades_file=trades_file,
            signals_file=signals_file
        )
E       TypeError: CSVHandler() takes no arguments

tests\test_csv_handler.py:31: TypeError
_________ ERROR at setup of TestStatistics.test_get_trade_stats_basic _________

temp_dir = 'C:\\Users\\Sabir ÌAHBAZ\\AppData\\Local\\Temp\\tmp4at_d7tj'

    @pytest.fixture
    def csv_handler(temp_dir):
        """\u0421\u043e\u0437\u0434\u0430\u0435\u0442 \u044d\u043a\u0437\u0435\u043c\u043f\u043b\u044f\u0440 CSVHandler \u0441 \u0432\u0440\u0435\u043c\u0435\u043d\u043d\u044b\u043c\u0438 \u0444\u0430\u0439\u043b\u0430\u043c\u0438"""
        trades_file = os.path.join(temp_dir, "test_trades.csv")
        signals_file = os.path.join(temp_dir, "test_signals.csv")
    
>       return CSVHandler(
            trades_file=trades_file,
            signals_file=signals_file
        )
E       TypeError: CSVHandler() takes no arguments

tests\test_csv_handler.py:31: TypeError
_________ ERROR at setup of TestStatistics.test_get_trade_stats_empty _________

temp_dir = 'C:\\Users\\Sabir ÌAHBAZ\\AppData\\Local\\Temp\\tmpfo3zcnn_'

    @pytest.fixture
    def csv_handler(temp_dir):
        """\u0421\u043e\u0437\u0434\u0430\u0435\u0442 \u044d\u043a\u0437\u0435\u043c\u043f\u043b\u044f\u0440 CSVHandler \u0441 \u0432\u0440\u0435\u043c\u0435\u043d\u043d\u044b\u043c\u0438 \u0444\u0430\u0439\u043b\u0430\u043c\u0438"""
        trades_file = os.path.join(temp_dir, "test_trades.csv")
        signals_file = os.path.join(temp_dir, "test_signals.csv")
    
>       return CSVHandler(
            trades_file=trades_file,
            signals_file=signals_file
        )
E       TypeError: CSVHandler() takes no arguments

tests\test_csv_handler.py:31: TypeError
________ ERROR at setup of TestStatistics.test_calculate_sharpe_ratio _________

temp_dir = 'C:\\Users\\Sabir ÌAHBAZ\\AppData\\Local\\Temp\\tmplp6ujpj0'

    @pytest.fixture
    def csv_handler(temp_dir):
        """\u0421\u043e\u0437\u0434\u0430\u0435\u0442 \u044d\u043a\u0437\u0435\u043c\u043f\u043b\u044f\u0440 CSVHandler \u0441 \u0432\u0440\u0435\u043c\u0435\u043d\u043d\u044b\u043c\u0438 \u0444\u0430\u0439\u043b\u0430\u043c\u0438"""
        trades_file = os.path.join(temp_dir, "test_trades.csv")
        signals_file = os.path.join(temp_dir, "test_signals.csv")
    
>       return CSVHandler(
            trades_file=trades_file,
            signals_file=signals_file
        )
E       TypeError: CSVHandler() takes no arguments

tests\test_csv_handler.py:31: TypeError
________ ERROR at setup of TestStatistics.test_calculate_max_drawdown _________

temp_dir = 'C:\\Users\\Sabir ÌAHBAZ\\AppData\\Local\\Temp\\tmpben8b3bg'

    @pytest.fixture
    def csv_handler(temp_dir):
        """\u0421\u043e\u0437\u0434\u0430\u0435\u0442 \u044d\u043a\u0437\u0435\u043c\u043f\u043b\u044f\u0440 CSVHandler \u0441 \u0432\u0440\u0435\u043c\u0435\u043d\u043d\u044b\u043c\u0438 \u0444\u0430\u0439\u043b\u0430\u043c\u0438"""
        trades_file = os.path.join(temp_dir, "test_trades.csv")
        signals_file = os.path.join(temp_dir, "test_signals.csv")
    
>       return CSVHandler(
            trades_file=trades_file,
            signals_file=signals_file
        )
E       TypeError: CSVHandler() takes no arguments

tests\test_csv_handler.py:31: TypeError
________ ERROR at setup of TestStatistics.test_get_performance_metrics ________

temp_dir = 'C:\\Users\\Sabir ÌAHBAZ\\AppData\\Local\\Temp\\tmp2k3heog2'

    @pytest.fixture
    def csv_handler(temp_dir):
        """\u0421\u043e\u0437\u0434\u0430\u0435\u0442 \u044d\u043a\u0437\u0435\u043c\u043f\u043b\u044f\u0440 CSVHandler \u0441 \u0432\u0440\u0435\u043c\u0435\u043d\u043d\u044b\u043c\u0438 \u0444\u0430\u0439\u043b\u0430\u043c\u0438"""
        trades_file = os.path.join(temp_dir, "test_trades.csv")
        signals_file = os.path.join(temp_dir, "test_signals.csv")
    
>       return CSVHandler(
            trades_file=trades_file,
            signals_file=signals_file
        )
E       TypeError: CSVHandler() takes no arguments

tests\test_csv_handler.py:31: TypeError
____________ ERROR at setup of TestDataExport.test_export_to_excel ____________

temp_dir = 'C:\\Users\\Sabir ÌAHBAZ\\AppData\\Local\\Temp\\tmpionxzhv3'

    @pytest.fixture
    def csv_handler(temp_dir):
        """\u0421\u043e\u0437\u0434\u0430\u0435\u0442 \u044d\u043a\u0437\u0435\u043c\u043f\u043b\u044f\u0440 CSVHandler \u0441 \u0432\u0440\u0435\u043c\u0435\u043d\u043d\u044b\u043c\u0438 \u0444\u0430\u0439\u043b\u0430\u043c\u0438"""
        trades_file = os.path.join(temp_dir, "test_trades.csv")
        signals_file = os.path.join(temp_dir, "test_signals.csv")
    
>       return CSVHandler(
            trades_file=trades_file,
            signals_file=signals_file
        )
E       TypeError: CSVHandler() takes no arguments

tests\test_csv_handler.py:31: TypeError
_________ ERROR at setup of TestDataExport.test_export_summary_report _________

temp_dir = 'C:\\Users\\Sabir ÌAHBAZ\\AppData\\Local\\Temp\\tmpewrykbsb'

    @pytest.fixture
    def csv_handler(temp_dir):
        """\u0421\u043e\u0437\u0434\u0430\u0435\u0442 \u044d\u043a\u0437\u0435\u043c\u043f\u043b\u044f\u0440 CSVHandler \u0441 \u0432\u0440\u0435\u043c\u0435\u043d\u043d\u044b\u043c\u0438 \u0444\u0430\u0439\u043b\u0430\u043c\u0438"""
        trades_file = os.path.join(temp_dir, "test_trades.csv")
        signals_file = os.path.join(temp_dir, "test_signals.csv")
    
>       return CSVHandler(
            trades_file=trades_file,
            signals_file=signals_file
        )
E       TypeError: CSVHandler() takes no arguments

tests\test_csv_handler.py:31: TypeError
______________ ERROR at setup of TestDataExport.test_backup_data ______________

temp_dir = 'C:\\Users\\Sabir ÌAHBAZ\\AppData\\Local\\Temp\\tmpc4qnvtnr'

    @pytest.fixture
    def csv_handler(temp_dir):
        """\u0421\u043e\u0437\u0434\u0430\u0435\u0442 \u044d\u043a\u0437\u0435\u043c\u043f\u043b\u044f\u0440 CSVHandler \u0441 \u0432\u0440\u0435\u043c\u0435\u043d\u043d\u044b\u043c\u0438 \u0444\u0430\u0439\u043b\u0430\u043c\u0438"""
        trades_file = os.path.join(temp_dir, "test_trades.csv")
        signals_file = os.path.join(temp_dir, "test_signals.csv")
    
>       return CSVHandler(
            trades_file=trades_file,
            signals_file=signals_file
        )
E       TypeError: CSVHandler() takes no arguments

tests\test_csv_handler.py:31: TypeError
________ ERROR at setup of TestDataValidation.test_validate_trade_data ________

temp_dir = 'C:\\Users\\Sabir ÌAHBAZ\\AppData\\Local\\Temp\\tmp8wc_j139'

    @pytest.fixture
    def csv_handler(temp_dir):
        """\u0421\u043e\u0437\u0434\u0430\u0435\u0442 \u044d\u043a\u0437\u0435\u043c\u043f\u043b\u044f\u0440 CSVHandler \u0441 \u0432\u0440\u0435\u043c\u0435\u043d\u043d\u044b\u043c\u0438 \u0444\u0430\u0439\u043b\u0430\u043c\u0438"""
        trades_file = os.path.join(temp_dir, "test_trades.csv")
        signals_file = os.path.join(temp_dir, "test_signals.csv")
    
>       return CSVHandler(
            trades_file=trades_file,
            signals_file=signals_file
        )
E       TypeError: CSVHandler() takes no arguments

tests\test_csv_handler.py:31: TypeError
_______ ERROR at setup of TestDataValidation.test_clean_corrupted_data ________

temp_dir = 'C:\\Users\\Sabir ÌAHBAZ\\AppData\\Local\\Temp\\tmp_0rl1nrd'

    @pytest.fixture
    def csv_handler(temp_dir):
        """\u0421\u043e\u0437\u0434\u0430\u0435\u0442 \u044d\u043a\u0437\u0435\u043c\u043f\u043b\u044f\u0440 CSVHandler \u0441 \u0432\u0440\u0435\u043c\u0435\u043d\u043d\u044b\u043c\u0438 \u0444\u0430\u0439\u043b\u0430\u043c\u0438"""
        trades_file = os.path.join(temp_dir, "test_trades.csv")
        signals_file = os.path.join(temp_dir, "test_signals.csv")
    
>       return CSVHandler(
            trades_file=trades_file,
            signals_file=signals_file
        )
E       TypeError: CSVHandler() takes no arguments

tests\test_csv_handler.py:31: TypeError
__________ ERROR at setup of TestConcurrency.test_concurrent_writes ___________

temp_dir = 'C:\\Users\\Sabir ÌAHBAZ\\AppData\\Local\\Temp\\tmp2eo8q4b0'

    @pytest.fixture
    def csv_handler(temp_dir):
        """\u0421\u043e\u0437\u0434\u0430\u0435\u0442 \u044d\u043a\u0437\u0435\u043c\u043f\u043b\u044f\u0440 CSVHandler \u0441 \u0432\u0440\u0435\u043c\u0435\u043d\u043d\u044b\u043c\u0438 \u0444\u0430\u0439\u043b\u0430\u043c\u0438"""
        trades_file = os.path.join(temp_dir, "test_trades.csv")
        signals_file = os.path.join(temp_dir, "test_signals.csv")
    
>       return CSVHandler(
            trades_file=trades_file,
            signals_file=signals_file
        )
E       TypeError: CSVHandler() takes no arguments

tests\test_csv_handler.py:31: TypeError
_____________ ERROR at setup of TestConcurrency.test_file_locking _____________

temp_dir = 'C:\\Users\\Sabir ÌAHBAZ\\AppData\\Local\\Temp\\tmpl91ylg_s'

    @pytest.fixture
    def csv_handler(temp_dir):
        """\u0421\u043e\u0437\u0434\u0430\u0435\u0442 \u044d\u043a\u0437\u0435\u043c\u043f\u043b\u044f\u0440 CSVHandler \u0441 \u0432\u0440\u0435\u043c\u0435\u043d\u043d\u044b\u043c\u0438 \u0444\u0430\u0439\u043b\u0430\u043c\u0438"""
        trades_file = os.path.join(temp_dir, "test_trades.csv")
        signals_file = os.path.join(temp_dir, "test_signals.csv")
    
>       return CSVHandler(
            trades_file=trades_file,
            signals_file=signals_file
        )
E       TypeError: CSVHandler() takes no arguments

tests\test_csv_handler.py:31: TypeError
__________ ERROR at setup of TestErrorHandling.test_handle_disk_full __________

temp_dir = 'C:\\Users\\Sabir ÌAHBAZ\\AppData\\Local\\Temp\\tmp1b_q0t0q'

    @pytest.fixture
    def csv_handler(temp_dir):
        """\u0421\u043e\u0437\u0434\u0430\u0435\u0442 \u044d\u043a\u0437\u0435\u043c\u043f\u043b\u044f\u0440 CSVHandler \u0441 \u0432\u0440\u0435\u043c\u0435\u043d\u043d\u044b\u043c\u0438 \u0444\u0430\u0439\u043b\u0430\u043c\u0438"""
        trades_file = os.path.join(temp_dir, "test_trades.csv")
        signals_file = os.path.join(temp_dir, "test_signals.csv")
    
>       return CSVHandler(
            trades_file=trades_file,
            signals_file=signals_file
        )
E       TypeError: CSVHandler() takes no arguments

tests\test_csv_handler.py:31: TypeError
__________ ERROR at setup of TestIntegration.test_full_trading_cycle __________

temp_dir = 'C:\\Users\\Sabir ÌAHBAZ\\AppData\\Local\\Temp\\tmpjgnmmuex'

    @pytest.fixture
    def csv_handler(temp_dir):
        """\u0421\u043e\u0437\u0434\u0430\u0435\u0442 \u044d\u043a\u0437\u0435\u043c\u043f\u043b\u044f\u0440 CSVHandler \u0441 \u0432\u0440\u0435\u043c\u0435\u043d\u043d\u044b\u043c\u0438 \u0444\u0430\u0439\u043b\u0430\u043c\u0438"""
        trades_file = os.path.join(temp_dir, "test_trades.csv")
        signals_file = os.path.join(temp_dir, "test_signals.csv")
    
>       return CSVHandler(
            trades_file=trades_file,
            signals_file=signals_file
        )
E       TypeError: CSVHandler() takes no arguments

tests\test_csv_handler.py:31: TypeError
________ ERROR at setup of TestIntegration.test_performance_over_time _________

temp_dir = 'C:\\Users\\Sabir ÌAHBAZ\\AppData\\Local\\Temp\\tmp1u0ynyp6'

    @pytest.fixture
    def csv_handler(temp_dir):
        """\u0421\u043e\u0437\u0434\u0430\u0435\u0442 \u044d\u043a\u0437\u0435\u043c\u043f\u043b\u044f\u0440 CSVHandler \u0441 \u0432\u0440\u0435\u043c\u0435\u043d\u043d\u044b\u043c\u0438 \u0444\u0430\u0439\u043b\u0430\u043c\u0438"""
        trades_file = os.path.join(temp_dir, "test_trades.csv")
        signals_file = os.path.join(temp_dir, "test_signals.csv")
    
>       return CSVHandler(
            trades_file=trades_file,
            signals_file=signals_file
        )
E       TypeError: CSVHandler() takes no arguments

tests\test_csv_handler.py:31: TypeError
________ ERROR at setup of TestUnifiedRiskManager.test_initialization _________

self = <test_risk_manager.TestUnifiedRiskManager object at 0x000001D9820F0050>
mock_exchange = <Mock id='2033703492912'>
mock_state = <Mock id='2033703494592'>

    @pytest.fixture
    def risk_manager(self, mock_exchange, mock_state):
        """\u0421\u043e\u0437\u0434\u0430\u0435\u0442 \u044d\u043a\u0437\u0435\u043c\u043f\u043b\u044f\u0440 UnifiedRiskManager"""
        # \u0418\u043c\u043f\u043e\u0440\u0442\u0438\u0440\u0443\u0435\u043c \u0437\u0434\u0435\u0441\u044c, \u0447\u0442\u043e\u0431\u044b \u0438\u0437\u0431\u0435\u0436\u0430\u0442\u044c \u043e\u0448\u0438\u0431\u043e\u043a \u043f\u0440\u0438 \u0441\u0431\u043e\u0440\u0435 \u0442\u0435\u0441\u0442\u043e\u0432
>       from trading.risk_manager import UnifiedRiskManager

tests\test_risk_manager.py:43: 
_ _ _ _ _ _ _ _ _ _ _ _ _ _ _ _ _ _ _ _ _ _ _ _ _ _ _ _ _ _ _ _ _ _ _ _ _ _ _ _
trading\risk_manager.py:26: in <module>
    class UnifiedRiskManager:
_ _ _ _ _ _ _ _ _ _ _ _ _ _ _ _ _ _ _ _ _ _ _ _ _ _ _ _ _ _ _ _ _ _ _ _ _ _ _ _

    class UnifiedRiskManager:
        """
        \u2705 \u041f\u041e\u041b\u041d\u041e\u0421\u0422\u042c\u042e \u041f\u0415\u0420\u0415\u041f\u0418\u0421\u0410\u041d\u041d\u042b\u0419: Unified Risk Manager \u0441 \u0438\u043d\u0442\u0435\u0433\u0440\u0430\u0446\u0438\u0435\u0439 ATR \u0441\u0438\u0441\u0442\u0435\u043c\u044b
    
        \u041e\u0441\u043e\u0431\u0435\u043d\u043d\u043e\u0441\u0442\u0438:
        - \u0418\u0441\u043f\u043e\u043b\u044c\u0437\u0443\u0435\u0442 \u0422\u041e\u041b\u042c\u041a\u041e unified ATR \u0444\u0443\u043d\u043a\u0446\u0438\u0438
        - \u041f\u043e\u0434\u0434\u0435\u0440\u0436\u043a\u0430 config/settings.py \u043f\u0430\u0440\u0430\u043c\u0435\u0442\u0440\u043e\u0432
        - \u0421\u0440\u0430\u0432\u043d\u0435\u043d\u0438\u0435 old vs new ATR \u0434\u043b\u044f \u043e\u0442\u043b\u0430\u0434\u043a\u0438
        - \u0410\u0434\u0430\u043f\u0442\u0438\u0432\u043d\u044b\u0435 \u0441\u0442\u043e\u043f-\u043b\u043e\u0441\u0441\u044b \u0441 \u0440\u044b\u043d\u043e\u0447\u043d\u044b\u043c\u0438 \u043c\u043e\u0434\u0438\u0444\u0438\u043a\u0430\u0442\u043e\u0440\u0430\u043c\u0438
        - \u0426\u0435\u043d\u0442\u0440\u0430\u043b\u0438\u0437\u043e\u0432\u0430\u043d\u043d\u043e\u0435 \u043b\u043e\u0433\u0438\u0440\u043e\u0432\u0430\u043d\u0438\u0435 \u0441 unified \u0441\u0442\u0438\u043b\u0435\u043c
        """
    
        def __init__(self):
            # \u2705 \u041f\u041e\u041b\u0423\u0427\u0410\u0415\u041c \u041a\u041e\u041d\u0424\u0418\u0413\u0423\u0420\u0410\u0426\u0418\u042e \u0418\u0417 SETTINGS
            try:
                from config.settings import TradingConfig
                self.config = TradingConfig()
    
                # ATR \u043a\u043e\u043d\u0444\u0438\u0433\u0443\u0440\u0430\u0446\u0438\u044f
                atr_config = self.config.get_atr_config()
                self.atr_period = atr_config["period"]
                self.atr_method = atr_config["risk_method"]
                self.atr_compare_enabled = atr_config["compare_enabled"]
    
                # \u0420\u0438\u0441\u043a \u043a\u043e\u043d\u0444\u0438\u0433\u0443\u0440\u0430\u0446\u0438\u044f
                risk_config = self.config.get_risk_config()
                self.min_stop_pct = risk_config["min_stop_pct"]
                self.max_stop_pct = risk_config["max_stop_pct"]
                self.volatility_lookback = risk_config["volatility_lookback"]
                self.volume_lookback = risk_config["volume_lookback"]
                self.market_modifiers = risk_config["market_modifiers"]
    
                logging.info(f"\U0001f6e1\ufe0f UnifiedRiskManager: ATR period={self.atr_period}, method={self.atr_method}")
    
            except Exception as e:
                logging.error(f"Failed to load config, using defaults: {e}")
                # Fallback \u043a \u0434\u0435\u0444\u043e\u043b\u0442\u043d\u044b\u043c \u0437\u043d\u0430\u0447\u0435\u043d\u0438\u044f\u043c
                self._load_defaults()
    
            # \u041c\u0443\u043b\u044c\u0442\u0438\u043f\u043b\u0438\u043a\u0430\u0442\u043e\u0440\u044b \u0440\u0438\u0441\u043a\u0430 \u043f\u043e \u0440\u044b\u043d\u043e\u0447\u043d\u044b\u043c \u0443\u0441\u043b\u043e\u0432\u0438\u044f\u043c
            self.risk_multipliers = {
                "STRONG_BULL": {"stop": 0.8, "volatility": 0.9},
                "WEAK_BULL": {"stop": 1.0, "volatility": 1.0},
                "SIDEWAYS": {"stop": 1.3, "volatility": 1.2},
                "WEAK_BEAR": {"stop": 1.1, "volatility": 1.1},
                "STRONG_BEAR": {"stop": 0.9, "volatility": 1.0}
            }
    
            # \u0413\u0440\u0430\u043d\u0438\u0446\u044b \u0440\u0438\u0441\u043a\u0430 \u0434\u043b\u044f \u043a\u043b\u0430\u0441\u0441\u0438\u0444\u0438\u043a\u0430\u0446\u0438\u0438
            self.risk_thresholds = {
                RiskLevel.LOW: {"vol": 0.02, "atr": 0.015},
                RiskLevel.MEDIUM: {"vol": 0.04, "atr": 0.03},
                RiskLevel.HIGH: {"vol": 0.06, "atr": 0.045},
                RiskLevel.EXTREME: {"vol": float("inf"), "atr": float("inf")}
            }
    
            # \u0421\u0442\u0430\u0442\u0438\u0441\u0442\u0438\u043a\u0430 \u0434\u043b\u044f \u043e\u0442\u043b\u0430\u0434\u043a\u0438
            self._stats = {
                "total_calculations": 0,
                "unified_atr_calls": 0,
                "fallback_calls": 0,
                "comparison_warnings": 0
            }
    
        def _load_defaults(self):
            """\u0417\u0430\u0433\u0440\u0443\u0437\u043a\u0430 \u0434\u0435\u0444\u043e\u043b\u0442\u043d\u044b\u0445 \u0437\u043d\u0430\u0447\u0435\u043d\u0438\u0439 \u043f\u0440\u0438 \u043e\u0448\u0438\u0431\u043a\u0435 \u043a\u043e\u043d\u0444\u0438\u0433\u0443\u0440\u0430\u0446\u0438\u0438"""
            self.atr_period = int(os.getenv("ATR_PERIOD", 14))
            self.atr_method = os.getenv("RISK_ATR_METHOD", "ewm").lower()
            self.atr_compare_enabled = os.getenv("RISK_ATR_COMPARE", "1") == "1"
            self.min_stop_pct = float(os.getenv("MIN_STOP_PCT", 0.005))
            self.max_stop_pct = float(os.getenv("MAX_STOP_PCT", 0.05))
            self.volatility_lookback = int(os.getenv("VOLATILITY_LOOKBACK", 20))
            self.volume_lookback = int(os.getenv("VOLUME_LOOKBACK", 20))
            self.market_modifiers = {
                "bull": float(os.getenv("BULL_MARKET_MODIFIER", -0.20)),
                "bear": float(os.getenv("BEAR_MARKET_MODIFIER", 0.40)),
                "overheated": float(os.getenv("OVERHEATED_MODIFIER", 0.30))
            }
    
        # =========================================================================
        # \u2705 UNIFIED ATR INTEGRATION
        # =========================================================================
    
        def get_unified_atr(self, df: pd.DataFrame, period: Optional[int] = None) -> float:
            """
            \u2705 \u0413\u041b\u0410\u0412\u041d\u0410\u042f \u0424\u0423\u041d\u041a\u0426\u0418\u042f: \u041f\u043e\u043b\u0443\u0447\u0435\u043d\u0438\u0435 ATR \u0447\u0435\u0440\u0435\u0437 unified \u0441\u0438\u0441\u0442\u0435\u043c\u0443
    
            Args:
                df: DataFrame \u0441 OHLCV \u0434\u0430\u043d\u043d\u044b\u043c\u0438
                period: \u041f\u0435\u0440\u0438\u043e\u0434 ATR (\u0435\u0441\u043b\u0438 None - \u0438\u0441\u043f\u043e\u043b\u044c\u0437\u0443\u0435\u0442 self.atr_period)
    
            Returns:
                float: ATR \u0437\u043d\u0430\u0447\u0435\u043d\u0438\u0435
            """
            try:
                from analysis.technical_indicators import _atr_for_risk_manager
    
                # \u0418\u0441\u043f\u043e\u043b\u044c\u0437\u0443\u0435\u043c \u043f\u0435\u0440\u0438\u043e\u0434 \u0438\u0437 \u043a\u043e\u043d\u0444\u0438\u0433\u0443\u0440\u0430\u0446\u0438\u0438 \u0435\u0441\u043b\u0438 \u043d\u0435 \u0437\u0430\u0434\u0430\u043d
                atr_period = period if period is not None else self.atr_period
    
                # \u2705 UNIFIED ATR CALL
                unified_atr = _atr_for_risk_manager(df, atr_period)
                self._stats["unified_atr_calls"] += 1
    
                # \u2705 \u041e\u041f\u0426\u0418\u041e\u041d\u0410\u041b\u042c\u041d\u041e\u0415 \u0421\u0420\u0410\u0412\u041d\u0415\u041d\u0418\u0415 \u0421 LEGACY (\u0434\u043b\u044f \u043e\u0442\u043b\u0430\u0434\u043a\u0438)
                if self.atr_compare_enabled:
                    self._compare_with_legacy_atr(df, unified_atr, atr_period)
    
                logging.debug(f"\U0001f6e1\ufe0f Risk Manager ATR (UNIFIED): {unified_atr:.6f} | period={atr_period} | method={self.atr_method}")
                return unified_atr
    
            except Exception as e:
                logging.error(f"\U0001f6e1\ufe0f Unified ATR failed in risk manager: {e}")
                self._stats["fallback_calls"] += 1
                return self._fallback_atr(df, period or self.atr_period)
    
        def _compare_with_legacy_atr(self, df: pd.DataFrame, unified_atr: float, period: int):
            """\u0421\u0440\u0430\u0432\u043d\u0435\u043d\u0438\u0435 unified ATR \u0441 legacy \u043c\u0435\u0442\u043e\u0434\u043e\u043c \u0434\u043b\u044f \u043e\u0442\u043b\u0430\u0434\u043a\u0438"""
            try:
                # Legacy ATR \u0440\u0430\u0441\u0447\u0435\u0442
                if df is None or df.empty or len(df) < period:
                    return
    
                high = df["high"].astype("float64")
                low = df["low"].astype("float64")
                close = df["close"].astype("float64")
    
                prev_close = close.shift(1)
                tr1 = (high - low).abs()
                tr2 = (high - prev_close).abs()
                tr3 = (low - prev_close).abs()
                tr = pd.concat([tr1, tr2, tr3], axis=1).max(axis=1)
    
                if self.atr_method == "sma":
                    legacy_atr = tr.rolling(window=period, min_periods=1).mean().iloc[-1]
                else:
                    legacy_atr = tr.ewm(alpha=1/period, adjust=False, min_periods=1).mean().iloc[-1]
    
                # \u0421\u0440\u0430\u0432\u043d\u0435\u043d\u0438\u0435
                difference = abs(unified_atr - legacy_atr)
                difference_pct = (difference / max(unified_atr, legacy_atr)) * 100
    
                if difference_pct > 1.0:  # \u0411\u043e\u043b\u044c\u0448\u0435 1% \u0440\u0430\u0441\u0445\u043e\u0436\u0434\u0435\u043d\u0438\u044f
                    self._stats["comparison_warnings"] += 1
                    logging.warning(f"\U0001f6e1\ufe0f ATR COMPARISON: unified={unified_atr:.6f}, legacy={legacy_atr:.6f}, diff={difference_pct:.2f}%")
                else:
                    logging.debug(f"\U0001f6e1\ufe0f ATR COMPARISON OK: diff={difference_pct:.2f}%")
    
            except Exception as e:
                logging.debug(f"ATR comparison failed: {e}")
    
        def _fallback_atr(self, df: pd.DataFrame, period: int) -> float:
            """\u041a\u0440\u0438\u0442\u0438\u0447\u0435\u0441\u043a\u0438\u0439 fallback \u0434\u043b\u044f ATR \u0440\u0430\u0441\u0447\u0435\u0442\u0430"""
            try:
                if df is None or df.empty:
                    return 100.0  # \u042d\u043a\u0441\u0442\u0440\u0435\u043c\u0430\u043b\u044c\u043d\u044b\u0439 fallback
    
                # \u041f\u0440\u043e\u0441\u0442\u0435\u0439\u0448\u0438\u0439 ATR \u0440\u0430\u0441\u0447\u0435\u0442
                price_range = (df["high"] - df["low"]).mean()
                return float(price_range) if pd.notna(price_range) and price_range > 0 else 100.0
    
            except Exception:
                return 100.0
    
        # =========================================================================
        # RISK METRICS CALCULATION
        # =========================================================================
    
        def calculate_risk_metrics(self, df: pd.DataFrame, market_condition: str = "SIDEWAYS") -> RiskMetrics:
            """\u2705 \u041e\u0411\u041d\u041e\u0412\u041b\u0415\u041d\u041e: \u0420\u0430\u0441\u0447\u0435\u0442 \u043c\u0435\u0442\u0440\u0438\u043a \u0440\u0438\u0441\u043a\u0430 \u0441 unified ATR"""
            if df is None or df.empty or len(df) < self.volatility_lookback:
                return self._default_risk_metrics()
    
            try:
                self._stats["total_calculations"] += 1
    
                # \u0412\u043e\u043b\u0430\u0442\u0438\u043b\u044c\u043d\u043e\u0441\u0442\u044c \u0434\u043e\u0445\u043e\u0434\u043d\u043e\u0441\u0442\u0435\u0439
                returns = df["close"].pct_change().dropna()
                if len(returns) >= self.volatility_lookback:
                    volatility = returns.rolling(self.volatility_lookback).std().iloc[-1]
                else:
                    volatility = returns.std()
                volatility = float(volatility) if pd.notna(volatility) else 0.03
    
                # \u2705 UNIFIED ATR
                atr = self.get_unified_atr(df)
                atr_normalized = atr / df["close"].iloc[-1] if df["close"].iloc[-1] > 0 else 0.02
    
                # \u041e\u0431\u044a\u0435\u043c\u043d\u044b\u0439 \u0430\u043d\u0430\u043b\u0438\u0437
                if "volume" in df.columns and len(df) >= self.volume_lookback:
                    volume_ma = df["volume"].rolling(self.volume_lookback).mean()
                    current_volume = df["volume"].iloc[-1]
                    volume_ratio = current_volume / volume_ma.iloc[-1] if volume_ma.iloc[-1] > 0 else 1.0
                else:
                    volume_ratio = 1.0
    
                # \u0421\u0438\u043b\u0430 \u0442\u0440\u0435\u043d\u0434\u0430
                ema_20 = df["close"].ewm(span=20).mean()
                trend_strength = self._calculate_trend_strength(ema_20)
    
                # \u041e\u043f\u0440\u0435\u0434\u0435\u043b\u0435\u043d\u0438\u0435 \u0443\u0440\u043e\u0432\u043d\u044f \u0440\u0438\u0441\u043a\u0430
                risk_level = self._determine_risk_level(volatility, atr_normalized)
    
                metrics = RiskMetrics(
                    volatility=float(volatility),
                    atr_normalized=float(atr_normalized),
                    volume_ratio=float(volume_ratio),
                    trend_strength=float(trend_strength),
                    market_condition=market_condition,
                    risk_level=risk_level
                )
    
                logging.debug(f"\U0001f6e1\ufe0f Risk metrics: vol={volatility:.4f}, atr_norm={atr_normalized:.4f}, level={risk_level.value}")
                return metrics
    
            except Exception as e:
                logging.error(f"\U0001f6e1\ufe0f Risk metrics calculation failed: {e}")
                return self._default_risk_metrics()
    
        def calculate_dynamic_stop_loss(self, entry_price: float, df: pd.DataFrame,
                                      market_condition: str = "SIDEWAYS") -> Tuple[float, Dict[str, Any]]:
            """\u2705 \u041e\u0411\u041d\u041e\u0412\u041b\u0415\u041d\u041e: \u0414\u0438\u043d\u0430\u043c\u0438\u0447\u0435\u0441\u043a\u0438\u0439 \u0441\u0442\u043e\u043f-\u043b\u043e\u0441\u0441 \u0441 unified ATR"""
            try:
                risk_metrics = self.calculate_risk_metrics(df, market_condition)
    
                # \u2705 UNIFIED ATR \u0434\u043b\u044f \u0441\u0442\u043e\u043f-\u043b\u043e\u0441\u0441\u0430
                atr = self.get_unified_atr(df)
    
                # \u0411\u0430\u0437\u043e\u0432\u044b\u0439 ATR \u0441\u0442\u043e\u043f (1.5x ATR \u043d\u0438\u0436\u0435 \u0432\u0445\u043e\u0434\u0430)
                base_atr_stop = entry_price - (atr * 1.5)
    
                # \u041c\u0443\u043b\u044c\u0442\u0438\u043f\u043b\u0438\u043a\u0430\u0442\u043e\u0440\u044b \u043d\u0430 \u043e\u0441\u043d\u043e\u0432\u0435 \u0440\u044b\u043d\u043e\u0447\u043d\u044b\u0445 \u0443\u0441\u043b\u043e\u0432\u0438\u0439
                volatility_multiplier = 1 + (risk_metrics.volatility * 5)
                market_multiplier = self.risk_multipliers.get(market_condition, {"stop": 1.0})["stop"]
                volume_multiplier = 1 / (1 + max(0, risk_metrics.volume_ratio - 1) * 0.3)
    
                # \u041a\u043e\u043c\u0431\u0438\u043d\u0438\u0440\u043e\u0432\u0430\u043d\u043d\u044b\u0439 \u043c\u0443\u043b\u044c\u0442\u0438\u043f\u043b\u0438\u043a\u0430\u0442\u043e\u0440
                combined_multiplier = volatility_multiplier * market_multiplier * volume_multiplier
    
                # \u0414\u0438\u043d\u0430\u043c\u0438\u0447\u0435\u0441\u043a\u0438\u0439 \u0441\u0442\u043e\u043f
                dynamic_stop = entry_price - (atr * 1.5 * combined_multiplier)
    
                # \u041f\u0440\u0438\u043c\u0435\u043d\u0435\u043d\u0438\u0435 \u0433\u0440\u0430\u043d\u0438\u0446
                min_stop = entry_price * (1 - self.min_stop_pct)
                max_stop = entry_price * (1 - self.max_stop_pct)
                final_stop = max(min_stop, min(dynamic_stop, max_stop))
    
                # \u0414\u0435\u0442\u0430\u043b\u0438 \u0434\u043b\u044f \u043b\u043e\u0433\u0438\u0440\u043e\u0432\u0430\u043d\u0438\u044f
                details = {
                    "entry_price": entry_price,
                    "base_atr_stop": base_atr_stop,
                    "atr_value": atr,
                    "atr_method": self.atr_method,
                    "volatility": risk_metrics.volatility,
                    "volatility_multiplier": volatility_multiplier,
                    "market_condition": market_condition,
                    "market_multiplier": market_multiplier,
                    "volume_multiplier": volume_multiplier,
                    "combined_multiplier": combined_multiplier,
                    "dynamic_stop": dynamic_stop,
                    "risk_level": risk_metrics.risk_level.value,
                    "final_stop_pct": round((entry_price - final_stop) / entry_price * 100, 2),
                    "min_stop_boundary": min_stop,
                    "max_stop_boundary": max_stop
                }
    
                logging.info(f"\U0001f6e1\ufe0f Dynamic SL: {final_stop:.6f} ({details['final_stop_pct']:.2f}%) | "
                            f"Risk: {risk_metrics.risk_level.value} | Market: {market_condition}")
    
                return final_stop, details
    
            except Exception as e:
                logging.error(f"\U0001f6e1\ufe0f Dynamic stop loss calculation failed: {e}")
                # Fallback \u043a \u043f\u0440\u043e\u0441\u0442\u043e\u043c\u0443 \u043f\u0440\u043e\u0446\u0435\u043d\u0442\u043d\u043e\u043c\u0443 \u0441\u0442\u043e\u043f\u0443
                fallback_stop = entry_price * (1 - 0.02)  # 2%
                return fallback_stop, {
                    "error": str(e),
                    "fallback_stop": fallback_stop,
                    "fallback_pct": 2.0
                }
    
        # =========================================================================
        # UTILITY METHODS
        # =========================================================================
    
        def _calculate_trend_strength(self, ema_series: pd.Series) -> float:
            """\u0420\u0430\u0441\u0447\u0435\u0442 \u0441\u0438\u043b\u044b \u0442\u0440\u0435\u043d\u0434\u0430 \u0447\u0435\u0440\u0435\u0437 \u0440\u0435\u0433\u0440\u0435\u0441\u0441\u0438\u044e"""
            if len(ema_series) < 5:
                return 0.0
    
            try:
                x = np.arange(5)
                y = ema_series.iloc[-5:].values
                if len(y) < 5 or not np.all(np.isfinite(y)):
                    return 0.0
                slope = np.polyfit(x, y, 1)[0]
                return float(np.clip((slope / y[-1]) * 1000, -1, 1))
            except Exception:
                return 0.0
    
        def _determine_risk_level(self, volatility: float, atr_normalized: float) -> RiskLevel:
            """\u041e\u043f\u0440\u0435\u0434\u0435\u043b\u0435\u043d\u0438\u0435 \u0443\u0440\u043e\u0432\u043d\u044f \u0440\u0438\u0441\u043a\u0430 \u043f\u043e \u043c\u0435\u0442\u0440\u0438\u043a\u0430\u043c"""
            for level, thresholds in self.risk_thresholds.items():
                if volatility <= thresholds["vol"] and atr_normalized <= thresholds["atr"]:
                    return level
            return RiskLevel.EXTREME
    
        def _default_risk_metrics(self) -> RiskMetrics:
            """\u0414\u0435\u0444\u043e\u043b\u0442\u043d\u044b\u0435 \u043c\u0435\u0442\u0440\u0438\u043a\u0438 \u043f\u0440\u0438 \u043e\u0448\u0438\u0431\u043a\u0430\u0445"""
            return RiskMetrics(
                volatility=0.03,
                atr_normalized=0.02,
                volume_ratio=1.0,
                trend_strength=0.0,
                market_condition="SIDEWAYS",
                risk_level=RiskLevel.MEDIUM
            )
    
        # =========================================================================
        # DIAGNOSTICS & MONITORING
        # =========================================================================
    
        def get_atr_diagnostics(self) -> Dict[str, Any]:
            """\u2705 \u041d\u041e\u0412\u041e\u0415: \u0414\u0438\u0430\u0433\u043d\u043e\u0441\u0442\u0438\u043a\u0430 unified ATR \u0441\u0438\u0441\u0442\u0435\u043c\u044b"""
            return {
                "config": {
                    "atr_period": self.atr_period,
                    "atr_method": self.atr_method,
                    "compare_enabled": self.atr_compare_enabled,
                    "min_stop_pct": self.min_stop_pct,
                    "max_stop_pct": self.max_stop_pct
                },
                "stats": dict(self._stats),
                "thresholds": {level.value: thresholds for level, thresholds in self.risk_thresholds.items()},
                "market_modifiers": self.risk_multipliers
            }
    
        def reset_stats(self):
            """\u0421\u0431\u0440\u043e\u0441 \u0441\u0442\u0430\u0442\u0438\u0441\u0442\u0438\u043a\u0438"""
            self._stats = {
                "total_calculations": 0,
                "unified_atr_calls": 0,
                "fallback_calls": 0,
                "comparison_warnings": 0
            }
            logging.info("\U0001f6e1\ufe0f Risk manager stats reset")
    
        def set_atr_method(self, method: str):
            """\u0418\u0437\u043c\u0435\u043d\u0435\u043d\u0438\u0435 \u043c\u0435\u0442\u043e\u0434\u0430 ATR \u0440\u0430\u0441\u0447\u0435\u0442\u0430"""
            if method.lower() in ["ewm", "sma"]:
                self.atr_method = method.lower()
                logging.info(f"\U0001f6e1\ufe0f ATR method changed to: {self.atr_method}")
            else:
                logging.error(f"\U0001f6e1\ufe0f Invalid ATR method: {method}")
    
        def enable_atr_comparison(self, enabled: bool):
            """\u0412\u043a\u043b\u044e\u0447\u0435\u043d\u0438\u0435/\u043e\u0442\u043a\u043b\u044e\u0447\u0435\u043d\u0438\u0435 \u0441\u0440\u0430\u0432\u043d\u0435\u043d\u0438\u044f ATR"""
            self.atr_compare_enabled = enabled
            logging.info(f"\U0001f6e1\ufe0f ATR comparison {'enabled' if enabled else 'disabled'}")
    
>       def validate_configuration(self) -> List[str]:
                                            ^^^^
E       NameError: name 'List' is not defined

trading\risk_manager.py:386: NameError
_ ERROR at setup of TestUnifiedRiskManager.test_calculate_position_size_basic _

self = <test_risk_manager.TestUnifiedRiskManager object at 0x000001D9820F0190>
mock_exchange = <Mock id='2033703496272'>
mock_state = <Mock id='2033703498288'>

    @pytest.fixture
    def risk_manager(self, mock_exchange, mock_state):
        """\u0421\u043e\u0437\u0434\u0430\u0435\u0442 \u044d\u043a\u0437\u0435\u043c\u043f\u043b\u044f\u0440 UnifiedRiskManager"""
        # \u0418\u043c\u043f\u043e\u0440\u0442\u0438\u0440\u0443\u0435\u043c \u0437\u0434\u0435\u0441\u044c, \u0447\u0442\u043e\u0431\u044b \u0438\u0437\u0431\u0435\u0436\u0430\u0442\u044c \u043e\u0448\u0438\u0431\u043e\u043a \u043f\u0440\u0438 \u0441\u0431\u043e\u0440\u0435 \u0442\u0435\u0441\u0442\u043e\u0432
>       from trading.risk_manager import UnifiedRiskManager

tests\test_risk_manager.py:43: 
_ _ _ _ _ _ _ _ _ _ _ _ _ _ _ _ _ _ _ _ _ _ _ _ _ _ _ _ _ _ _ _ _ _ _ _ _ _ _ _
trading\risk_manager.py:26: in <module>
    class UnifiedRiskManager:
_ _ _ _ _ _ _ _ _ _ _ _ _ _ _ _ _ _ _ _ _ _ _ _ _ _ _ _ _ _ _ _ _ _ _ _ _ _ _ _

    class UnifiedRiskManager:
        """
        \u2705 \u041f\u041e\u041b\u041d\u041e\u0421\u0422\u042c\u042e \u041f\u0415\u0420\u0415\u041f\u0418\u0421\u0410\u041d\u041d\u042b\u0419: Unified Risk Manager \u0441 \u0438\u043d\u0442\u0435\u0433\u0440\u0430\u0446\u0438\u0435\u0439 ATR \u0441\u0438\u0441\u0442\u0435\u043c\u044b
    
        \u041e\u0441\u043e\u0431\u0435\u043d\u043d\u043e\u0441\u0442\u0438:
        - \u0418\u0441\u043f\u043e\u043b\u044c\u0437\u0443\u0435\u0442 \u0422\u041e\u041b\u042c\u041a\u041e unified ATR \u0444\u0443\u043d\u043a\u0446\u0438\u0438
        - \u041f\u043e\u0434\u0434\u0435\u0440\u0436\u043a\u0430 config/settings.py \u043f\u0430\u0440\u0430\u043c\u0435\u0442\u0440\u043e\u0432
        - \u0421\u0440\u0430\u0432\u043d\u0435\u043d\u0438\u0435 old vs new ATR \u0434\u043b\u044f \u043e\u0442\u043b\u0430\u0434\u043a\u0438
        - \u0410\u0434\u0430\u043f\u0442\u0438\u0432\u043d\u044b\u0435 \u0441\u0442\u043e\u043f-\u043b\u043e\u0441\u0441\u044b \u0441 \u0440\u044b\u043d\u043e\u0447\u043d\u044b\u043c\u0438 \u043c\u043e\u0434\u0438\u0444\u0438\u043a\u0430\u0442\u043e\u0440\u0430\u043c\u0438
        - \u0426\u0435\u043d\u0442\u0440\u0430\u043b\u0438\u0437\u043e\u0432\u0430\u043d\u043d\u043e\u0435 \u043b\u043e\u0433\u0438\u0440\u043e\u0432\u0430\u043d\u0438\u0435 \u0441 unified \u0441\u0442\u0438\u043b\u0435\u043c
        """
    
        def __init__(self):
            # \u2705 \u041f\u041e\u041b\u0423\u0427\u0410\u0415\u041c \u041a\u041e\u041d\u0424\u0418\u0413\u0423\u0420\u0410\u0426\u0418\u042e \u0418\u0417 SETTINGS
            try:
                from config.settings import TradingConfig
                self.config = TradingConfig()
    
                # ATR \u043a\u043e\u043d\u0444\u0438\u0433\u0443\u0440\u0430\u0446\u0438\u044f
                atr_config = self.config.get_atr_config()
                self.atr_period = atr_config["period"]
                self.atr_method = atr_config["risk_method"]
                self.atr_compare_enabled = atr_config["compare_enabled"]
    
                # \u0420\u0438\u0441\u043a \u043a\u043e\u043d\u0444\u0438\u0433\u0443\u0440\u0430\u0446\u0438\u044f
                risk_config = self.config.get_risk_config()
                self.min_stop_pct = risk_config["min_stop_pct"]
                self.max_stop_pct = risk_config["max_stop_pct"]
                self.volatility_lookback = risk_config["volatility_lookback"]
                self.volume_lookback = risk_config["volume_lookback"]
                self.market_modifiers = risk_config["market_modifiers"]
    
                logging.info(f"\U0001f6e1\ufe0f UnifiedRiskManager: ATR period={self.atr_period}, method={self.atr_method}")
    
            except Exception as e:
                logging.error(f"Failed to load config, using defaults: {e}")
                # Fallback \u043a \u0434\u0435\u0444\u043e\u043b\u0442\u043d\u044b\u043c \u0437\u043d\u0430\u0447\u0435\u043d\u0438\u044f\u043c
                self._load_defaults()
    
            # \u041c\u0443\u043b\u044c\u0442\u0438\u043f\u043b\u0438\u043a\u0430\u0442\u043e\u0440\u044b \u0440\u0438\u0441\u043a\u0430 \u043f\u043e \u0440\u044b\u043d\u043e\u0447\u043d\u044b\u043c \u0443\u0441\u043b\u043e\u0432\u0438\u044f\u043c
            self.risk_multipliers = {
                "STRONG_BULL": {"stop": 0.8, "volatility": 0.9},
                "WEAK_BULL": {"stop": 1.0, "volatility": 1.0},
                "SIDEWAYS": {"stop": 1.3, "volatility": 1.2},
                "WEAK_BEAR": {"stop": 1.1, "volatility": 1.1},
                "STRONG_BEAR": {"stop": 0.9, "volatility": 1.0}
            }
    
            # \u0413\u0440\u0430\u043d\u0438\u0446\u044b \u0440\u0438\u0441\u043a\u0430 \u0434\u043b\u044f \u043a\u043b\u0430\u0441\u0441\u0438\u0444\u0438\u043a\u0430\u0446\u0438\u0438
            self.risk_thresholds = {
                RiskLevel.LOW: {"vol": 0.02, "atr": 0.015},
                RiskLevel.MEDIUM: {"vol": 0.04, "atr": 0.03},
                RiskLevel.HIGH: {"vol": 0.06, "atr": 0.045},
                RiskLevel.EXTREME: {"vol": float("inf"), "atr": float("inf")}
            }
    
            # \u0421\u0442\u0430\u0442\u0438\u0441\u0442\u0438\u043a\u0430 \u0434\u043b\u044f \u043e\u0442\u043b\u0430\u0434\u043a\u0438
            self._stats = {
                "total_calculations": 0,
                "unified_atr_calls": 0,
                "fallback_calls": 0,
                "comparison_warnings": 0
            }
    
        def _load_defaults(self):
            """\u0417\u0430\u0433\u0440\u0443\u0437\u043a\u0430 \u0434\u0435\u0444\u043e\u043b\u0442\u043d\u044b\u0445 \u0437\u043d\u0430\u0447\u0435\u043d\u0438\u0439 \u043f\u0440\u0438 \u043e\u0448\u0438\u0431\u043a\u0435 \u043a\u043e\u043d\u0444\u0438\u0433\u0443\u0440\u0430\u0446\u0438\u0438"""
            self.atr_period = int(os.getenv("ATR_PERIOD", 14))
            self.atr_method = os.getenv("RISK_ATR_METHOD", "ewm").lower()
            self.atr_compare_enabled = os.getenv("RISK_ATR_COMPARE", "1") == "1"
            self.min_stop_pct = float(os.getenv("MIN_STOP_PCT", 0.005))
            self.max_stop_pct = float(os.getenv("MAX_STOP_PCT", 0.05))
            self.volatility_lookback = int(os.getenv("VOLATILITY_LOOKBACK", 20))
            self.volume_lookback = int(os.getenv("VOLUME_LOOKBACK", 20))
            self.market_modifiers = {
                "bull": float(os.getenv("BULL_MARKET_MODIFIER", -0.20)),
                "bear": float(os.getenv("BEAR_MARKET_MODIFIER", 0.40)),
                "overheated": float(os.getenv("OVERHEATED_MODIFIER", 0.30))
            }
    
        # =========================================================================
        # \u2705 UNIFIED ATR INTEGRATION
        # =========================================================================
    
        def get_unified_atr(self, df: pd.DataFrame, period: Optional[int] = None) -> float:
            """
            \u2705 \u0413\u041b\u0410\u0412\u041d\u0410\u042f \u0424\u0423\u041d\u041a\u0426\u0418\u042f: \u041f\u043e\u043b\u0443\u0447\u0435\u043d\u0438\u0435 ATR \u0447\u0435\u0440\u0435\u0437 unified \u0441\u0438\u0441\u0442\u0435\u043c\u0443
    
            Args:
                df: DataFrame \u0441 OHLCV \u0434\u0430\u043d\u043d\u044b\u043c\u0438
                period: \u041f\u0435\u0440\u0438\u043e\u0434 ATR (\u0435\u0441\u043b\u0438 None - \u0438\u0441\u043f\u043e\u043b\u044c\u0437\u0443\u0435\u0442 self.atr_period)
    
            Returns:
                float: ATR \u0437\u043d\u0430\u0447\u0435\u043d\u0438\u0435
            """
            try:
                from analysis.technical_indicators import _atr_for_risk_manager
    
                # \u0418\u0441\u043f\u043e\u043b\u044c\u0437\u0443\u0435\u043c \u043f\u0435\u0440\u0438\u043e\u0434 \u0438\u0437 \u043a\u043e\u043d\u0444\u0438\u0433\u0443\u0440\u0430\u0446\u0438\u0438 \u0435\u0441\u043b\u0438 \u043d\u0435 \u0437\u0430\u0434\u0430\u043d
                atr_period = period if period is not None else self.atr_period
    
                # \u2705 UNIFIED ATR CALL
                unified_atr = _atr_for_risk_manager(df, atr_period)
                self._stats["unified_atr_calls"] += 1
    
                # \u2705 \u041e\u041f\u0426\u0418\u041e\u041d\u0410\u041b\u042c\u041d\u041e\u0415 \u0421\u0420\u0410\u0412\u041d\u0415\u041d\u0418\u0415 \u0421 LEGACY (\u0434\u043b\u044f \u043e\u0442\u043b\u0430\u0434\u043a\u0438)
                if self.atr_compare_enabled:
                    self._compare_with_legacy_atr(df, unified_atr, atr_period)
    
                logging.debug(f"\U0001f6e1\ufe0f Risk Manager ATR (UNIFIED): {unified_atr:.6f} | period={atr_period} | method={self.atr_method}")
                return unified_atr
    
            except Exception as e:
                logging.error(f"\U0001f6e1\ufe0f Unified ATR failed in risk manager: {e}")
                self._stats["fallback_calls"] += 1
                return self._fallback_atr(df, period or self.atr_period)
    
        def _compare_with_legacy_atr(self, df: pd.DataFrame, unified_atr: float, period: int):
            """\u0421\u0440\u0430\u0432\u043d\u0435\u043d\u0438\u0435 unified ATR \u0441 legacy \u043c\u0435\u0442\u043e\u0434\u043e\u043c \u0434\u043b\u044f \u043e\u0442\u043b\u0430\u0434\u043a\u0438"""
            try:
                # Legacy ATR \u0440\u0430\u0441\u0447\u0435\u0442
                if df is None or df.empty or len(df) < period:
                    return
    
                high = df["high"].astype("float64")
                low = df["low"].astype("float64")
                close = df["close"].astype("float64")
    
                prev_close = close.shift(1)
                tr1 = (high - low).abs()
                tr2 = (high - prev_close).abs()
                tr3 = (low - prev_close).abs()
                tr = pd.concat([tr1, tr2, tr3], axis=1).max(axis=1)
    
                if self.atr_method == "sma":
                    legacy_atr = tr.rolling(window=period, min_periods=1).mean().iloc[-1]
                else:
                    legacy_atr = tr.ewm(alpha=1/period, adjust=False, min_periods=1).mean().iloc[-1]
    
                # \u0421\u0440\u0430\u0432\u043d\u0435\u043d\u0438\u0435
                difference = abs(unified_atr - legacy_atr)
                difference_pct = (difference / max(unified_atr, legacy_atr)) * 100
    
                if difference_pct > 1.0:  # \u0411\u043e\u043b\u044c\u0448\u0435 1% \u0440\u0430\u0441\u0445\u043e\u0436\u0434\u0435\u043d\u0438\u044f
                    self._stats["comparison_warnings"] += 1
                    logging.warning(f"\U0001f6e1\ufe0f ATR COMPARISON: unified={unified_atr:.6f}, legacy={legacy_atr:.6f}, diff={difference_pct:.2f}%")
                else:
                    logging.debug(f"\U0001f6e1\ufe0f ATR COMPARISON OK: diff={difference_pct:.2f}%")
    
            except Exception as e:
                logging.debug(f"ATR comparison failed: {e}")
    
        def _fallback_atr(self, df: pd.DataFrame, period: int) -> float:
            """\u041a\u0440\u0438\u0442\u0438\u0447\u0435\u0441\u043a\u0438\u0439 fallback \u0434\u043b\u044f ATR \u0440\u0430\u0441\u0447\u0435\u0442\u0430"""
            try:
                if df is None or df.empty:
                    return 100.0  # \u042d\u043a\u0441\u0442\u0440\u0435\u043c\u0430\u043b\u044c\u043d\u044b\u0439 fallback
    
                # \u041f\u0440\u043e\u0441\u0442\u0435\u0439\u0448\u0438\u0439 ATR \u0440\u0430\u0441\u0447\u0435\u0442
                price_range = (df["high"] - df["low"]).mean()
                return float(price_range) if pd.notna(price_range) and price_range > 0 else 100.0
    
            except Exception:
                return 100.0
    
        # =========================================================================
        # RISK METRICS CALCULATION
        # =========================================================================
    
        def calculate_risk_metrics(self, df: pd.DataFrame, market_condition: str = "SIDEWAYS") -> RiskMetrics:
            """\u2705 \u041e\u0411\u041d\u041e\u0412\u041b\u0415\u041d\u041e: \u0420\u0430\u0441\u0447\u0435\u0442 \u043c\u0435\u0442\u0440\u0438\u043a \u0440\u0438\u0441\u043a\u0430 \u0441 unified ATR"""
            if df is None or df.empty or len(df) < self.volatility_lookback:
                return self._default_risk_metrics()
    
            try:
                self._stats["total_calculations"] += 1
    
                # \u0412\u043e\u043b\u0430\u0442\u0438\u043b\u044c\u043d\u043e\u0441\u0442\u044c \u0434\u043e\u0445\u043e\u0434\u043d\u043e\u0441\u0442\u0435\u0439
                returns = df["close"].pct_change().dropna()
                if len(returns) >= self.volatility_lookback:
                    volatility = returns.rolling(self.volatility_lookback).std().iloc[-1]
                else:
                    volatility = returns.std()
                volatility = float(volatility) if pd.notna(volatility) else 0.03
    
                # \u2705 UNIFIED ATR
                atr = self.get_unified_atr(df)
                atr_normalized = atr / df["close"].iloc[-1] if df["close"].iloc[-1] > 0 else 0.02
    
                # \u041e\u0431\u044a\u0435\u043c\u043d\u044b\u0439 \u0430\u043d\u0430\u043b\u0438\u0437
                if "volume" in df.columns and len(df) >= self.volume_lookback:
                    volume_ma = df["volume"].rolling(self.volume_lookback).mean()
                    current_volume = df["volume"].iloc[-1]
                    volume_ratio = current_volume / volume_ma.iloc[-1] if volume_ma.iloc[-1] > 0 else 1.0
                else:
                    volume_ratio = 1.0
    
                # \u0421\u0438\u043b\u0430 \u0442\u0440\u0435\u043d\u0434\u0430
                ema_20 = df["close"].ewm(span=20).mean()
                trend_strength = self._calculate_trend_strength(ema_20)
    
                # \u041e\u043f\u0440\u0435\u0434\u0435\u043b\u0435\u043d\u0438\u0435 \u0443\u0440\u043e\u0432\u043d\u044f \u0440\u0438\u0441\u043a\u0430
                risk_level = self._determine_risk_level(volatility, atr_normalized)
    
                metrics = RiskMetrics(
                    volatility=float(volatility),
                    atr_normalized=float(atr_normalized),
                    volume_ratio=float(volume_ratio),
                    trend_strength=float(trend_strength),
                    market_condition=market_condition,
                    risk_level=risk_level
                )
    
                logging.debug(f"\U0001f6e1\ufe0f Risk metrics: vol={volatility:.4f}, atr_norm={atr_normalized:.4f}, level={risk_level.value}")
                return metrics
    
            except Exception as e:
                logging.error(f"\U0001f6e1\ufe0f Risk metrics calculation failed: {e}")
                return self._default_risk_metrics()
    
        def calculate_dynamic_stop_loss(self, entry_price: float, df: pd.DataFrame,
                                      market_condition: str = "SIDEWAYS") -> Tuple[float, Dict[str, Any]]:
            """\u2705 \u041e\u0411\u041d\u041e\u0412\u041b\u0415\u041d\u041e: \u0414\u0438\u043d\u0430\u043c\u0438\u0447\u0435\u0441\u043a\u0438\u0439 \u0441\u0442\u043e\u043f-\u043b\u043e\u0441\u0441 \u0441 unified ATR"""
            try:
                risk_metrics = self.calculate_risk_metrics(df, market_condition)
    
                # \u2705 UNIFIED ATR \u0434\u043b\u044f \u0441\u0442\u043e\u043f-\u043b\u043e\u0441\u0441\u0430
                atr = self.get_unified_atr(df)
    
                # \u0411\u0430\u0437\u043e\u0432\u044b\u0439 ATR \u0441\u0442\u043e\u043f (1.5x ATR \u043d\u0438\u0436\u0435 \u0432\u0445\u043e\u0434\u0430)
                base_atr_stop = entry_price - (atr * 1.5)
    
                # \u041c\u0443\u043b\u044c\u0442\u0438\u043f\u043b\u0438\u043a\u0430\u0442\u043e\u0440\u044b \u043d\u0430 \u043e\u0441\u043d\u043e\u0432\u0435 \u0440\u044b\u043d\u043e\u0447\u043d\u044b\u0445 \u0443\u0441\u043b\u043e\u0432\u0438\u0439
                volatility_multiplier = 1 + (risk_metrics.volatility * 5)
                market_multiplier = self.risk_multipliers.get(market_condition, {"stop": 1.0})["stop"]
                volume_multiplier = 1 / (1 + max(0, risk_metrics.volume_ratio - 1) * 0.3)
    
                # \u041a\u043e\u043c\u0431\u0438\u043d\u0438\u0440\u043e\u0432\u0430\u043d\u043d\u044b\u0439 \u043c\u0443\u043b\u044c\u0442\u0438\u043f\u043b\u0438\u043a\u0430\u0442\u043e\u0440
                combined_multiplier = volatility_multiplier * market_multiplier * volume_multiplier
    
                # \u0414\u0438\u043d\u0430\u043c\u0438\u0447\u0435\u0441\u043a\u0438\u0439 \u0441\u0442\u043e\u043f
                dynamic_stop = entry_price - (atr * 1.5 * combined_multiplier)
    
                # \u041f\u0440\u0438\u043c\u0435\u043d\u0435\u043d\u0438\u0435 \u0433\u0440\u0430\u043d\u0438\u0446
                min_stop = entry_price * (1 - self.min_stop_pct)
                max_stop = entry_price * (1 - self.max_stop_pct)
                final_stop = max(min_stop, min(dynamic_stop, max_stop))
    
                # \u0414\u0435\u0442\u0430\u043b\u0438 \u0434\u043b\u044f \u043b\u043e\u0433\u0438\u0440\u043e\u0432\u0430\u043d\u0438\u044f
                details = {
                    "entry_price": entry_price,
                    "base_atr_stop": base_atr_stop,
                    "atr_value": atr,
                    "atr_method": self.atr_method,
                    "volatility": risk_metrics.volatility,
                    "volatility_multiplier": volatility_multiplier,
                    "market_condition": market_condition,
                    "market_multiplier": market_multiplier,
                    "volume_multiplier": volume_multiplier,
                    "combined_multiplier": combined_multiplier,
                    "dynamic_stop": dynamic_stop,
                    "risk_level": risk_metrics.risk_level.value,
                    "final_stop_pct": round((entry_price - final_stop) / entry_price * 100, 2),
                    "min_stop_boundary": min_stop,
                    "max_stop_boundary": max_stop
                }
    
                logging.info(f"\U0001f6e1\ufe0f Dynamic SL: {final_stop:.6f} ({details['final_stop_pct']:.2f}%) | "
                            f"Risk: {risk_metrics.risk_level.value} | Market: {market_condition}")
    
                return final_stop, details
    
            except Exception as e:
                logging.error(f"\U0001f6e1\ufe0f Dynamic stop loss calculation failed: {e}")
                # Fallback \u043a \u043f\u0440\u043e\u0441\u0442\u043e\u043c\u0443 \u043f\u0440\u043e\u0446\u0435\u043d\u0442\u043d\u043e\u043c\u0443 \u0441\u0442\u043e\u043f\u0443
                fallback_stop = entry_price * (1 - 0.02)  # 2%
                return fallback_stop, {
                    "error": str(e),
                    "fallback_stop": fallback_stop,
                    "fallback_pct": 2.0
                }
    
        # =========================================================================
        # UTILITY METHODS
        # =========================================================================
    
        def _calculate_trend_strength(self, ema_series: pd.Series) -> float:
            """\u0420\u0430\u0441\u0447\u0435\u0442 \u0441\u0438\u043b\u044b \u0442\u0440\u0435\u043d\u0434\u0430 \u0447\u0435\u0440\u0435\u0437 \u0440\u0435\u0433\u0440\u0435\u0441\u0441\u0438\u044e"""
            if len(ema_series) < 5:
                return 0.0
    
            try:
                x = np.arange(5)
                y = ema_series.iloc[-5:].values
                if len(y) < 5 or not np.all(np.isfinite(y)):
                    return 0.0
                slope = np.polyfit(x, y, 1)[0]
                return float(np.clip((slope / y[-1]) * 1000, -1, 1))
            except Exception:
                return 0.0
    
        def _determine_risk_level(self, volatility: float, atr_normalized: float) -> RiskLevel:
            """\u041e\u043f\u0440\u0435\u0434\u0435\u043b\u0435\u043d\u0438\u0435 \u0443\u0440\u043e\u0432\u043d\u044f \u0440\u0438\u0441\u043a\u0430 \u043f\u043e \u043c\u0435\u0442\u0440\u0438\u043a\u0430\u043c"""
            for level, thresholds in self.risk_thresholds.items():
                if volatility <= thresholds["vol"] and atr_normalized <= thresholds["atr"]:
                    return level
            return RiskLevel.EXTREME
    
        def _default_risk_metrics(self) -> RiskMetrics:
            """\u0414\u0435\u0444\u043e\u043b\u0442\u043d\u044b\u0435 \u043c\u0435\u0442\u0440\u0438\u043a\u0438 \u043f\u0440\u0438 \u043e\u0448\u0438\u0431\u043a\u0430\u0445"""
            return RiskMetrics(
                volatility=0.03,
                atr_normalized=0.02,
                volume_ratio=1.0,
                trend_strength=0.0,
                market_condition="SIDEWAYS",
                risk_level=RiskLevel.MEDIUM
            )
    
        # =========================================================================
        # DIAGNOSTICS & MONITORING
        # =========================================================================
    
        def get_atr_diagnostics(self) -> Dict[str, Any]:
            """\u2705 \u041d\u041e\u0412\u041e\u0415: \u0414\u0438\u0430\u0433\u043d\u043e\u0441\u0442\u0438\u043a\u0430 unified ATR \u0441\u0438\u0441\u0442\u0435\u043c\u044b"""
            return {
                "config": {
                    "atr_period": self.atr_period,
                    "atr_method": self.atr_method,
                    "compare_enabled": self.atr_compare_enabled,
                    "min_stop_pct": self.min_stop_pct,
                    "max_stop_pct": self.max_stop_pct
                },
                "stats": dict(self._stats),
                "thresholds": {level.value: thresholds for level, thresholds in self.risk_thresholds.items()},
                "market_modifiers": self.risk_multipliers
            }
    
        def reset_stats(self):
            """\u0421\u0431\u0440\u043e\u0441 \u0441\u0442\u0430\u0442\u0438\u0441\u0442\u0438\u043a\u0438"""
            self._stats = {
                "total_calculations": 0,
                "unified_atr_calls": 0,
                "fallback_calls": 0,
                "comparison_warnings": 0
            }
            logging.info("\U0001f6e1\ufe0f Risk manager stats reset")
    
        def set_atr_method(self, method: str):
            """\u0418\u0437\u043c\u0435\u043d\u0435\u043d\u0438\u0435 \u043c\u0435\u0442\u043e\u0434\u0430 ATR \u0440\u0430\u0441\u0447\u0435\u0442\u0430"""
            if method.lower() in ["ewm", "sma"]:
                self.atr_method = method.lower()
                logging.info(f"\U0001f6e1\ufe0f ATR method changed to: {self.atr_method}")
            else:
                logging.error(f"\U0001f6e1\ufe0f Invalid ATR method: {method}")
    
        def enable_atr_comparison(self, enabled: bool):
            """\u0412\u043a\u043b\u044e\u0447\u0435\u043d\u0438\u0435/\u043e\u0442\u043a\u043b\u044e\u0447\u0435\u043d\u0438\u0435 \u0441\u0440\u0430\u0432\u043d\u0435\u043d\u0438\u044f ATR"""
            self.atr_compare_enabled = enabled
            logging.info(f"\U0001f6e1\ufe0f ATR comparison {'enabled' if enabled else 'disabled'}")
    
>       def validate_configuration(self) -> List[str]:
                                            ^^^^
E       NameError: name 'List' is not defined

trading\risk_manager.py:386: NameError
_ ERROR at setup of TestUnifiedRiskManager.test_calculate_position_size_with_confidence _

self = <test_risk_manager.TestUnifiedRiskManager object at 0x000001D9820C8180>
mock_exchange = <Mock id='2033703499968'>
mock_state = <Mock id='2033704518048'>

    @pytest.fixture
    def risk_manager(self, mock_exchange, mock_state):
        """\u0421\u043e\u0437\u0434\u0430\u0435\u0442 \u044d\u043a\u0437\u0435\u043c\u043f\u043b\u044f\u0440 UnifiedRiskManager"""
        # \u0418\u043c\u043f\u043e\u0440\u0442\u0438\u0440\u0443\u0435\u043c \u0437\u0434\u0435\u0441\u044c, \u0447\u0442\u043e\u0431\u044b \u0438\u0437\u0431\u0435\u0436\u0430\u0442\u044c \u043e\u0448\u0438\u0431\u043e\u043a \u043f\u0440\u0438 \u0441\u0431\u043e\u0440\u0435 \u0442\u0435\u0441\u0442\u043e\u0432
>       from trading.risk_manager import UnifiedRiskManager

tests\test_risk_manager.py:43: 
_ _ _ _ _ _ _ _ _ _ _ _ _ _ _ _ _ _ _ _ _ _ _ _ _ _ _ _ _ _ _ _ _ _ _ _ _ _ _ _
trading\risk_manager.py:26: in <module>
    class UnifiedRiskManager:
_ _ _ _ _ _ _ _ _ _ _ _ _ _ _ _ _ _ _ _ _ _ _ _ _ _ _ _ _ _ _ _ _ _ _ _ _ _ _ _

    class UnifiedRiskManager:
        """
        \u2705 \u041f\u041e\u041b\u041d\u041e\u0421\u0422\u042c\u042e \u041f\u0415\u0420\u0415\u041f\u0418\u0421\u0410\u041d\u041d\u042b\u0419: Unified Risk Manager \u0441 \u0438\u043d\u0442\u0435\u0433\u0440\u0430\u0446\u0438\u0435\u0439 ATR \u0441\u0438\u0441\u0442\u0435\u043c\u044b
    
        \u041e\u0441\u043e\u0431\u0435\u043d\u043d\u043e\u0441\u0442\u0438:
        - \u0418\u0441\u043f\u043e\u043b\u044c\u0437\u0443\u0435\u0442 \u0422\u041e\u041b\u042c\u041a\u041e unified ATR \u0444\u0443\u043d\u043a\u0446\u0438\u0438
        - \u041f\u043e\u0434\u0434\u0435\u0440\u0436\u043a\u0430 config/settings.py \u043f\u0430\u0440\u0430\u043c\u0435\u0442\u0440\u043e\u0432
        - \u0421\u0440\u0430\u0432\u043d\u0435\u043d\u0438\u0435 old vs new ATR \u0434\u043b\u044f \u043e\u0442\u043b\u0430\u0434\u043a\u0438
        - \u0410\u0434\u0430\u043f\u0442\u0438\u0432\u043d\u044b\u0435 \u0441\u0442\u043e\u043f-\u043b\u043e\u0441\u0441\u044b \u0441 \u0440\u044b\u043d\u043e\u0447\u043d\u044b\u043c\u0438 \u043c\u043e\u0434\u0438\u0444\u0438\u043a\u0430\u0442\u043e\u0440\u0430\u043c\u0438
        - \u0426\u0435\u043d\u0442\u0440\u0430\u043b\u0438\u0437\u043e\u0432\u0430\u043d\u043d\u043e\u0435 \u043b\u043e\u0433\u0438\u0440\u043e\u0432\u0430\u043d\u0438\u0435 \u0441 unified \u0441\u0442\u0438\u043b\u0435\u043c
        """
    
        def __init__(self):
            # \u2705 \u041f\u041e\u041b\u0423\u0427\u0410\u0415\u041c \u041a\u041e\u041d\u0424\u0418\u0413\u0423\u0420\u0410\u0426\u0418\u042e \u0418\u0417 SETTINGS
            try:
                from config.settings import TradingConfig
                self.config = TradingConfig()
    
                # ATR \u043a\u043e\u043d\u0444\u0438\u0433\u0443\u0440\u0430\u0446\u0438\u044f
                atr_config = self.config.get_atr_config()
                self.atr_period = atr_config["period"]
                self.atr_method = atr_config["risk_method"]
                self.atr_compare_enabled = atr_config["compare_enabled"]
    
                # \u0420\u0438\u0441\u043a \u043a\u043e\u043d\u0444\u0438\u0433\u0443\u0440\u0430\u0446\u0438\u044f
                risk_config = self.config.get_risk_config()
                self.min_stop_pct = risk_config["min_stop_pct"]
                self.max_stop_pct = risk_config["max_stop_pct"]
                self.volatility_lookback = risk_config["volatility_lookback"]
                self.volume_lookback = risk_config["volume_lookback"]
                self.market_modifiers = risk_config["market_modifiers"]
    
                logging.info(f"\U0001f6e1\ufe0f UnifiedRiskManager: ATR period={self.atr_period}, method={self.atr_method}")
    
            except Exception as e:
                logging.error(f"Failed to load config, using defaults: {e}")
                # Fallback \u043a \u0434\u0435\u0444\u043e\u043b\u0442\u043d\u044b\u043c \u0437\u043d\u0430\u0447\u0435\u043d\u0438\u044f\u043c
                self._load_defaults()
    
            # \u041c\u0443\u043b\u044c\u0442\u0438\u043f\u043b\u0438\u043a\u0430\u0442\u043e\u0440\u044b \u0440\u0438\u0441\u043a\u0430 \u043f\u043e \u0440\u044b\u043d\u043e\u0447\u043d\u044b\u043c \u0443\u0441\u043b\u043e\u0432\u0438\u044f\u043c
            self.risk_multipliers = {
                "STRONG_BULL": {"stop": 0.8, "volatility": 0.9},
                "WEAK_BULL": {"stop": 1.0, "volatility": 1.0},
                "SIDEWAYS": {"stop": 1.3, "volatility": 1.2},
                "WEAK_BEAR": {"stop": 1.1, "volatility": 1.1},
                "STRONG_BEAR": {"stop": 0.9, "volatility": 1.0}
            }
    
            # \u0413\u0440\u0430\u043d\u0438\u0446\u044b \u0440\u0438\u0441\u043a\u0430 \u0434\u043b\u044f \u043a\u043b\u0430\u0441\u0441\u0438\u0444\u0438\u043a\u0430\u0446\u0438\u0438
            self.risk_thresholds = {
                RiskLevel.LOW: {"vol": 0.02, "atr": 0.015},
                RiskLevel.MEDIUM: {"vol": 0.04, "atr": 0.03},
                RiskLevel.HIGH: {"vol": 0.06, "atr": 0.045},
                RiskLevel.EXTREME: {"vol": float("inf"), "atr": float("inf")}
            }
    
            # \u0421\u0442\u0430\u0442\u0438\u0441\u0442\u0438\u043a\u0430 \u0434\u043b\u044f \u043e\u0442\u043b\u0430\u0434\u043a\u0438
            self._stats = {
                "total_calculations": 0,
                "unified_atr_calls": 0,
                "fallback_calls": 0,
                "comparison_warnings": 0
            }
    
        def _load_defaults(self):
            """\u0417\u0430\u0433\u0440\u0443\u0437\u043a\u0430 \u0434\u0435\u0444\u043e\u043b\u0442\u043d\u044b\u0445 \u0437\u043d\u0430\u0447\u0435\u043d\u0438\u0439 \u043f\u0440\u0438 \u043e\u0448\u0438\u0431\u043a\u0435 \u043a\u043e\u043d\u0444\u0438\u0433\u0443\u0440\u0430\u0446\u0438\u0438"""
            self.atr_period = int(os.getenv("ATR_PERIOD", 14))
            self.atr_method = os.getenv("RISK_ATR_METHOD", "ewm").lower()
            self.atr_compare_enabled = os.getenv("RISK_ATR_COMPARE", "1") == "1"
            self.min_stop_pct = float(os.getenv("MIN_STOP_PCT", 0.005))
            self.max_stop_pct = float(os.getenv("MAX_STOP_PCT", 0.05))
            self.volatility_lookback = int(os.getenv("VOLATILITY_LOOKBACK", 20))
            self.volume_lookback = int(os.getenv("VOLUME_LOOKBACK", 20))
            self.market_modifiers = {
                "bull": float(os.getenv("BULL_MARKET_MODIFIER", -0.20)),
                "bear": float(os.getenv("BEAR_MARKET_MODIFIER", 0.40)),
                "overheated": float(os.getenv("OVERHEATED_MODIFIER", 0.30))
            }
    
        # =========================================================================
        # \u2705 UNIFIED ATR INTEGRATION
        # =========================================================================
    
        def get_unified_atr(self, df: pd.DataFrame, period: Optional[int] = None) -> float:
            """
            \u2705 \u0413\u041b\u0410\u0412\u041d\u0410\u042f \u0424\u0423\u041d\u041a\u0426\u0418\u042f: \u041f\u043e\u043b\u0443\u0447\u0435\u043d\u0438\u0435 ATR \u0447\u0435\u0440\u0435\u0437 unified \u0441\u0438\u0441\u0442\u0435\u043c\u0443
    
            Args:
                df: DataFrame \u0441 OHLCV \u0434\u0430\u043d\u043d\u044b\u043c\u0438
                period: \u041f\u0435\u0440\u0438\u043e\u0434 ATR (\u0435\u0441\u043b\u0438 None - \u0438\u0441\u043f\u043e\u043b\u044c\u0437\u0443\u0435\u0442 self.atr_period)
    
            Returns:
                float: ATR \u0437\u043d\u0430\u0447\u0435\u043d\u0438\u0435
            """
            try:
                from analysis.technical_indicators import _atr_for_risk_manager
    
                # \u0418\u0441\u043f\u043e\u043b\u044c\u0437\u0443\u0435\u043c \u043f\u0435\u0440\u0438\u043e\u0434 \u0438\u0437 \u043a\u043e\u043d\u0444\u0438\u0433\u0443\u0440\u0430\u0446\u0438\u0438 \u0435\u0441\u043b\u0438 \u043d\u0435 \u0437\u0430\u0434\u0430\u043d
                atr_period = period if period is not None else self.atr_period
    
                # \u2705 UNIFIED ATR CALL
                unified_atr = _atr_for_risk_manager(df, atr_period)
                self._stats["unified_atr_calls"] += 1
    
                # \u2705 \u041e\u041f\u0426\u0418\u041e\u041d\u0410\u041b\u042c\u041d\u041e\u0415 \u0421\u0420\u0410\u0412\u041d\u0415\u041d\u0418\u0415 \u0421 LEGACY (\u0434\u043b\u044f \u043e\u0442\u043b\u0430\u0434\u043a\u0438)
                if self.atr_compare_enabled:
                    self._compare_with_legacy_atr(df, unified_atr, atr_period)
    
                logging.debug(f"\U0001f6e1\ufe0f Risk Manager ATR (UNIFIED): {unified_atr:.6f} | period={atr_period} | method={self.atr_method}")
                return unified_atr
    
            except Exception as e:
                logging.error(f"\U0001f6e1\ufe0f Unified ATR failed in risk manager: {e}")
                self._stats["fallback_calls"] += 1
                return self._fallback_atr(df, period or self.atr_period)
    
        def _compare_with_legacy_atr(self, df: pd.DataFrame, unified_atr: float, period: int):
            """\u0421\u0440\u0430\u0432\u043d\u0435\u043d\u0438\u0435 unified ATR \u0441 legacy \u043c\u0435\u0442\u043e\u0434\u043e\u043c \u0434\u043b\u044f \u043e\u0442\u043b\u0430\u0434\u043a\u0438"""
            try:
                # Legacy ATR \u0440\u0430\u0441\u0447\u0435\u0442
                if df is None or df.empty or len(df) < period:
                    return
    
                high = df["high"].astype("float64")
                low = df["low"].astype("float64")
                close = df["close"].astype("float64")
    
                prev_close = close.shift(1)
                tr1 = (high - low).abs()
                tr2 = (high - prev_close).abs()
                tr3 = (low - prev_close).abs()
                tr = pd.concat([tr1, tr2, tr3], axis=1).max(axis=1)
    
                if self.atr_method == "sma":
                    legacy_atr = tr.rolling(window=period, min_periods=1).mean().iloc[-1]
                else:
                    legacy_atr = tr.ewm(alpha=1/period, adjust=False, min_periods=1).mean().iloc[-1]
    
                # \u0421\u0440\u0430\u0432\u043d\u0435\u043d\u0438\u0435
                difference = abs(unified_atr - legacy_atr)
                difference_pct = (difference / max(unified_atr, legacy_atr)) * 100
    
                if difference_pct > 1.0:  # \u0411\u043e\u043b\u044c\u0448\u0435 1% \u0440\u0430\u0441\u0445\u043e\u0436\u0434\u0435\u043d\u0438\u044f
                    self._stats["comparison_warnings"] += 1
                    logging.warning(f"\U0001f6e1\ufe0f ATR COMPARISON: unified={unified_atr:.6f}, legacy={legacy_atr:.6f}, diff={difference_pct:.2f}%")
                else:
                    logging.debug(f"\U0001f6e1\ufe0f ATR COMPARISON OK: diff={difference_pct:.2f}%")
    
            except Exception as e:
                logging.debug(f"ATR comparison failed: {e}")
    
        def _fallback_atr(self, df: pd.DataFrame, period: int) -> float:
            """\u041a\u0440\u0438\u0442\u0438\u0447\u0435\u0441\u043a\u0438\u0439 fallback \u0434\u043b\u044f ATR \u0440\u0430\u0441\u0447\u0435\u0442\u0430"""
            try:
                if df is None or df.empty:
                    return 100.0  # \u042d\u043a\u0441\u0442\u0440\u0435\u043c\u0430\u043b\u044c\u043d\u044b\u0439 fallback
    
                # \u041f\u0440\u043e\u0441\u0442\u0435\u0439\u0448\u0438\u0439 ATR \u0440\u0430\u0441\u0447\u0435\u0442
                price_range = (df["high"] - df["low"]).mean()
                return float(price_range) if pd.notna(price_range) and price_range > 0 else 100.0
    
            except Exception:
                return 100.0
    
        # =========================================================================
        # RISK METRICS CALCULATION
        # =========================================================================
    
        def calculate_risk_metrics(self, df: pd.DataFrame, market_condition: str = "SIDEWAYS") -> RiskMetrics:
            """\u2705 \u041e\u0411\u041d\u041e\u0412\u041b\u0415\u041d\u041e: \u0420\u0430\u0441\u0447\u0435\u0442 \u043c\u0435\u0442\u0440\u0438\u043a \u0440\u0438\u0441\u043a\u0430 \u0441 unified ATR"""
            if df is None or df.empty or len(df) < self.volatility_lookback:
                return self._default_risk_metrics()
    
            try:
                self._stats["total_calculations"] += 1
    
                # \u0412\u043e\u043b\u0430\u0442\u0438\u043b\u044c\u043d\u043e\u0441\u0442\u044c \u0434\u043e\u0445\u043e\u0434\u043d\u043e\u0441\u0442\u0435\u0439
                returns = df["close"].pct_change().dropna()
                if len(returns) >= self.volatility_lookback:
                    volatility = returns.rolling(self.volatility_lookback).std().iloc[-1]
                else:
                    volatility = returns.std()
                volatility = float(volatility) if pd.notna(volatility) else 0.03
    
                # \u2705 UNIFIED ATR
                atr = self.get_unified_atr(df)
                atr_normalized = atr / df["close"].iloc[-1] if df["close"].iloc[-1] > 0 else 0.02
    
                # \u041e\u0431\u044a\u0435\u043c\u043d\u044b\u0439 \u0430\u043d\u0430\u043b\u0438\u0437
                if "volume" in df.columns and len(df) >= self.volume_lookback:
                    volume_ma = df["volume"].rolling(self.volume_lookback).mean()
                    current_volume = df["volume"].iloc[-1]
                    volume_ratio = current_volume / volume_ma.iloc[-1] if volume_ma.iloc[-1] > 0 else 1.0
                else:
                    volume_ratio = 1.0
    
                # \u0421\u0438\u043b\u0430 \u0442\u0440\u0435\u043d\u0434\u0430
                ema_20 = df["close"].ewm(span=20).mean()
                trend_strength = self._calculate_trend_strength(ema_20)
    
                # \u041e\u043f\u0440\u0435\u0434\u0435\u043b\u0435\u043d\u0438\u0435 \u0443\u0440\u043e\u0432\u043d\u044f \u0440\u0438\u0441\u043a\u0430
                risk_level = self._determine_risk_level(volatility, atr_normalized)
    
                metrics = RiskMetrics(
                    volatility=float(volatility),
                    atr_normalized=float(atr_normalized),
                    volume_ratio=float(volume_ratio),
                    trend_strength=float(trend_strength),
                    market_condition=market_condition,
                    risk_level=risk_level
                )
    
                logging.debug(f"\U0001f6e1\ufe0f Risk metrics: vol={volatility:.4f}, atr_norm={atr_normalized:.4f}, level={risk_level.value}")
                return metrics
    
            except Exception as e:
                logging.error(f"\U0001f6e1\ufe0f Risk metrics calculation failed: {e}")
                return self._default_risk_metrics()
    
        def calculate_dynamic_stop_loss(self, entry_price: float, df: pd.DataFrame,
                                      market_condition: str = "SIDEWAYS") -> Tuple[float, Dict[str, Any]]:
            """\u2705 \u041e\u0411\u041d\u041e\u0412\u041b\u0415\u041d\u041e: \u0414\u0438\u043d\u0430\u043c\u0438\u0447\u0435\u0441\u043a\u0438\u0439 \u0441\u0442\u043e\u043f-\u043b\u043e\u0441\u0441 \u0441 unified ATR"""
            try:
                risk_metrics = self.calculate_risk_metrics(df, market_condition)
    
                # \u2705 UNIFIED ATR \u0434\u043b\u044f \u0441\u0442\u043e\u043f-\u043b\u043e\u0441\u0441\u0430
                atr = self.get_unified_atr(df)
    
                # \u0411\u0430\u0437\u043e\u0432\u044b\u0439 ATR \u0441\u0442\u043e\u043f (1.5x ATR \u043d\u0438\u0436\u0435 \u0432\u0445\u043e\u0434\u0430)
                base_atr_stop = entry_price - (atr * 1.5)
    
                # \u041c\u0443\u043b\u044c\u0442\u0438\u043f\u043b\u0438\u043a\u0430\u0442\u043e\u0440\u044b \u043d\u0430 \u043e\u0441\u043d\u043e\u0432\u0435 \u0440\u044b\u043d\u043e\u0447\u043d\u044b\u0445 \u0443\u0441\u043b\u043e\u0432\u0438\u0439
                volatility_multiplier = 1 + (risk_metrics.volatility * 5)
                market_multiplier = self.risk_multipliers.get(market_condition, {"stop": 1.0})["stop"]
                volume_multiplier = 1 / (1 + max(0, risk_metrics.volume_ratio - 1) * 0.3)
    
                # \u041a\u043e\u043c\u0431\u0438\u043d\u0438\u0440\u043e\u0432\u0430\u043d\u043d\u044b\u0439 \u043c\u0443\u043b\u044c\u0442\u0438\u043f\u043b\u0438\u043a\u0430\u0442\u043e\u0440
                combined_multiplier = volatility_multiplier * market_multiplier * volume_multiplier
    
                # \u0414\u0438\u043d\u0430\u043c\u0438\u0447\u0435\u0441\u043a\u0438\u0439 \u0441\u0442\u043e\u043f
                dynamic_stop = entry_price - (atr * 1.5 * combined_multiplier)
    
                # \u041f\u0440\u0438\u043c\u0435\u043d\u0435\u043d\u0438\u0435 \u0433\u0440\u0430\u043d\u0438\u0446
                min_stop = entry_price * (1 - self.min_stop_pct)
                max_stop = entry_price * (1 - self.max_stop_pct)
                final_stop = max(min_stop, min(dynamic_stop, max_stop))
    
                # \u0414\u0435\u0442\u0430\u043b\u0438 \u0434\u043b\u044f \u043b\u043e\u0433\u0438\u0440\u043e\u0432\u0430\u043d\u0438\u044f
                details = {
                    "entry_price": entry_price,
                    "base_atr_stop": base_atr_stop,
                    "atr_value": atr,
                    "atr_method": self.atr_method,
                    "volatility": risk_metrics.volatility,
                    "volatility_multiplier": volatility_multiplier,
                    "market_condition": market_condition,
                    "market_multiplier": market_multiplier,
                    "volume_multiplier": volume_multiplier,
                    "combined_multiplier": combined_multiplier,
                    "dynamic_stop": dynamic_stop,
                    "risk_level": risk_metrics.risk_level.value,
                    "final_stop_pct": round((entry_price - final_stop) / entry_price * 100, 2),
                    "min_stop_boundary": min_stop,
                    "max_stop_boundary": max_stop
                }
    
                logging.info(f"\U0001f6e1\ufe0f Dynamic SL: {final_stop:.6f} ({details['final_stop_pct']:.2f}%) | "
                            f"Risk: {risk_metrics.risk_level.value} | Market: {market_condition}")
    
                return final_stop, details
    
            except Exception as e:
                logging.error(f"\U0001f6e1\ufe0f Dynamic stop loss calculation failed: {e}")
                # Fallback \u043a \u043f\u0440\u043e\u0441\u0442\u043e\u043c\u0443 \u043f\u0440\u043e\u0446\u0435\u043d\u0442\u043d\u043e\u043c\u0443 \u0441\u0442\u043e\u043f\u0443
                fallback_stop = entry_price * (1 - 0.02)  # 2%
                return fallback_stop, {
                    "error": str(e),
                    "fallback_stop": fallback_stop,
                    "fallback_pct": 2.0
                }
    
        # =========================================================================
        # UTILITY METHODS
        # =========================================================================
    
        def _calculate_trend_strength(self, ema_series: pd.Series) -> float:
            """\u0420\u0430\u0441\u0447\u0435\u0442 \u0441\u0438\u043b\u044b \u0442\u0440\u0435\u043d\u0434\u0430 \u0447\u0435\u0440\u0435\u0437 \u0440\u0435\u0433\u0440\u0435\u0441\u0441\u0438\u044e"""
            if len(ema_series) < 5:
                return 0.0
    
            try:
                x = np.arange(5)
                y = ema_series.iloc[-5:].values
                if len(y) < 5 or not np.all(np.isfinite(y)):
                    return 0.0
                slope = np.polyfit(x, y, 1)[0]
                return float(np.clip((slope / y[-1]) * 1000, -1, 1))
            except Exception:
                return 0.0
    
        def _determine_risk_level(self, volatility: float, atr_normalized: float) -> RiskLevel:
            """\u041e\u043f\u0440\u0435\u0434\u0435\u043b\u0435\u043d\u0438\u0435 \u0443\u0440\u043e\u0432\u043d\u044f \u0440\u0438\u0441\u043a\u0430 \u043f\u043e \u043c\u0435\u0442\u0440\u0438\u043a\u0430\u043c"""
            for level, thresholds in self.risk_thresholds.items():
                if volatility <= thresholds["vol"] and atr_normalized <= thresholds["atr"]:
                    return level
            return RiskLevel.EXTREME
    
        def _default_risk_metrics(self) -> RiskMetrics:
            """\u0414\u0435\u0444\u043e\u043b\u0442\u043d\u044b\u0435 \u043c\u0435\u0442\u0440\u0438\u043a\u0438 \u043f\u0440\u0438 \u043e\u0448\u0438\u0431\u043a\u0430\u0445"""
            return RiskMetrics(
                volatility=0.03,
                atr_normalized=0.02,
                volume_ratio=1.0,
                trend_strength=0.0,
                market_condition="SIDEWAYS",
                risk_level=RiskLevel.MEDIUM
            )
    
        # =========================================================================
        # DIAGNOSTICS & MONITORING
        # =========================================================================
    
        def get_atr_diagnostics(self) -> Dict[str, Any]:
            """\u2705 \u041d\u041e\u0412\u041e\u0415: \u0414\u0438\u0430\u0433\u043d\u043e\u0441\u0442\u0438\u043a\u0430 unified ATR \u0441\u0438\u0441\u0442\u0435\u043c\u044b"""
            return {
                "config": {
                    "atr_period": self.atr_period,
                    "atr_method": self.atr_method,
                    "compare_enabled": self.atr_compare_enabled,
                    "min_stop_pct": self.min_stop_pct,
                    "max_stop_pct": self.max_stop_pct
                },
                "stats": dict(self._stats),
                "thresholds": {level.value: thresholds for level, thresholds in self.risk_thresholds.items()},
                "market_modifiers": self.risk_multipliers
            }
    
        def reset_stats(self):
            """\u0421\u0431\u0440\u043e\u0441 \u0441\u0442\u0430\u0442\u0438\u0441\u0442\u0438\u043a\u0438"""
            self._stats = {
                "total_calculations": 0,
                "unified_atr_calls": 0,
                "fallback_calls": 0,
                "comparison_warnings": 0
            }
            logging.info("\U0001f6e1\ufe0f Risk manager stats reset")
    
        def set_atr_method(self, method: str):
            """\u0418\u0437\u043c\u0435\u043d\u0435\u043d\u0438\u0435 \u043c\u0435\u0442\u043e\u0434\u0430 ATR \u0440\u0430\u0441\u0447\u0435\u0442\u0430"""
            if method.lower() in ["ewm", "sma"]:
                self.atr_method = method.lower()
                logging.info(f"\U0001f6e1\ufe0f ATR method changed to: {self.atr_method}")
            else:
                logging.error(f"\U0001f6e1\ufe0f Invalid ATR method: {method}")
    
        def enable_atr_comparison(self, enabled: bool):
            """\u0412\u043a\u043b\u044e\u0447\u0435\u043d\u0438\u0435/\u043e\u0442\u043a\u043b\u044e\u0447\u0435\u043d\u0438\u0435 \u0441\u0440\u0430\u0432\u043d\u0435\u043d\u0438\u044f ATR"""
            self.atr_compare_enabled = enabled
            logging.info(f"\U0001f6e1\ufe0f ATR comparison {'enabled' if enabled else 'disabled'}")
    
>       def validate_configuration(self) -> List[str]:
                                            ^^^^
E       NameError: name 'List' is not defined

trading\risk_manager.py:386: NameError
______ ERROR at setup of TestUnifiedRiskManager.test_calculate_stop_loss ______

self = <test_risk_manager.TestUnifiedRiskManager object at 0x000001D9820C82B0>
mock_exchange = <Mock id='2033701828464'>
mock_state = <Mock id='2033703496608'>

    @pytest.fixture
    def risk_manager(self, mock_exchange, mock_state):
        """\u0421\u043e\u0437\u0434\u0430\u0435\u0442 \u044d\u043a\u0437\u0435\u043c\u043f\u043b\u044f\u0440 UnifiedRiskManager"""
        # \u0418\u043c\u043f\u043e\u0440\u0442\u0438\u0440\u0443\u0435\u043c \u0437\u0434\u0435\u0441\u044c, \u0447\u0442\u043e\u0431\u044b \u0438\u0437\u0431\u0435\u0436\u0430\u0442\u044c \u043e\u0448\u0438\u0431\u043e\u043a \u043f\u0440\u0438 \u0441\u0431\u043e\u0440\u0435 \u0442\u0435\u0441\u0442\u043e\u0432
>       from trading.risk_manager import UnifiedRiskManager

tests\test_risk_manager.py:43: 
_ _ _ _ _ _ _ _ _ _ _ _ _ _ _ _ _ _ _ _ _ _ _ _ _ _ _ _ _ _ _ _ _ _ _ _ _ _ _ _
trading\risk_manager.py:26: in <module>
    class UnifiedRiskManager:
_ _ _ _ _ _ _ _ _ _ _ _ _ _ _ _ _ _ _ _ _ _ _ _ _ _ _ _ _ _ _ _ _ _ _ _ _ _ _ _

    class UnifiedRiskManager:
        """
        \u2705 \u041f\u041e\u041b\u041d\u041e\u0421\u0422\u042c\u042e \u041f\u0415\u0420\u0415\u041f\u0418\u0421\u0410\u041d\u041d\u042b\u0419: Unified Risk Manager \u0441 \u0438\u043d\u0442\u0435\u0433\u0440\u0430\u0446\u0438\u0435\u0439 ATR \u0441\u0438\u0441\u0442\u0435\u043c\u044b
    
        \u041e\u0441\u043e\u0431\u0435\u043d\u043d\u043e\u0441\u0442\u0438:
        - \u0418\u0441\u043f\u043e\u043b\u044c\u0437\u0443\u0435\u0442 \u0422\u041e\u041b\u042c\u041a\u041e unified ATR \u0444\u0443\u043d\u043a\u0446\u0438\u0438
        - \u041f\u043e\u0434\u0434\u0435\u0440\u0436\u043a\u0430 config/settings.py \u043f\u0430\u0440\u0430\u043c\u0435\u0442\u0440\u043e\u0432
        - \u0421\u0440\u0430\u0432\u043d\u0435\u043d\u0438\u0435 old vs new ATR \u0434\u043b\u044f \u043e\u0442\u043b\u0430\u0434\u043a\u0438
        - \u0410\u0434\u0430\u043f\u0442\u0438\u0432\u043d\u044b\u0435 \u0441\u0442\u043e\u043f-\u043b\u043e\u0441\u0441\u044b \u0441 \u0440\u044b\u043d\u043e\u0447\u043d\u044b\u043c\u0438 \u043c\u043e\u0434\u0438\u0444\u0438\u043a\u0430\u0442\u043e\u0440\u0430\u043c\u0438
        - \u0426\u0435\u043d\u0442\u0440\u0430\u043b\u0438\u0437\u043e\u0432\u0430\u043d\u043d\u043e\u0435 \u043b\u043e\u0433\u0438\u0440\u043e\u0432\u0430\u043d\u0438\u0435 \u0441 unified \u0441\u0442\u0438\u043b\u0435\u043c
        """
    
        def __init__(self):
            # \u2705 \u041f\u041e\u041b\u0423\u0427\u0410\u0415\u041c \u041a\u041e\u041d\u0424\u0418\u0413\u0423\u0420\u0410\u0426\u0418\u042e \u0418\u0417 SETTINGS
            try:
                from config.settings import TradingConfig
                self.config = TradingConfig()
    
                # ATR \u043a\u043e\u043d\u0444\u0438\u0433\u0443\u0440\u0430\u0446\u0438\u044f
                atr_config = self.config.get_atr_config()
                self.atr_period = atr_config["period"]
                self.atr_method = atr_config["risk_method"]
                self.atr_compare_enabled = atr_config["compare_enabled"]
    
                # \u0420\u0438\u0441\u043a \u043a\u043e\u043d\u0444\u0438\u0433\u0443\u0440\u0430\u0446\u0438\u044f
                risk_config = self.config.get_risk_config()
                self.min_stop_pct = risk_config["min_stop_pct"]
                self.max_stop_pct = risk_config["max_stop_pct"]
                self.volatility_lookback = risk_config["volatility_lookback"]
                self.volume_lookback = risk_config["volume_lookback"]
                self.market_modifiers = risk_config["market_modifiers"]
    
                logging.info(f"\U0001f6e1\ufe0f UnifiedRiskManager: ATR period={self.atr_period}, method={self.atr_method}")
    
            except Exception as e:
                logging.error(f"Failed to load config, using defaults: {e}")
                # Fallback \u043a \u0434\u0435\u0444\u043e\u043b\u0442\u043d\u044b\u043c \u0437\u043d\u0430\u0447\u0435\u043d\u0438\u044f\u043c
                self._load_defaults()
    
            # \u041c\u0443\u043b\u044c\u0442\u0438\u043f\u043b\u0438\u043a\u0430\u0442\u043e\u0440\u044b \u0440\u0438\u0441\u043a\u0430 \u043f\u043e \u0440\u044b\u043d\u043e\u0447\u043d\u044b\u043c \u0443\u0441\u043b\u043e\u0432\u0438\u044f\u043c
            self.risk_multipliers = {
                "STRONG_BULL": {"stop": 0.8, "volatility": 0.9},
                "WEAK_BULL": {"stop": 1.0, "volatility": 1.0},
                "SIDEWAYS": {"stop": 1.3, "volatility": 1.2},
                "WEAK_BEAR": {"stop": 1.1, "volatility": 1.1},
                "STRONG_BEAR": {"stop": 0.9, "volatility": 1.0}
            }
    
            # \u0413\u0440\u0430\u043d\u0438\u0446\u044b \u0440\u0438\u0441\u043a\u0430 \u0434\u043b\u044f \u043a\u043b\u0430\u0441\u0441\u0438\u0444\u0438\u043a\u0430\u0446\u0438\u0438
            self.risk_thresholds = {
                RiskLevel.LOW: {"vol": 0.02, "atr": 0.015},
                RiskLevel.MEDIUM: {"vol": 0.04, "atr": 0.03},
                RiskLevel.HIGH: {"vol": 0.06, "atr": 0.045},
                RiskLevel.EXTREME: {"vol": float("inf"), "atr": float("inf")}
            }
    
            # \u0421\u0442\u0430\u0442\u0438\u0441\u0442\u0438\u043a\u0430 \u0434\u043b\u044f \u043e\u0442\u043b\u0430\u0434\u043a\u0438
            self._stats = {
                "total_calculations": 0,
                "unified_atr_calls": 0,
                "fallback_calls": 0,
                "comparison_warnings": 0
            }
    
        def _load_defaults(self):
            """\u0417\u0430\u0433\u0440\u0443\u0437\u043a\u0430 \u0434\u0435\u0444\u043e\u043b\u0442\u043d\u044b\u0445 \u0437\u043d\u0430\u0447\u0435\u043d\u0438\u0439 \u043f\u0440\u0438 \u043e\u0448\u0438\u0431\u043a\u0435 \u043a\u043e\u043d\u0444\u0438\u0433\u0443\u0440\u0430\u0446\u0438\u0438"""
            self.atr_period = int(os.getenv("ATR_PERIOD", 14))
            self.atr_method = os.getenv("RISK_ATR_METHOD", "ewm").lower()
            self.atr_compare_enabled = os.getenv("RISK_ATR_COMPARE", "1") == "1"
            self.min_stop_pct = float(os.getenv("MIN_STOP_PCT", 0.005))
            self.max_stop_pct = float(os.getenv("MAX_STOP_PCT", 0.05))
            self.volatility_lookback = int(os.getenv("VOLATILITY_LOOKBACK", 20))
            self.volume_lookback = int(os.getenv("VOLUME_LOOKBACK", 20))
            self.market_modifiers = {
                "bull": float(os.getenv("BULL_MARKET_MODIFIER", -0.20)),
                "bear": float(os.getenv("BEAR_MARKET_MODIFIER", 0.40)),
                "overheated": float(os.getenv("OVERHEATED_MODIFIER", 0.30))
            }
    
        # =========================================================================
        # \u2705 UNIFIED ATR INTEGRATION
        # =========================================================================
    
        def get_unified_atr(self, df: pd.DataFrame, period: Optional[int] = None) -> float:
            """
            \u2705 \u0413\u041b\u0410\u0412\u041d\u0410\u042f \u0424\u0423\u041d\u041a\u0426\u0418\u042f: \u041f\u043e\u043b\u0443\u0447\u0435\u043d\u0438\u0435 ATR \u0447\u0435\u0440\u0435\u0437 unified \u0441\u0438\u0441\u0442\u0435\u043c\u0443
    
            Args:
                df: DataFrame \u0441 OHLCV \u0434\u0430\u043d\u043d\u044b\u043c\u0438
                period: \u041f\u0435\u0440\u0438\u043e\u0434 ATR (\u0435\u0441\u043b\u0438 None - \u0438\u0441\u043f\u043e\u043b\u044c\u0437\u0443\u0435\u0442 self.atr_period)
    
            Returns:
                float: ATR \u0437\u043d\u0430\u0447\u0435\u043d\u0438\u0435
            """
            try:
                from analysis.technical_indicators import _atr_for_risk_manager
    
                # \u0418\u0441\u043f\u043e\u043b\u044c\u0437\u0443\u0435\u043c \u043f\u0435\u0440\u0438\u043e\u0434 \u0438\u0437 \u043a\u043e\u043d\u0444\u0438\u0433\u0443\u0440\u0430\u0446\u0438\u0438 \u0435\u0441\u043b\u0438 \u043d\u0435 \u0437\u0430\u0434\u0430\u043d
                atr_period = period if period is not None else self.atr_period
    
                # \u2705 UNIFIED ATR CALL
                unified_atr = _atr_for_risk_manager(df, atr_period)
                self._stats["unified_atr_calls"] += 1
    
                # \u2705 \u041e\u041f\u0426\u0418\u041e\u041d\u0410\u041b\u042c\u041d\u041e\u0415 \u0421\u0420\u0410\u0412\u041d\u0415\u041d\u0418\u0415 \u0421 LEGACY (\u0434\u043b\u044f \u043e\u0442\u043b\u0430\u0434\u043a\u0438)
                if self.atr_compare_enabled:
                    self._compare_with_legacy_atr(df, unified_atr, atr_period)
    
                logging.debug(f"\U0001f6e1\ufe0f Risk Manager ATR (UNIFIED): {unified_atr:.6f} | period={atr_period} | method={self.atr_method}")
                return unified_atr
    
            except Exception as e:
                logging.error(f"\U0001f6e1\ufe0f Unified ATR failed in risk manager: {e}")
                self._stats["fallback_calls"] += 1
                return self._fallback_atr(df, period or self.atr_period)
    
        def _compare_with_legacy_atr(self, df: pd.DataFrame, unified_atr: float, period: int):
            """\u0421\u0440\u0430\u0432\u043d\u0435\u043d\u0438\u0435 unified ATR \u0441 legacy \u043c\u0435\u0442\u043e\u0434\u043e\u043c \u0434\u043b\u044f \u043e\u0442\u043b\u0430\u0434\u043a\u0438"""
            try:
                # Legacy ATR \u0440\u0430\u0441\u0447\u0435\u0442
                if df is None or df.empty or len(df) < period:
                    return
    
                high = df["high"].astype("float64")
                low = df["low"].astype("float64")
                close = df["close"].astype("float64")
    
                prev_close = close.shift(1)
                tr1 = (high - low).abs()
                tr2 = (high - prev_close).abs()
                tr3 = (low - prev_close).abs()
                tr = pd.concat([tr1, tr2, tr3], axis=1).max(axis=1)
    
                if self.atr_method == "sma":
                    legacy_atr = tr.rolling(window=period, min_periods=1).mean().iloc[-1]
                else:
                    legacy_atr = tr.ewm(alpha=1/period, adjust=False, min_periods=1).mean().iloc[-1]
    
                # \u0421\u0440\u0430\u0432\u043d\u0435\u043d\u0438\u0435
                difference = abs(unified_atr - legacy_atr)
                difference_pct = (difference / max(unified_atr, legacy_atr)) * 100
    
                if difference_pct > 1.0:  # \u0411\u043e\u043b\u044c\u0448\u0435 1% \u0440\u0430\u0441\u0445\u043e\u0436\u0434\u0435\u043d\u0438\u044f
                    self._stats["comparison_warnings"] += 1
                    logging.warning(f"\U0001f6e1\ufe0f ATR COMPARISON: unified={unified_atr:.6f}, legacy={legacy_atr:.6f}, diff={difference_pct:.2f}%")
                else:
                    logging.debug(f"\U0001f6e1\ufe0f ATR COMPARISON OK: diff={difference_pct:.2f}%")
    
            except Exception as e:
                logging.debug(f"ATR comparison failed: {e}")
    
        def _fallback_atr(self, df: pd.DataFrame, period: int) -> float:
            """\u041a\u0440\u0438\u0442\u0438\u0447\u0435\u0441\u043a\u0438\u0439 fallback \u0434\u043b\u044f ATR \u0440\u0430\u0441\u0447\u0435\u0442\u0430"""
            try:
                if df is None or df.empty:
                    return 100.0  # \u042d\u043a\u0441\u0442\u0440\u0435\u043c\u0430\u043b\u044c\u043d\u044b\u0439 fallback
    
                # \u041f\u0440\u043e\u0441\u0442\u0435\u0439\u0448\u0438\u0439 ATR \u0440\u0430\u0441\u0447\u0435\u0442
                price_range = (df["high"] - df["low"]).mean()
                return float(price_range) if pd.notna(price_range) and price_range > 0 else 100.0
    
            except Exception:
                return 100.0
    
        # =========================================================================
        # RISK METRICS CALCULATION
        # =========================================================================
    
        def calculate_risk_metrics(self, df: pd.DataFrame, market_condition: str = "SIDEWAYS") -> RiskMetrics:
            """\u2705 \u041e\u0411\u041d\u041e\u0412\u041b\u0415\u041d\u041e: \u0420\u0430\u0441\u0447\u0435\u0442 \u043c\u0435\u0442\u0440\u0438\u043a \u0440\u0438\u0441\u043a\u0430 \u0441 unified ATR"""
            if df is None or df.empty or len(df) < self.volatility_lookback:
                return self._default_risk_metrics()
    
            try:
                self._stats["total_calculations"] += 1
    
                # \u0412\u043e\u043b\u0430\u0442\u0438\u043b\u044c\u043d\u043e\u0441\u0442\u044c \u0434\u043e\u0445\u043e\u0434\u043d\u043e\u0441\u0442\u0435\u0439
                returns = df["close"].pct_change().dropna()
                if len(returns) >= self.volatility_lookback:
                    volatility = returns.rolling(self.volatility_lookback).std().iloc[-1]
                else:
                    volatility = returns.std()
                volatility = float(volatility) if pd.notna(volatility) else 0.03
    
                # \u2705 UNIFIED ATR
                atr = self.get_unified_atr(df)
                atr_normalized = atr / df["close"].iloc[-1] if df["close"].iloc[-1] > 0 else 0.02
    
                # \u041e\u0431\u044a\u0435\u043c\u043d\u044b\u0439 \u0430\u043d\u0430\u043b\u0438\u0437
                if "volume" in df.columns and len(df) >= self.volume_lookback:
                    volume_ma = df["volume"].rolling(self.volume_lookback).mean()
                    current_volume = df["volume"].iloc[-1]
                    volume_ratio = current_volume / volume_ma.iloc[-1] if volume_ma.iloc[-1] > 0 else 1.0
                else:
                    volume_ratio = 1.0
    
                # \u0421\u0438\u043b\u0430 \u0442\u0440\u0435\u043d\u0434\u0430
                ema_20 = df["close"].ewm(span=20).mean()
                trend_strength = self._calculate_trend_strength(ema_20)
    
                # \u041e\u043f\u0440\u0435\u0434\u0435\u043b\u0435\u043d\u0438\u0435 \u0443\u0440\u043e\u0432\u043d\u044f \u0440\u0438\u0441\u043a\u0430
                risk_level = self._determine_risk_level(volatility, atr_normalized)
    
                metrics = RiskMetrics(
                    volatility=float(volatility),
                    atr_normalized=float(atr_normalized),
                    volume_ratio=float(volume_ratio),
                    trend_strength=float(trend_strength),
                    market_condition=market_condition,
                    risk_level=risk_level
                )
    
                logging.debug(f"\U0001f6e1\ufe0f Risk metrics: vol={volatility:.4f}, atr_norm={atr_normalized:.4f}, level={risk_level.value}")
                return metrics
    
            except Exception as e:
                logging.error(f"\U0001f6e1\ufe0f Risk metrics calculation failed: {e}")
                return self._default_risk_metrics()
    
        def calculate_dynamic_stop_loss(self, entry_price: float, df: pd.DataFrame,
                                      market_condition: str = "SIDEWAYS") -> Tuple[float, Dict[str, Any]]:
            """\u2705 \u041e\u0411\u041d\u041e\u0412\u041b\u0415\u041d\u041e: \u0414\u0438\u043d\u0430\u043c\u0438\u0447\u0435\u0441\u043a\u0438\u0439 \u0441\u0442\u043e\u043f-\u043b\u043e\u0441\u0441 \u0441 unified ATR"""
            try:
                risk_metrics = self.calculate_risk_metrics(df, market_condition)
    
                # \u2705 UNIFIED ATR \u0434\u043b\u044f \u0441\u0442\u043e\u043f-\u043b\u043e\u0441\u0441\u0430
                atr = self.get_unified_atr(df)
    
                # \u0411\u0430\u0437\u043e\u0432\u044b\u0439 ATR \u0441\u0442\u043e\u043f (1.5x ATR \u043d\u0438\u0436\u0435 \u0432\u0445\u043e\u0434\u0430)
                base_atr_stop = entry_price - (atr * 1.5)
    
                # \u041c\u0443\u043b\u044c\u0442\u0438\u043f\u043b\u0438\u043a\u0430\u0442\u043e\u0440\u044b \u043d\u0430 \u043e\u0441\u043d\u043e\u0432\u0435 \u0440\u044b\u043d\u043e\u0447\u043d\u044b\u0445 \u0443\u0441\u043b\u043e\u0432\u0438\u0439
                volatility_multiplier = 1 + (risk_metrics.volatility * 5)
                market_multiplier = self.risk_multipliers.get(market_condition, {"stop": 1.0})["stop"]
                volume_multiplier = 1 / (1 + max(0, risk_metrics.volume_ratio - 1) * 0.3)
    
                # \u041a\u043e\u043c\u0431\u0438\u043d\u0438\u0440\u043e\u0432\u0430\u043d\u043d\u044b\u0439 \u043c\u0443\u043b\u044c\u0442\u0438\u043f\u043b\u0438\u043a\u0430\u0442\u043e\u0440
                combined_multiplier = volatility_multiplier * market_multiplier * volume_multiplier
    
                # \u0414\u0438\u043d\u0430\u043c\u0438\u0447\u0435\u0441\u043a\u0438\u0439 \u0441\u0442\u043e\u043f
                dynamic_stop = entry_price - (atr * 1.5 * combined_multiplier)
    
                # \u041f\u0440\u0438\u043c\u0435\u043d\u0435\u043d\u0438\u0435 \u0433\u0440\u0430\u043d\u0438\u0446
                min_stop = entry_price * (1 - self.min_stop_pct)
                max_stop = entry_price * (1 - self.max_stop_pct)
                final_stop = max(min_stop, min(dynamic_stop, max_stop))
    
                # \u0414\u0435\u0442\u0430\u043b\u0438 \u0434\u043b\u044f \u043b\u043e\u0433\u0438\u0440\u043e\u0432\u0430\u043d\u0438\u044f
                details = {
                    "entry_price": entry_price,
                    "base_atr_stop": base_atr_stop,
                    "atr_value": atr,
                    "atr_method": self.atr_method,
                    "volatility": risk_metrics.volatility,
                    "volatility_multiplier": volatility_multiplier,
                    "market_condition": market_condition,
                    "market_multiplier": market_multiplier,
                    "volume_multiplier": volume_multiplier,
                    "combined_multiplier": combined_multiplier,
                    "dynamic_stop": dynamic_stop,
                    "risk_level": risk_metrics.risk_level.value,
                    "final_stop_pct": round((entry_price - final_stop) / entry_price * 100, 2),
                    "min_stop_boundary": min_stop,
                    "max_stop_boundary": max_stop
                }
    
                logging.info(f"\U0001f6e1\ufe0f Dynamic SL: {final_stop:.6f} ({details['final_stop_pct']:.2f}%) | "
                            f"Risk: {risk_metrics.risk_level.value} | Market: {market_condition}")
    
                return final_stop, details
    
            except Exception as e:
                logging.error(f"\U0001f6e1\ufe0f Dynamic stop loss calculation failed: {e}")
                # Fallback \u043a \u043f\u0440\u043e\u0441\u0442\u043e\u043c\u0443 \u043f\u0440\u043e\u0446\u0435\u043d\u0442\u043d\u043e\u043c\u0443 \u0441\u0442\u043e\u043f\u0443
                fallback_stop = entry_price * (1 - 0.02)  # 2%
                return fallback_stop, {
                    "error": str(e),
                    "fallback_stop": fallback_stop,
                    "fallback_pct": 2.0
                }
    
        # =========================================================================
        # UTILITY METHODS
        # =========================================================================
    
        def _calculate_trend_strength(self, ema_series: pd.Series) -> float:
            """\u0420\u0430\u0441\u0447\u0435\u0442 \u0441\u0438\u043b\u044b \u0442\u0440\u0435\u043d\u0434\u0430 \u0447\u0435\u0440\u0435\u0437 \u0440\u0435\u0433\u0440\u0435\u0441\u0441\u0438\u044e"""
            if len(ema_series) < 5:
                return 0.0
    
            try:
                x = np.arange(5)
                y = ema_series.iloc[-5:].values
                if len(y) < 5 or not np.all(np.isfinite(y)):
                    return 0.0
                slope = np.polyfit(x, y, 1)[0]
                return float(np.clip((slope / y[-1]) * 1000, -1, 1))
            except Exception:
                return 0.0
    
        def _determine_risk_level(self, volatility: float, atr_normalized: float) -> RiskLevel:
            """\u041e\u043f\u0440\u0435\u0434\u0435\u043b\u0435\u043d\u0438\u0435 \u0443\u0440\u043e\u0432\u043d\u044f \u0440\u0438\u0441\u043a\u0430 \u043f\u043e \u043c\u0435\u0442\u0440\u0438\u043a\u0430\u043c"""
            for level, thresholds in self.risk_thresholds.items():
                if volatility <= thresholds["vol"] and atr_normalized <= thresholds["atr"]:
                    return level
            return RiskLevel.EXTREME
    
        def _default_risk_metrics(self) -> RiskMetrics:
            """\u0414\u0435\u0444\u043e\u043b\u0442\u043d\u044b\u0435 \u043c\u0435\u0442\u0440\u0438\u043a\u0438 \u043f\u0440\u0438 \u043e\u0448\u0438\u0431\u043a\u0430\u0445"""
            return RiskMetrics(
                volatility=0.03,
                atr_normalized=0.02,
                volume_ratio=1.0,
                trend_strength=0.0,
                market_condition="SIDEWAYS",
                risk_level=RiskLevel.MEDIUM
            )
    
        # =========================================================================
        # DIAGNOSTICS & MONITORING
        # =========================================================================
    
        def get_atr_diagnostics(self) -> Dict[str, Any]:
            """\u2705 \u041d\u041e\u0412\u041e\u0415: \u0414\u0438\u0430\u0433\u043d\u043e\u0441\u0442\u0438\u043a\u0430 unified ATR \u0441\u0438\u0441\u0442\u0435\u043c\u044b"""
            return {
                "config": {
                    "atr_period": self.atr_period,
                    "atr_method": self.atr_method,
                    "compare_enabled": self.atr_compare_enabled,
                    "min_stop_pct": self.min_stop_pct,
                    "max_stop_pct": self.max_stop_pct
                },
                "stats": dict(self._stats),
                "thresholds": {level.value: thresholds for level, thresholds in self.risk_thresholds.items()},
                "market_modifiers": self.risk_multipliers
            }
    
        def reset_stats(self):
            """\u0421\u0431\u0440\u043e\u0441 \u0441\u0442\u0430\u0442\u0438\u0441\u0442\u0438\u043a\u0438"""
            self._stats = {
                "total_calculations": 0,
                "unified_atr_calls": 0,
                "fallback_calls": 0,
                "comparison_warnings": 0
            }
            logging.info("\U0001f6e1\ufe0f Risk manager stats reset")
    
        def set_atr_method(self, method: str):
            """\u0418\u0437\u043c\u0435\u043d\u0435\u043d\u0438\u0435 \u043c\u0435\u0442\u043e\u0434\u0430 ATR \u0440\u0430\u0441\u0447\u0435\u0442\u0430"""
            if method.lower() in ["ewm", "sma"]:
                self.atr_method = method.lower()
                logging.info(f"\U0001f6e1\ufe0f ATR method changed to: {self.atr_method}")
            else:
                logging.error(f"\U0001f6e1\ufe0f Invalid ATR method: {method}")
    
        def enable_atr_comparison(self, enabled: bool):
            """\u0412\u043a\u043b\u044e\u0447\u0435\u043d\u0438\u0435/\u043e\u0442\u043a\u043b\u044e\u0447\u0435\u043d\u0438\u0435 \u0441\u0440\u0430\u0432\u043d\u0435\u043d\u0438\u044f ATR"""
            self.atr_compare_enabled = enabled
            logging.info(f"\U0001f6e1\ufe0f ATR comparison {'enabled' if enabled else 'disabled'}")
    
>       def validate_configuration(self) -> List[str]:
                                            ^^^^
E       NameError: name 'List' is not defined

trading\risk_manager.py:386: NameError
_ ERROR at setup of TestUnifiedRiskManager.test_calculate_take_profit_levels __

self = <test_risk_manager.TestUnifiedRiskManager object at 0x000001D9820DCA70>
mock_exchange = <Mock id='2033703496272'>
mock_state = <Mock id='2033703492576'>

    @pytest.fixture
    def risk_manager(self, mock_exchange, mock_state):
        """\u0421\u043e\u0437\u0434\u0430\u0435\u0442 \u044d\u043a\u0437\u0435\u043c\u043f\u043b\u044f\u0440 UnifiedRiskManager"""
        # \u0418\u043c\u043f\u043e\u0440\u0442\u0438\u0440\u0443\u0435\u043c \u0437\u0434\u0435\u0441\u044c, \u0447\u0442\u043e\u0431\u044b \u0438\u0437\u0431\u0435\u0436\u0430\u0442\u044c \u043e\u0448\u0438\u0431\u043e\u043a \u043f\u0440\u0438 \u0441\u0431\u043e\u0440\u0435 \u0442\u0435\u0441\u0442\u043e\u0432
>       from trading.risk_manager import UnifiedRiskManager

tests\test_risk_manager.py:43: 
_ _ _ _ _ _ _ _ _ _ _ _ _ _ _ _ _ _ _ _ _ _ _ _ _ _ _ _ _ _ _ _ _ _ _ _ _ _ _ _
trading\risk_manager.py:26: in <module>
    class UnifiedRiskManager:
_ _ _ _ _ _ _ _ _ _ _ _ _ _ _ _ _ _ _ _ _ _ _ _ _ _ _ _ _ _ _ _ _ _ _ _ _ _ _ _

    class UnifiedRiskManager:
        """
        \u2705 \u041f\u041e\u041b\u041d\u041e\u0421\u0422\u042c\u042e \u041f\u0415\u0420\u0415\u041f\u0418\u0421\u0410\u041d\u041d\u042b\u0419: Unified Risk Manager \u0441 \u0438\u043d\u0442\u0435\u0433\u0440\u0430\u0446\u0438\u0435\u0439 ATR \u0441\u0438\u0441\u0442\u0435\u043c\u044b
    
        \u041e\u0441\u043e\u0431\u0435\u043d\u043d\u043e\u0441\u0442\u0438:
        - \u0418\u0441\u043f\u043e\u043b\u044c\u0437\u0443\u0435\u0442 \u0422\u041e\u041b\u042c\u041a\u041e unified ATR \u0444\u0443\u043d\u043a\u0446\u0438\u0438
        - \u041f\u043e\u0434\u0434\u0435\u0440\u0436\u043a\u0430 config/settings.py \u043f\u0430\u0440\u0430\u043c\u0435\u0442\u0440\u043e\u0432
        - \u0421\u0440\u0430\u0432\u043d\u0435\u043d\u0438\u0435 old vs new ATR \u0434\u043b\u044f \u043e\u0442\u043b\u0430\u0434\u043a\u0438
        - \u0410\u0434\u0430\u043f\u0442\u0438\u0432\u043d\u044b\u0435 \u0441\u0442\u043e\u043f-\u043b\u043e\u0441\u0441\u044b \u0441 \u0440\u044b\u043d\u043e\u0447\u043d\u044b\u043c\u0438 \u043c\u043e\u0434\u0438\u0444\u0438\u043a\u0430\u0442\u043e\u0440\u0430\u043c\u0438
        - \u0426\u0435\u043d\u0442\u0440\u0430\u043b\u0438\u0437\u043e\u0432\u0430\u043d\u043d\u043e\u0435 \u043b\u043e\u0433\u0438\u0440\u043e\u0432\u0430\u043d\u0438\u0435 \u0441 unified \u0441\u0442\u0438\u043b\u0435\u043c
        """
    
        def __init__(self):
            # \u2705 \u041f\u041e\u041b\u0423\u0427\u0410\u0415\u041c \u041a\u041e\u041d\u0424\u0418\u0413\u0423\u0420\u0410\u0426\u0418\u042e \u0418\u0417 SETTINGS
            try:
                from config.settings import TradingConfig
                self.config = TradingConfig()
    
                # ATR \u043a\u043e\u043d\u0444\u0438\u0433\u0443\u0440\u0430\u0446\u0438\u044f
                atr_config = self.config.get_atr_config()
                self.atr_period = atr_config["period"]
                self.atr_method = atr_config["risk_method"]
                self.atr_compare_enabled = atr_config["compare_enabled"]
    
                # \u0420\u0438\u0441\u043a \u043a\u043e\u043d\u0444\u0438\u0433\u0443\u0440\u0430\u0446\u0438\u044f
                risk_config = self.config.get_risk_config()
                self.min_stop_pct = risk_config["min_stop_pct"]
                self.max_stop_pct = risk_config["max_stop_pct"]
                self.volatility_lookback = risk_config["volatility_lookback"]
                self.volume_lookback = risk_config["volume_lookback"]
                self.market_modifiers = risk_config["market_modifiers"]
    
                logging.info(f"\U0001f6e1\ufe0f UnifiedRiskManager: ATR period={self.atr_period}, method={self.atr_method}")
    
            except Exception as e:
                logging.error(f"Failed to load config, using defaults: {e}")
                # Fallback \u043a \u0434\u0435\u0444\u043e\u043b\u0442\u043d\u044b\u043c \u0437\u043d\u0430\u0447\u0435\u043d\u0438\u044f\u043c
                self._load_defaults()
    
            # \u041c\u0443\u043b\u044c\u0442\u0438\u043f\u043b\u0438\u043a\u0430\u0442\u043e\u0440\u044b \u0440\u0438\u0441\u043a\u0430 \u043f\u043e \u0440\u044b\u043d\u043e\u0447\u043d\u044b\u043c \u0443\u0441\u043b\u043e\u0432\u0438\u044f\u043c
            self.risk_multipliers = {
                "STRONG_BULL": {"stop": 0.8, "volatility": 0.9},
                "WEAK_BULL": {"stop": 1.0, "volatility": 1.0},
                "SIDEWAYS": {"stop": 1.3, "volatility": 1.2},
                "WEAK_BEAR": {"stop": 1.1, "volatility": 1.1},
                "STRONG_BEAR": {"stop": 0.9, "volatility": 1.0}
            }
    
            # \u0413\u0440\u0430\u043d\u0438\u0446\u044b \u0440\u0438\u0441\u043a\u0430 \u0434\u043b\u044f \u043a\u043b\u0430\u0441\u0441\u0438\u0444\u0438\u043a\u0430\u0446\u0438\u0438
            self.risk_thresholds = {
                RiskLevel.LOW: {"vol": 0.02, "atr": 0.015},
                RiskLevel.MEDIUM: {"vol": 0.04, "atr": 0.03},
                RiskLevel.HIGH: {"vol": 0.06, "atr": 0.045},
                RiskLevel.EXTREME: {"vol": float("inf"), "atr": float("inf")}
            }
    
            # \u0421\u0442\u0430\u0442\u0438\u0441\u0442\u0438\u043a\u0430 \u0434\u043b\u044f \u043e\u0442\u043b\u0430\u0434\u043a\u0438
            self._stats = {
                "total_calculations": 0,
                "unified_atr_calls": 0,
                "fallback_calls": 0,
                "comparison_warnings": 0
            }
    
        def _load_defaults(self):
            """\u0417\u0430\u0433\u0440\u0443\u0437\u043a\u0430 \u0434\u0435\u0444\u043e\u043b\u0442\u043d\u044b\u0445 \u0437\u043d\u0430\u0447\u0435\u043d\u0438\u0439 \u043f\u0440\u0438 \u043e\u0448\u0438\u0431\u043a\u0435 \u043a\u043e\u043d\u0444\u0438\u0433\u0443\u0440\u0430\u0446\u0438\u0438"""
            self.atr_period = int(os.getenv("ATR_PERIOD", 14))
            self.atr_method = os.getenv("RISK_ATR_METHOD", "ewm").lower()
            self.atr_compare_enabled = os.getenv("RISK_ATR_COMPARE", "1") == "1"
            self.min_stop_pct = float(os.getenv("MIN_STOP_PCT", 0.005))
            self.max_stop_pct = float(os.getenv("MAX_STOP_PCT", 0.05))
            self.volatility_lookback = int(os.getenv("VOLATILITY_LOOKBACK", 20))
            self.volume_lookback = int(os.getenv("VOLUME_LOOKBACK", 20))
            self.market_modifiers = {
                "bull": float(os.getenv("BULL_MARKET_MODIFIER", -0.20)),
                "bear": float(os.getenv("BEAR_MARKET_MODIFIER", 0.40)),
                "overheated": float(os.getenv("OVERHEATED_MODIFIER", 0.30))
            }
    
        # =========================================================================
        # \u2705 UNIFIED ATR INTEGRATION
        # =========================================================================
    
        def get_unified_atr(self, df: pd.DataFrame, period: Optional[int] = None) -> float:
            """
            \u2705 \u0413\u041b\u0410\u0412\u041d\u0410\u042f \u0424\u0423\u041d\u041a\u0426\u0418\u042f: \u041f\u043e\u043b\u0443\u0447\u0435\u043d\u0438\u0435 ATR \u0447\u0435\u0440\u0435\u0437 unified \u0441\u0438\u0441\u0442\u0435\u043c\u0443
    
            Args:
                df: DataFrame \u0441 OHLCV \u0434\u0430\u043d\u043d\u044b\u043c\u0438
                period: \u041f\u0435\u0440\u0438\u043e\u0434 ATR (\u0435\u0441\u043b\u0438 None - \u0438\u0441\u043f\u043e\u043b\u044c\u0437\u0443\u0435\u0442 self.atr_period)
    
            Returns:
                float: ATR \u0437\u043d\u0430\u0447\u0435\u043d\u0438\u0435
            """
            try:
                from analysis.technical_indicators import _atr_for_risk_manager
    
                # \u0418\u0441\u043f\u043e\u043b\u044c\u0437\u0443\u0435\u043c \u043f\u0435\u0440\u0438\u043e\u0434 \u0438\u0437 \u043a\u043e\u043d\u0444\u0438\u0433\u0443\u0440\u0430\u0446\u0438\u0438 \u0435\u0441\u043b\u0438 \u043d\u0435 \u0437\u0430\u0434\u0430\u043d
                atr_period = period if period is not None else self.atr_period
    
                # \u2705 UNIFIED ATR CALL
                unified_atr = _atr_for_risk_manager(df, atr_period)
                self._stats["unified_atr_calls"] += 1
    
                # \u2705 \u041e\u041f\u0426\u0418\u041e\u041d\u0410\u041b\u042c\u041d\u041e\u0415 \u0421\u0420\u0410\u0412\u041d\u0415\u041d\u0418\u0415 \u0421 LEGACY (\u0434\u043b\u044f \u043e\u0442\u043b\u0430\u0434\u043a\u0438)
                if self.atr_compare_enabled:
                    self._compare_with_legacy_atr(df, unified_atr, atr_period)
    
                logging.debug(f"\U0001f6e1\ufe0f Risk Manager ATR (UNIFIED): {unified_atr:.6f} | period={atr_period} | method={self.atr_method}")
                return unified_atr
    
            except Exception as e:
                logging.error(f"\U0001f6e1\ufe0f Unified ATR failed in risk manager: {e}")
                self._stats["fallback_calls"] += 1
                return self._fallback_atr(df, period or self.atr_period)
    
        def _compare_with_legacy_atr(self, df: pd.DataFrame, unified_atr: float, period: int):
            """\u0421\u0440\u0430\u0432\u043d\u0435\u043d\u0438\u0435 unified ATR \u0441 legacy \u043c\u0435\u0442\u043e\u0434\u043e\u043c \u0434\u043b\u044f \u043e\u0442\u043b\u0430\u0434\u043a\u0438"""
            try:
                # Legacy ATR \u0440\u0430\u0441\u0447\u0435\u0442
                if df is None or df.empty or len(df) < period:
                    return
    
                high = df["high"].astype("float64")
                low = df["low"].astype("float64")
                close = df["close"].astype("float64")
    
                prev_close = close.shift(1)
                tr1 = (high - low).abs()
                tr2 = (high - prev_close).abs()
                tr3 = (low - prev_close).abs()
                tr = pd.concat([tr1, tr2, tr3], axis=1).max(axis=1)
    
                if self.atr_method == "sma":
                    legacy_atr = tr.rolling(window=period, min_periods=1).mean().iloc[-1]
                else:
                    legacy_atr = tr.ewm(alpha=1/period, adjust=False, min_periods=1).mean().iloc[-1]
    
                # \u0421\u0440\u0430\u0432\u043d\u0435\u043d\u0438\u0435
                difference = abs(unified_atr - legacy_atr)
                difference_pct = (difference / max(unified_atr, legacy_atr)) * 100
    
                if difference_pct > 1.0:  # \u0411\u043e\u043b\u044c\u0448\u0435 1% \u0440\u0430\u0441\u0445\u043e\u0436\u0434\u0435\u043d\u0438\u044f
                    self._stats["comparison_warnings"] += 1
                    logging.warning(f"\U0001f6e1\ufe0f ATR COMPARISON: unified={unified_atr:.6f}, legacy={legacy_atr:.6f}, diff={difference_pct:.2f}%")
                else:
                    logging.debug(f"\U0001f6e1\ufe0f ATR COMPARISON OK: diff={difference_pct:.2f}%")
    
            except Exception as e:
                logging.debug(f"ATR comparison failed: {e}")
    
        def _fallback_atr(self, df: pd.DataFrame, period: int) -> float:
            """\u041a\u0440\u0438\u0442\u0438\u0447\u0435\u0441\u043a\u0438\u0439 fallback \u0434\u043b\u044f ATR \u0440\u0430\u0441\u0447\u0435\u0442\u0430"""
            try:
                if df is None or df.empty:
                    return 100.0  # \u042d\u043a\u0441\u0442\u0440\u0435\u043c\u0430\u043b\u044c\u043d\u044b\u0439 fallback
    
                # \u041f\u0440\u043e\u0441\u0442\u0435\u0439\u0448\u0438\u0439 ATR \u0440\u0430\u0441\u0447\u0435\u0442
                price_range = (df["high"] - df["low"]).mean()
                return float(price_range) if pd.notna(price_range) and price_range > 0 else 100.0
    
            except Exception:
                return 100.0
    
        # =========================================================================
        # RISK METRICS CALCULATION
        # =========================================================================
    
        def calculate_risk_metrics(self, df: pd.DataFrame, market_condition: str = "SIDEWAYS") -> RiskMetrics:
            """\u2705 \u041e\u0411\u041d\u041e\u0412\u041b\u0415\u041d\u041e: \u0420\u0430\u0441\u0447\u0435\u0442 \u043c\u0435\u0442\u0440\u0438\u043a \u0440\u0438\u0441\u043a\u0430 \u0441 unified ATR"""
            if df is None or df.empty or len(df) < self.volatility_lookback:
                return self._default_risk_metrics()
    
            try:
                self._stats["total_calculations"] += 1
    
                # \u0412\u043e\u043b\u0430\u0442\u0438\u043b\u044c\u043d\u043e\u0441\u0442\u044c \u0434\u043e\u0445\u043e\u0434\u043d\u043e\u0441\u0442\u0435\u0439
                returns = df["close"].pct_change().dropna()
                if len(returns) >= self.volatility_lookback:
                    volatility = returns.rolling(self.volatility_lookback).std().iloc[-1]
                else:
                    volatility = returns.std()
                volatility = float(volatility) if pd.notna(volatility) else 0.03
    
                # \u2705 UNIFIED ATR
                atr = self.get_unified_atr(df)
                atr_normalized = atr / df["close"].iloc[-1] if df["close"].iloc[-1] > 0 else 0.02
    
                # \u041e\u0431\u044a\u0435\u043c\u043d\u044b\u0439 \u0430\u043d\u0430\u043b\u0438\u0437
                if "volume" in df.columns and len(df) >= self.volume_lookback:
                    volume_ma = df["volume"].rolling(self.volume_lookback).mean()
                    current_volume = df["volume"].iloc[-1]
                    volume_ratio = current_volume / volume_ma.iloc[-1] if volume_ma.iloc[-1] > 0 else 1.0
                else:
                    volume_ratio = 1.0
    
                # \u0421\u0438\u043b\u0430 \u0442\u0440\u0435\u043d\u0434\u0430
                ema_20 = df["close"].ewm(span=20).mean()
                trend_strength = self._calculate_trend_strength(ema_20)
    
                # \u041e\u043f\u0440\u0435\u0434\u0435\u043b\u0435\u043d\u0438\u0435 \u0443\u0440\u043e\u0432\u043d\u044f \u0440\u0438\u0441\u043a\u0430
                risk_level = self._determine_risk_level(volatility, atr_normalized)
    
                metrics = RiskMetrics(
                    volatility=float(volatility),
                    atr_normalized=float(atr_normalized),
                    volume_ratio=float(volume_ratio),
                    trend_strength=float(trend_strength),
                    market_condition=market_condition,
                    risk_level=risk_level
                )
    
                logging.debug(f"\U0001f6e1\ufe0f Risk metrics: vol={volatility:.4f}, atr_norm={atr_normalized:.4f}, level={risk_level.value}")
                return metrics
    
            except Exception as e:
                logging.error(f"\U0001f6e1\ufe0f Risk metrics calculation failed: {e}")
                return self._default_risk_metrics()
    
        def calculate_dynamic_stop_loss(self, entry_price: float, df: pd.DataFrame,
                                      market_condition: str = "SIDEWAYS") -> Tuple[float, Dict[str, Any]]:
            """\u2705 \u041e\u0411\u041d\u041e\u0412\u041b\u0415\u041d\u041e: \u0414\u0438\u043d\u0430\u043c\u0438\u0447\u0435\u0441\u043a\u0438\u0439 \u0441\u0442\u043e\u043f-\u043b\u043e\u0441\u0441 \u0441 unified ATR"""
            try:
                risk_metrics = self.calculate_risk_metrics(df, market_condition)
    
                # \u2705 UNIFIED ATR \u0434\u043b\u044f \u0441\u0442\u043e\u043f-\u043b\u043e\u0441\u0441\u0430
                atr = self.get_unified_atr(df)
    
                # \u0411\u0430\u0437\u043e\u0432\u044b\u0439 ATR \u0441\u0442\u043e\u043f (1.5x ATR \u043d\u0438\u0436\u0435 \u0432\u0445\u043e\u0434\u0430)
                base_atr_stop = entry_price - (atr * 1.5)
    
                # \u041c\u0443\u043b\u044c\u0442\u0438\u043f\u043b\u0438\u043a\u0430\u0442\u043e\u0440\u044b \u043d\u0430 \u043e\u0441\u043d\u043e\u0432\u0435 \u0440\u044b\u043d\u043e\u0447\u043d\u044b\u0445 \u0443\u0441\u043b\u043e\u0432\u0438\u0439
                volatility_multiplier = 1 + (risk_metrics.volatility * 5)
                market_multiplier = self.risk_multipliers.get(market_condition, {"stop": 1.0})["stop"]
                volume_multiplier = 1 / (1 + max(0, risk_metrics.volume_ratio - 1) * 0.3)
    
                # \u041a\u043e\u043c\u0431\u0438\u043d\u0438\u0440\u043e\u0432\u0430\u043d\u043d\u044b\u0439 \u043c\u0443\u043b\u044c\u0442\u0438\u043f\u043b\u0438\u043a\u0430\u0442\u043e\u0440
                combined_multiplier = volatility_multiplier * market_multiplier * volume_multiplier
    
                # \u0414\u0438\u043d\u0430\u043c\u0438\u0447\u0435\u0441\u043a\u0438\u0439 \u0441\u0442\u043e\u043f
                dynamic_stop = entry_price - (atr * 1.5 * combined_multiplier)
    
                # \u041f\u0440\u0438\u043c\u0435\u043d\u0435\u043d\u0438\u0435 \u0433\u0440\u0430\u043d\u0438\u0446
                min_stop = entry_price * (1 - self.min_stop_pct)
                max_stop = entry_price * (1 - self.max_stop_pct)
                final_stop = max(min_stop, min(dynamic_stop, max_stop))
    
                # \u0414\u0435\u0442\u0430\u043b\u0438 \u0434\u043b\u044f \u043b\u043e\u0433\u0438\u0440\u043e\u0432\u0430\u043d\u0438\u044f
                details = {
                    "entry_price": entry_price,
                    "base_atr_stop": base_atr_stop,
                    "atr_value": atr,
                    "atr_method": self.atr_method,
                    "volatility": risk_metrics.volatility,
                    "volatility_multiplier": volatility_multiplier,
                    "market_condition": market_condition,
                    "market_multiplier": market_multiplier,
                    "volume_multiplier": volume_multiplier,
                    "combined_multiplier": combined_multiplier,
                    "dynamic_stop": dynamic_stop,
                    "risk_level": risk_metrics.risk_level.value,
                    "final_stop_pct": round((entry_price - final_stop) / entry_price * 100, 2),
                    "min_stop_boundary": min_stop,
                    "max_stop_boundary": max_stop
                }
    
                logging.info(f"\U0001f6e1\ufe0f Dynamic SL: {final_stop:.6f} ({details['final_stop_pct']:.2f}%) | "
                            f"Risk: {risk_metrics.risk_level.value} | Market: {market_condition}")
    
                return final_stop, details
    
            except Exception as e:
                logging.error(f"\U0001f6e1\ufe0f Dynamic stop loss calculation failed: {e}")
                # Fallback \u043a \u043f\u0440\u043e\u0441\u0442\u043e\u043c\u0443 \u043f\u0440\u043e\u0446\u0435\u043d\u0442\u043d\u043e\u043c\u0443 \u0441\u0442\u043e\u043f\u0443
                fallback_stop = entry_price * (1 - 0.02)  # 2%
                return fallback_stop, {
                    "error": str(e),
                    "fallback_stop": fallback_stop,
                    "fallback_pct": 2.0
                }
    
        # =========================================================================
        # UTILITY METHODS
        # =========================================================================
    
        def _calculate_trend_strength(self, ema_series: pd.Series) -> float:
            """\u0420\u0430\u0441\u0447\u0435\u0442 \u0441\u0438\u043b\u044b \u0442\u0440\u0435\u043d\u0434\u0430 \u0447\u0435\u0440\u0435\u0437 \u0440\u0435\u0433\u0440\u0435\u0441\u0441\u0438\u044e"""
            if len(ema_series) < 5:
                return 0.0
    
            try:
                x = np.arange(5)
                y = ema_series.iloc[-5:].values
                if len(y) < 5 or not np.all(np.isfinite(y)):
                    return 0.0
                slope = np.polyfit(x, y, 1)[0]
                return float(np.clip((slope / y[-1]) * 1000, -1, 1))
            except Exception:
                return 0.0
    
        def _determine_risk_level(self, volatility: float, atr_normalized: float) -> RiskLevel:
            """\u041e\u043f\u0440\u0435\u0434\u0435\u043b\u0435\u043d\u0438\u0435 \u0443\u0440\u043e\u0432\u043d\u044f \u0440\u0438\u0441\u043a\u0430 \u043f\u043e \u043c\u0435\u0442\u0440\u0438\u043a\u0430\u043c"""
            for level, thresholds in self.risk_thresholds.items():
                if volatility <= thresholds["vol"] and atr_normalized <= thresholds["atr"]:
                    return level
            return RiskLevel.EXTREME
    
        def _default_risk_metrics(self) -> RiskMetrics:
            """\u0414\u0435\u0444\u043e\u043b\u0442\u043d\u044b\u0435 \u043c\u0435\u0442\u0440\u0438\u043a\u0438 \u043f\u0440\u0438 \u043e\u0448\u0438\u0431\u043a\u0430\u0445"""
            return RiskMetrics(
                volatility=0.03,
                atr_normalized=0.02,
                volume_ratio=1.0,
                trend_strength=0.0,
                market_condition="SIDEWAYS",
                risk_level=RiskLevel.MEDIUM
            )
    
        # =========================================================================
        # DIAGNOSTICS & MONITORING
        # =========================================================================
    
        def get_atr_diagnostics(self) -> Dict[str, Any]:
            """\u2705 \u041d\u041e\u0412\u041e\u0415: \u0414\u0438\u0430\u0433\u043d\u043e\u0441\u0442\u0438\u043a\u0430 unified ATR \u0441\u0438\u0441\u0442\u0435\u043c\u044b"""
            return {
                "config": {
                    "atr_period": self.atr_period,
                    "atr_method": self.atr_method,
                    "compare_enabled": self.atr_compare_enabled,
                    "min_stop_pct": self.min_stop_pct,
                    "max_stop_pct": self.max_stop_pct
                },
                "stats": dict(self._stats),
                "thresholds": {level.value: thresholds for level, thresholds in self.risk_thresholds.items()},
                "market_modifiers": self.risk_multipliers
            }
    
        def reset_stats(self):
            """\u0421\u0431\u0440\u043e\u0441 \u0441\u0442\u0430\u0442\u0438\u0441\u0442\u0438\u043a\u0438"""
            self._stats = {
                "total_calculations": 0,
                "unified_atr_calls": 0,
                "fallback_calls": 0,
                "comparison_warnings": 0
            }
            logging.info("\U0001f6e1\ufe0f Risk manager stats reset")
    
        def set_atr_method(self, method: str):
            """\u0418\u0437\u043c\u0435\u043d\u0435\u043d\u0438\u0435 \u043c\u0435\u0442\u043e\u0434\u0430 ATR \u0440\u0430\u0441\u0447\u0435\u0442\u0430"""
            if method.lower() in ["ewm", "sma"]:
                self.atr_method = method.lower()
                logging.info(f"\U0001f6e1\ufe0f ATR method changed to: {self.atr_method}")
            else:
                logging.error(f"\U0001f6e1\ufe0f Invalid ATR method: {method}")
    
        def enable_atr_comparison(self, enabled: bool):
            """\u0412\u043a\u043b\u044e\u0447\u0435\u043d\u0438\u0435/\u043e\u0442\u043a\u043b\u044e\u0447\u0435\u043d\u0438\u0435 \u0441\u0440\u0430\u0432\u043d\u0435\u043d\u0438\u044f ATR"""
            self.atr_compare_enabled = enabled
            logging.info(f"\U0001f6e1\ufe0f ATR comparison {'enabled' if enabled else 'disabled'}")
    
>       def validate_configuration(self) -> List[str]:
                                            ^^^^
E       NameError: name 'List' is not defined

trading\risk_manager.py:386: NameError
____ ERROR at setup of TestUnifiedRiskManager.test_check_daily_loss_limit _____

self = <test_risk_manager.TestUnifiedRiskManager object at 0x000001D981FD2690>
mock_exchange = <Mock id='2033703492912'>
mock_state = <Mock id='2033703486528'>

    @pytest.fixture
    def risk_manager(self, mock_exchange, mock_state):
        """\u0421\u043e\u0437\u0434\u0430\u0435\u0442 \u044d\u043a\u0437\u0435\u043c\u043f\u043b\u044f\u0440 UnifiedRiskManager"""
        # \u0418\u043c\u043f\u043e\u0440\u0442\u0438\u0440\u0443\u0435\u043c \u0437\u0434\u0435\u0441\u044c, \u0447\u0442\u043e\u0431\u044b \u0438\u0437\u0431\u0435\u0436\u0430\u0442\u044c \u043e\u0448\u0438\u0431\u043e\u043a \u043f\u0440\u0438 \u0441\u0431\u043e\u0440\u0435 \u0442\u0435\u0441\u0442\u043e\u0432
>       from trading.risk_manager import UnifiedRiskManager

tests\test_risk_manager.py:43: 
_ _ _ _ _ _ _ _ _ _ _ _ _ _ _ _ _ _ _ _ _ _ _ _ _ _ _ _ _ _ _ _ _ _ _ _ _ _ _ _
trading\risk_manager.py:26: in <module>
    class UnifiedRiskManager:
_ _ _ _ _ _ _ _ _ _ _ _ _ _ _ _ _ _ _ _ _ _ _ _ _ _ _ _ _ _ _ _ _ _ _ _ _ _ _ _

    class UnifiedRiskManager:
        """
        \u2705 \u041f\u041e\u041b\u041d\u041e\u0421\u0422\u042c\u042e \u041f\u0415\u0420\u0415\u041f\u0418\u0421\u0410\u041d\u041d\u042b\u0419: Unified Risk Manager \u0441 \u0438\u043d\u0442\u0435\u0433\u0440\u0430\u0446\u0438\u0435\u0439 ATR \u0441\u0438\u0441\u0442\u0435\u043c\u044b
    
        \u041e\u0441\u043e\u0431\u0435\u043d\u043d\u043e\u0441\u0442\u0438:
        - \u0418\u0441\u043f\u043e\u043b\u044c\u0437\u0443\u0435\u0442 \u0422\u041e\u041b\u042c\u041a\u041e unified ATR \u0444\u0443\u043d\u043a\u0446\u0438\u0438
        - \u041f\u043e\u0434\u0434\u0435\u0440\u0436\u043a\u0430 config/settings.py \u043f\u0430\u0440\u0430\u043c\u0435\u0442\u0440\u043e\u0432
        - \u0421\u0440\u0430\u0432\u043d\u0435\u043d\u0438\u0435 old vs new ATR \u0434\u043b\u044f \u043e\u0442\u043b\u0430\u0434\u043a\u0438
        - \u0410\u0434\u0430\u043f\u0442\u0438\u0432\u043d\u044b\u0435 \u0441\u0442\u043e\u043f-\u043b\u043e\u0441\u0441\u044b \u0441 \u0440\u044b\u043d\u043e\u0447\u043d\u044b\u043c\u0438 \u043c\u043e\u0434\u0438\u0444\u0438\u043a\u0430\u0442\u043e\u0440\u0430\u043c\u0438
        - \u0426\u0435\u043d\u0442\u0440\u0430\u043b\u0438\u0437\u043e\u0432\u0430\u043d\u043d\u043e\u0435 \u043b\u043e\u0433\u0438\u0440\u043e\u0432\u0430\u043d\u0438\u0435 \u0441 unified \u0441\u0442\u0438\u043b\u0435\u043c
        """
    
        def __init__(self):
            # \u2705 \u041f\u041e\u041b\u0423\u0427\u0410\u0415\u041c \u041a\u041e\u041d\u0424\u0418\u0413\u0423\u0420\u0410\u0426\u0418\u042e \u0418\u0417 SETTINGS
            try:
                from config.settings import TradingConfig
                self.config = TradingConfig()
    
                # ATR \u043a\u043e\u043d\u0444\u0438\u0433\u0443\u0440\u0430\u0446\u0438\u044f
                atr_config = self.config.get_atr_config()
                self.atr_period = atr_config["period"]
                self.atr_method = atr_config["risk_method"]
                self.atr_compare_enabled = atr_config["compare_enabled"]
    
                # \u0420\u0438\u0441\u043a \u043a\u043e\u043d\u0444\u0438\u0433\u0443\u0440\u0430\u0446\u0438\u044f
                risk_config = self.config.get_risk_config()
                self.min_stop_pct = risk_config["min_stop_pct"]
                self.max_stop_pct = risk_config["max_stop_pct"]
                self.volatility_lookback = risk_config["volatility_lookback"]
                self.volume_lookback = risk_config["volume_lookback"]
                self.market_modifiers = risk_config["market_modifiers"]
    
                logging.info(f"\U0001f6e1\ufe0f UnifiedRiskManager: ATR period={self.atr_period}, method={self.atr_method}")
    
            except Exception as e:
                logging.error(f"Failed to load config, using defaults: {e}")
                # Fallback \u043a \u0434\u0435\u0444\u043e\u043b\u0442\u043d\u044b\u043c \u0437\u043d\u0430\u0447\u0435\u043d\u0438\u044f\u043c
                self._load_defaults()
    
            # \u041c\u0443\u043b\u044c\u0442\u0438\u043f\u043b\u0438\u043a\u0430\u0442\u043e\u0440\u044b \u0440\u0438\u0441\u043a\u0430 \u043f\u043e \u0440\u044b\u043d\u043e\u0447\u043d\u044b\u043c \u0443\u0441\u043b\u043e\u0432\u0438\u044f\u043c
            self.risk_multipliers = {
                "STRONG_BULL": {"stop": 0.8, "volatility": 0.9},
                "WEAK_BULL": {"stop": 1.0, "volatility": 1.0},
                "SIDEWAYS": {"stop": 1.3, "volatility": 1.2},
                "WEAK_BEAR": {"stop": 1.1, "volatility": 1.1},
                "STRONG_BEAR": {"stop": 0.9, "volatility": 1.0}
            }
    
            # \u0413\u0440\u0430\u043d\u0438\u0446\u044b \u0440\u0438\u0441\u043a\u0430 \u0434\u043b\u044f \u043a\u043b\u0430\u0441\u0441\u0438\u0444\u0438\u043a\u0430\u0446\u0438\u0438
            self.risk_thresholds = {
                RiskLevel.LOW: {"vol": 0.02, "atr": 0.015},
                RiskLevel.MEDIUM: {"vol": 0.04, "atr": 0.03},
                RiskLevel.HIGH: {"vol": 0.06, "atr": 0.045},
                RiskLevel.EXTREME: {"vol": float("inf"), "atr": float("inf")}
            }
    
            # \u0421\u0442\u0430\u0442\u0438\u0441\u0442\u0438\u043a\u0430 \u0434\u043b\u044f \u043e\u0442\u043b\u0430\u0434\u043a\u0438
            self._stats = {
                "total_calculations": 0,
                "unified_atr_calls": 0,
                "fallback_calls": 0,
                "comparison_warnings": 0
            }
    
        def _load_defaults(self):
            """\u0417\u0430\u0433\u0440\u0443\u0437\u043a\u0430 \u0434\u0435\u0444\u043e\u043b\u0442\u043d\u044b\u0445 \u0437\u043d\u0430\u0447\u0435\u043d\u0438\u0439 \u043f\u0440\u0438 \u043e\u0448\u0438\u0431\u043a\u0435 \u043a\u043e\u043d\u0444\u0438\u0433\u0443\u0440\u0430\u0446\u0438\u0438"""
            self.atr_period = int(os.getenv("ATR_PERIOD", 14))
            self.atr_method = os.getenv("RISK_ATR_METHOD", "ewm").lower()
            self.atr_compare_enabled = os.getenv("RISK_ATR_COMPARE", "1") == "1"
            self.min_stop_pct = float(os.getenv("MIN_STOP_PCT", 0.005))
            self.max_stop_pct = float(os.getenv("MAX_STOP_PCT", 0.05))
            self.volatility_lookback = int(os.getenv("VOLATILITY_LOOKBACK", 20))
            self.volume_lookback = int(os.getenv("VOLUME_LOOKBACK", 20))
            self.market_modifiers = {
                "bull": float(os.getenv("BULL_MARKET_MODIFIER", -0.20)),
                "bear": float(os.getenv("BEAR_MARKET_MODIFIER", 0.40)),
                "overheated": float(os.getenv("OVERHEATED_MODIFIER", 0.30))
            }
    
        # =========================================================================
        # \u2705 UNIFIED ATR INTEGRATION
        # =========================================================================
    
        def get_unified_atr(self, df: pd.DataFrame, period: Optional[int] = None) -> float:
            """
            \u2705 \u0413\u041b\u0410\u0412\u041d\u0410\u042f \u0424\u0423\u041d\u041a\u0426\u0418\u042f: \u041f\u043e\u043b\u0443\u0447\u0435\u043d\u0438\u0435 ATR \u0447\u0435\u0440\u0435\u0437 unified \u0441\u0438\u0441\u0442\u0435\u043c\u0443
    
            Args:
                df: DataFrame \u0441 OHLCV \u0434\u0430\u043d\u043d\u044b\u043c\u0438
                period: \u041f\u0435\u0440\u0438\u043e\u0434 ATR (\u0435\u0441\u043b\u0438 None - \u0438\u0441\u043f\u043e\u043b\u044c\u0437\u0443\u0435\u0442 self.atr_period)
    
            Returns:
                float: ATR \u0437\u043d\u0430\u0447\u0435\u043d\u0438\u0435
            """
            try:
                from analysis.technical_indicators import _atr_for_risk_manager
    
                # \u0418\u0441\u043f\u043e\u043b\u044c\u0437\u0443\u0435\u043c \u043f\u0435\u0440\u0438\u043e\u0434 \u0438\u0437 \u043a\u043e\u043d\u0444\u0438\u0433\u0443\u0440\u0430\u0446\u0438\u0438 \u0435\u0441\u043b\u0438 \u043d\u0435 \u0437\u0430\u0434\u0430\u043d
                atr_period = period if period is not None else self.atr_period
    
                # \u2705 UNIFIED ATR CALL
                unified_atr = _atr_for_risk_manager(df, atr_period)
                self._stats["unified_atr_calls"] += 1
    
                # \u2705 \u041e\u041f\u0426\u0418\u041e\u041d\u0410\u041b\u042c\u041d\u041e\u0415 \u0421\u0420\u0410\u0412\u041d\u0415\u041d\u0418\u0415 \u0421 LEGACY (\u0434\u043b\u044f \u043e\u0442\u043b\u0430\u0434\u043a\u0438)
                if self.atr_compare_enabled:
                    self._compare_with_legacy_atr(df, unified_atr, atr_period)
    
                logging.debug(f"\U0001f6e1\ufe0f Risk Manager ATR (UNIFIED): {unified_atr:.6f} | period={atr_period} | method={self.atr_method}")
                return unified_atr
    
            except Exception as e:
                logging.error(f"\U0001f6e1\ufe0f Unified ATR failed in risk manager: {e}")
                self._stats["fallback_calls"] += 1
                return self._fallback_atr(df, period or self.atr_period)
    
        def _compare_with_legacy_atr(self, df: pd.DataFrame, unified_atr: float, period: int):
            """\u0421\u0440\u0430\u0432\u043d\u0435\u043d\u0438\u0435 unified ATR \u0441 legacy \u043c\u0435\u0442\u043e\u0434\u043e\u043c \u0434\u043b\u044f \u043e\u0442\u043b\u0430\u0434\u043a\u0438"""
            try:
                # Legacy ATR \u0440\u0430\u0441\u0447\u0435\u0442
                if df is None or df.empty or len(df) < period:
                    return
    
                high = df["high"].astype("float64")
                low = df["low"].astype("float64")
                close = df["close"].astype("float64")
    
                prev_close = close.shift(1)
                tr1 = (high - low).abs()
                tr2 = (high - prev_close).abs()
                tr3 = (low - prev_close).abs()
                tr = pd.concat([tr1, tr2, tr3], axis=1).max(axis=1)
    
                if self.atr_method == "sma":
                    legacy_atr = tr.rolling(window=period, min_periods=1).mean().iloc[-1]
                else:
                    legacy_atr = tr.ewm(alpha=1/period, adjust=False, min_periods=1).mean().iloc[-1]
    
                # \u0421\u0440\u0430\u0432\u043d\u0435\u043d\u0438\u0435
                difference = abs(unified_atr - legacy_atr)
                difference_pct = (difference / max(unified_atr, legacy_atr)) * 100
    
                if difference_pct > 1.0:  # \u0411\u043e\u043b\u044c\u0448\u0435 1% \u0440\u0430\u0441\u0445\u043e\u0436\u0434\u0435\u043d\u0438\u044f
                    self._stats["comparison_warnings"] += 1
                    logging.warning(f"\U0001f6e1\ufe0f ATR COMPARISON: unified={unified_atr:.6f}, legacy={legacy_atr:.6f}, diff={difference_pct:.2f}%")
                else:
                    logging.debug(f"\U0001f6e1\ufe0f ATR COMPARISON OK: diff={difference_pct:.2f}%")
    
            except Exception as e:
                logging.debug(f"ATR comparison failed: {e}")
    
        def _fallback_atr(self, df: pd.DataFrame, period: int) -> float:
            """\u041a\u0440\u0438\u0442\u0438\u0447\u0435\u0441\u043a\u0438\u0439 fallback \u0434\u043b\u044f ATR \u0440\u0430\u0441\u0447\u0435\u0442\u0430"""
            try:
                if df is None or df.empty:
                    return 100.0  # \u042d\u043a\u0441\u0442\u0440\u0435\u043c\u0430\u043b\u044c\u043d\u044b\u0439 fallback
    
                # \u041f\u0440\u043e\u0441\u0442\u0435\u0439\u0448\u0438\u0439 ATR \u0440\u0430\u0441\u0447\u0435\u0442
                price_range = (df["high"] - df["low"]).mean()
                return float(price_range) if pd.notna(price_range) and price_range > 0 else 100.0
    
            except Exception:
                return 100.0
    
        # =========================================================================
        # RISK METRICS CALCULATION
        # =========================================================================
    
        def calculate_risk_metrics(self, df: pd.DataFrame, market_condition: str = "SIDEWAYS") -> RiskMetrics:
            """\u2705 \u041e\u0411\u041d\u041e\u0412\u041b\u0415\u041d\u041e: \u0420\u0430\u0441\u0447\u0435\u0442 \u043c\u0435\u0442\u0440\u0438\u043a \u0440\u0438\u0441\u043a\u0430 \u0441 unified ATR"""
            if df is None or df.empty or len(df) < self.volatility_lookback:
                return self._default_risk_metrics()
    
            try:
                self._stats["total_calculations"] += 1
    
                # \u0412\u043e\u043b\u0430\u0442\u0438\u043b\u044c\u043d\u043e\u0441\u0442\u044c \u0434\u043e\u0445\u043e\u0434\u043d\u043e\u0441\u0442\u0435\u0439
                returns = df["close"].pct_change().dropna()
                if len(returns) >= self.volatility_lookback:
                    volatility = returns.rolling(self.volatility_lookback).std().iloc[-1]
                else:
                    volatility = returns.std()
                volatility = float(volatility) if pd.notna(volatility) else 0.03
    
                # \u2705 UNIFIED ATR
                atr = self.get_unified_atr(df)
                atr_normalized = atr / df["close"].iloc[-1] if df["close"].iloc[-1] > 0 else 0.02
    
                # \u041e\u0431\u044a\u0435\u043c\u043d\u044b\u0439 \u0430\u043d\u0430\u043b\u0438\u0437
                if "volume" in df.columns and len(df) >= self.volume_lookback:
                    volume_ma = df["volume"].rolling(self.volume_lookback).mean()
                    current_volume = df["volume"].iloc[-1]
                    volume_ratio = current_volume / volume_ma.iloc[-1] if volume_ma.iloc[-1] > 0 else 1.0
                else:
                    volume_ratio = 1.0
    
                # \u0421\u0438\u043b\u0430 \u0442\u0440\u0435\u043d\u0434\u0430
                ema_20 = df["close"].ewm(span=20).mean()
                trend_strength = self._calculate_trend_strength(ema_20)
    
                # \u041e\u043f\u0440\u0435\u0434\u0435\u043b\u0435\u043d\u0438\u0435 \u0443\u0440\u043e\u0432\u043d\u044f \u0440\u0438\u0441\u043a\u0430
                risk_level = self._determine_risk_level(volatility, atr_normalized)
    
                metrics = RiskMetrics(
                    volatility=float(volatility),
                    atr_normalized=float(atr_normalized),
                    volume_ratio=float(volume_ratio),
                    trend_strength=float(trend_strength),
                    market_condition=market_condition,
                    risk_level=risk_level
                )
    
                logging.debug(f"\U0001f6e1\ufe0f Risk metrics: vol={volatility:.4f}, atr_norm={atr_normalized:.4f}, level={risk_level.value}")
                return metrics
    
            except Exception as e:
                logging.error(f"\U0001f6e1\ufe0f Risk metrics calculation failed: {e}")
                return self._default_risk_metrics()
    
        def calculate_dynamic_stop_loss(self, entry_price: float, df: pd.DataFrame,
                                      market_condition: str = "SIDEWAYS") -> Tuple[float, Dict[str, Any]]:
            """\u2705 \u041e\u0411\u041d\u041e\u0412\u041b\u0415\u041d\u041e: \u0414\u0438\u043d\u0430\u043c\u0438\u0447\u0435\u0441\u043a\u0438\u0439 \u0441\u0442\u043e\u043f-\u043b\u043e\u0441\u0441 \u0441 unified ATR"""
            try:
                risk_metrics = self.calculate_risk_metrics(df, market_condition)
    
                # \u2705 UNIFIED ATR \u0434\u043b\u044f \u0441\u0442\u043e\u043f-\u043b\u043e\u0441\u0441\u0430
                atr = self.get_unified_atr(df)
    
                # \u0411\u0430\u0437\u043e\u0432\u044b\u0439 ATR \u0441\u0442\u043e\u043f (1.5x ATR \u043d\u0438\u0436\u0435 \u0432\u0445\u043e\u0434\u0430)
                base_atr_stop = entry_price - (atr * 1.5)
    
                # \u041c\u0443\u043b\u044c\u0442\u0438\u043f\u043b\u0438\u043a\u0430\u0442\u043e\u0440\u044b \u043d\u0430 \u043e\u0441\u043d\u043e\u0432\u0435 \u0440\u044b\u043d\u043e\u0447\u043d\u044b\u0445 \u0443\u0441\u043b\u043e\u0432\u0438\u0439
                volatility_multiplier = 1 + (risk_metrics.volatility * 5)
                market_multiplier = self.risk_multipliers.get(market_condition, {"stop": 1.0})["stop"]
                volume_multiplier = 1 / (1 + max(0, risk_metrics.volume_ratio - 1) * 0.3)
    
                # \u041a\u043e\u043c\u0431\u0438\u043d\u0438\u0440\u043e\u0432\u0430\u043d\u043d\u044b\u0439 \u043c\u0443\u043b\u044c\u0442\u0438\u043f\u043b\u0438\u043a\u0430\u0442\u043e\u0440
                combined_multiplier = volatility_multiplier * market_multiplier * volume_multiplier
    
                # \u0414\u0438\u043d\u0430\u043c\u0438\u0447\u0435\u0441\u043a\u0438\u0439 \u0441\u0442\u043e\u043f
                dynamic_stop = entry_price - (atr * 1.5 * combined_multiplier)
    
                # \u041f\u0440\u0438\u043c\u0435\u043d\u0435\u043d\u0438\u0435 \u0433\u0440\u0430\u043d\u0438\u0446
                min_stop = entry_price * (1 - self.min_stop_pct)
                max_stop = entry_price * (1 - self.max_stop_pct)
                final_stop = max(min_stop, min(dynamic_stop, max_stop))
    
                # \u0414\u0435\u0442\u0430\u043b\u0438 \u0434\u043b\u044f \u043b\u043e\u0433\u0438\u0440\u043e\u0432\u0430\u043d\u0438\u044f
                details = {
                    "entry_price": entry_price,
                    "base_atr_stop": base_atr_stop,
                    "atr_value": atr,
                    "atr_method": self.atr_method,
                    "volatility": risk_metrics.volatility,
                    "volatility_multiplier": volatility_multiplier,
                    "market_condition": market_condition,
                    "market_multiplier": market_multiplier,
                    "volume_multiplier": volume_multiplier,
                    "combined_multiplier": combined_multiplier,
                    "dynamic_stop": dynamic_stop,
                    "risk_level": risk_metrics.risk_level.value,
                    "final_stop_pct": round((entry_price - final_stop) / entry_price * 100, 2),
                    "min_stop_boundary": min_stop,
                    "max_stop_boundary": max_stop
                }
    
                logging.info(f"\U0001f6e1\ufe0f Dynamic SL: {final_stop:.6f} ({details['final_stop_pct']:.2f}%) | "
                            f"Risk: {risk_metrics.risk_level.value} | Market: {market_condition}")
    
                return final_stop, details
    
            except Exception as e:
                logging.error(f"\U0001f6e1\ufe0f Dynamic stop loss calculation failed: {e}")
                # Fallback \u043a \u043f\u0440\u043e\u0441\u0442\u043e\u043c\u0443 \u043f\u0440\u043e\u0446\u0435\u043d\u0442\u043d\u043e\u043c\u0443 \u0441\u0442\u043e\u043f\u0443
                fallback_stop = entry_price * (1 - 0.02)  # 2%
                return fallback_stop, {
                    "error": str(e),
                    "fallback_stop": fallback_stop,
                    "fallback_pct": 2.0
                }
    
        # =========================================================================
        # UTILITY METHODS
        # =========================================================================
    
        def _calculate_trend_strength(self, ema_series: pd.Series) -> float:
            """\u0420\u0430\u0441\u0447\u0435\u0442 \u0441\u0438\u043b\u044b \u0442\u0440\u0435\u043d\u0434\u0430 \u0447\u0435\u0440\u0435\u0437 \u0440\u0435\u0433\u0440\u0435\u0441\u0441\u0438\u044e"""
            if len(ema_series) < 5:
                return 0.0
    
            try:
                x = np.arange(5)
                y = ema_series.iloc[-5:].values
                if len(y) < 5 or not np.all(np.isfinite(y)):
                    return 0.0
                slope = np.polyfit(x, y, 1)[0]
                return float(np.clip((slope / y[-1]) * 1000, -1, 1))
            except Exception:
                return 0.0
    
        def _determine_risk_level(self, volatility: float, atr_normalized: float) -> RiskLevel:
            """\u041e\u043f\u0440\u0435\u0434\u0435\u043b\u0435\u043d\u0438\u0435 \u0443\u0440\u043e\u0432\u043d\u044f \u0440\u0438\u0441\u043a\u0430 \u043f\u043e \u043c\u0435\u0442\u0440\u0438\u043a\u0430\u043c"""
            for level, thresholds in self.risk_thresholds.items():
                if volatility <= thresholds["vol"] and atr_normalized <= thresholds["atr"]:
                    return level
            return RiskLevel.EXTREME
    
        def _default_risk_metrics(self) -> RiskMetrics:
            """\u0414\u0435\u0444\u043e\u043b\u0442\u043d\u044b\u0435 \u043c\u0435\u0442\u0440\u0438\u043a\u0438 \u043f\u0440\u0438 \u043e\u0448\u0438\u0431\u043a\u0430\u0445"""
            return RiskMetrics(
                volatility=0.03,
                atr_normalized=0.02,
                volume_ratio=1.0,
                trend_strength=0.0,
                market_condition="SIDEWAYS",
                risk_level=RiskLevel.MEDIUM
            )
    
        # =========================================================================
        # DIAGNOSTICS & MONITORING
        # =========================================================================
    
        def get_atr_diagnostics(self) -> Dict[str, Any]:
            """\u2705 \u041d\u041e\u0412\u041e\u0415: \u0414\u0438\u0430\u0433\u043d\u043e\u0441\u0442\u0438\u043a\u0430 unified ATR \u0441\u0438\u0441\u0442\u0435\u043c\u044b"""
            return {
                "config": {
                    "atr_period": self.atr_period,
                    "atr_method": self.atr_method,
                    "compare_enabled": self.atr_compare_enabled,
                    "min_stop_pct": self.min_stop_pct,
                    "max_stop_pct": self.max_stop_pct
                },
                "stats": dict(self._stats),
                "thresholds": {level.value: thresholds for level, thresholds in self.risk_thresholds.items()},
                "market_modifiers": self.risk_multipliers
            }
    
        def reset_stats(self):
            """\u0421\u0431\u0440\u043e\u0441 \u0441\u0442\u0430\u0442\u0438\u0441\u0442\u0438\u043a\u0438"""
            self._stats = {
                "total_calculations": 0,
                "unified_atr_calls": 0,
                "fallback_calls": 0,
                "comparison_warnings": 0
            }
            logging.info("\U0001f6e1\ufe0f Risk manager stats reset")
    
        def set_atr_method(self, method: str):
            """\u0418\u0437\u043c\u0435\u043d\u0435\u043d\u0438\u0435 \u043c\u0435\u0442\u043e\u0434\u0430 ATR \u0440\u0430\u0441\u0447\u0435\u0442\u0430"""
            if method.lower() in ["ewm", "sma"]:
                self.atr_method = method.lower()
                logging.info(f"\U0001f6e1\ufe0f ATR method changed to: {self.atr_method}")
            else:
                logging.error(f"\U0001f6e1\ufe0f Invalid ATR method: {method}")
    
        def enable_atr_comparison(self, enabled: bool):
            """\u0412\u043a\u043b\u044e\u0447\u0435\u043d\u0438\u0435/\u043e\u0442\u043a\u043b\u044e\u0447\u0435\u043d\u0438\u0435 \u0441\u0440\u0430\u0432\u043d\u0435\u043d\u0438\u044f ATR"""
            self.atr_compare_enabled = enabled
            logging.info(f"\U0001f6e1\ufe0f ATR comparison {'enabled' if enabled else 'disabled'}")
    
>       def validate_configuration(self) -> List[str]:
                                            ^^^^
E       NameError: name 'List' is not defined

trading\risk_manager.py:386: NameError
_____ ERROR at setup of TestUnifiedRiskManager.test_validate_trade_basic ______

self = <test_risk_manager.TestUnifiedRiskManager object at 0x000001D981FD27A0>
mock_exchange = <Mock id='2033704520736'>
mock_state = <Mock id='2033704522752'>

    @pytest.fixture
    def risk_manager(self, mock_exchange, mock_state):
        """\u0421\u043e\u0437\u0434\u0430\u0435\u0442 \u044d\u043a\u0437\u0435\u043c\u043f\u043b\u044f\u0440 UnifiedRiskManager"""
        # \u0418\u043c\u043f\u043e\u0440\u0442\u0438\u0440\u0443\u0435\u043c \u0437\u0434\u0435\u0441\u044c, \u0447\u0442\u043e\u0431\u044b \u0438\u0437\u0431\u0435\u0436\u0430\u0442\u044c \u043e\u0448\u0438\u0431\u043e\u043a \u043f\u0440\u0438 \u0441\u0431\u043e\u0440\u0435 \u0442\u0435\u0441\u0442\u043e\u0432
>       from trading.risk_manager import UnifiedRiskManager

tests\test_risk_manager.py:43: 
_ _ _ _ _ _ _ _ _ _ _ _ _ _ _ _ _ _ _ _ _ _ _ _ _ _ _ _ _ _ _ _ _ _ _ _ _ _ _ _
trading\risk_manager.py:26: in <module>
    class UnifiedRiskManager:
_ _ _ _ _ _ _ _ _ _ _ _ _ _ _ _ _ _ _ _ _ _ _ _ _ _ _ _ _ _ _ _ _ _ _ _ _ _ _ _

    class UnifiedRiskManager:
        """
        \u2705 \u041f\u041e\u041b\u041d\u041e\u0421\u0422\u042c\u042e \u041f\u0415\u0420\u0415\u041f\u0418\u0421\u0410\u041d\u041d\u042b\u0419: Unified Risk Manager \u0441 \u0438\u043d\u0442\u0435\u0433\u0440\u0430\u0446\u0438\u0435\u0439 ATR \u0441\u0438\u0441\u0442\u0435\u043c\u044b
    
        \u041e\u0441\u043e\u0431\u0435\u043d\u043d\u043e\u0441\u0442\u0438:
        - \u0418\u0441\u043f\u043e\u043b\u044c\u0437\u0443\u0435\u0442 \u0422\u041e\u041b\u042c\u041a\u041e unified ATR \u0444\u0443\u043d\u043a\u0446\u0438\u0438
        - \u041f\u043e\u0434\u0434\u0435\u0440\u0436\u043a\u0430 config/settings.py \u043f\u0430\u0440\u0430\u043c\u0435\u0442\u0440\u043e\u0432
        - \u0421\u0440\u0430\u0432\u043d\u0435\u043d\u0438\u0435 old vs new ATR \u0434\u043b\u044f \u043e\u0442\u043b\u0430\u0434\u043a\u0438
        - \u0410\u0434\u0430\u043f\u0442\u0438\u0432\u043d\u044b\u0435 \u0441\u0442\u043e\u043f-\u043b\u043e\u0441\u0441\u044b \u0441 \u0440\u044b\u043d\u043e\u0447\u043d\u044b\u043c\u0438 \u043c\u043e\u0434\u0438\u0444\u0438\u043a\u0430\u0442\u043e\u0440\u0430\u043c\u0438
        - \u0426\u0435\u043d\u0442\u0440\u0430\u043b\u0438\u0437\u043e\u0432\u0430\u043d\u043d\u043e\u0435 \u043b\u043e\u0433\u0438\u0440\u043e\u0432\u0430\u043d\u0438\u0435 \u0441 unified \u0441\u0442\u0438\u043b\u0435\u043c
        """
    
        def __init__(self):
            # \u2705 \u041f\u041e\u041b\u0423\u0427\u0410\u0415\u041c \u041a\u041e\u041d\u0424\u0418\u0413\u0423\u0420\u0410\u0426\u0418\u042e \u0418\u0417 SETTINGS
            try:
                from config.settings import TradingConfig
                self.config = TradingConfig()
    
                # ATR \u043a\u043e\u043d\u0444\u0438\u0433\u0443\u0440\u0430\u0446\u0438\u044f
                atr_config = self.config.get_atr_config()
                self.atr_period = atr_config["period"]
                self.atr_method = atr_config["risk_method"]
                self.atr_compare_enabled = atr_config["compare_enabled"]
    
                # \u0420\u0438\u0441\u043a \u043a\u043e\u043d\u0444\u0438\u0433\u0443\u0440\u0430\u0446\u0438\u044f
                risk_config = self.config.get_risk_config()
                self.min_stop_pct = risk_config["min_stop_pct"]
                self.max_stop_pct = risk_config["max_stop_pct"]
                self.volatility_lookback = risk_config["volatility_lookback"]
                self.volume_lookback = risk_config["volume_lookback"]
                self.market_modifiers = risk_config["market_modifiers"]
    
                logging.info(f"\U0001f6e1\ufe0f UnifiedRiskManager: ATR period={self.atr_period}, method={self.atr_method}")
    
            except Exception as e:
                logging.error(f"Failed to load config, using defaults: {e}")
                # Fallback \u043a \u0434\u0435\u0444\u043e\u043b\u0442\u043d\u044b\u043c \u0437\u043d\u0430\u0447\u0435\u043d\u0438\u044f\u043c
                self._load_defaults()
    
            # \u041c\u0443\u043b\u044c\u0442\u0438\u043f\u043b\u0438\u043a\u0430\u0442\u043e\u0440\u044b \u0440\u0438\u0441\u043a\u0430 \u043f\u043e \u0440\u044b\u043d\u043e\u0447\u043d\u044b\u043c \u0443\u0441\u043b\u043e\u0432\u0438\u044f\u043c
            self.risk_multipliers = {
                "STRONG_BULL": {"stop": 0.8, "volatility": 0.9},
                "WEAK_BULL": {"stop": 1.0, "volatility": 1.0},
                "SIDEWAYS": {"stop": 1.3, "volatility": 1.2},
                "WEAK_BEAR": {"stop": 1.1, "volatility": 1.1},
                "STRONG_BEAR": {"stop": 0.9, "volatility": 1.0}
            }
    
            # \u0413\u0440\u0430\u043d\u0438\u0446\u044b \u0440\u0438\u0441\u043a\u0430 \u0434\u043b\u044f \u043a\u043b\u0430\u0441\u0441\u0438\u0444\u0438\u043a\u0430\u0446\u0438\u0438
            self.risk_thresholds = {
                RiskLevel.LOW: {"vol": 0.02, "atr": 0.015},
                RiskLevel.MEDIUM: {"vol": 0.04, "atr": 0.03},
                RiskLevel.HIGH: {"vol": 0.06, "atr": 0.045},
                RiskLevel.EXTREME: {"vol": float("inf"), "atr": float("inf")}
            }
    
            # \u0421\u0442\u0430\u0442\u0438\u0441\u0442\u0438\u043a\u0430 \u0434\u043b\u044f \u043e\u0442\u043b\u0430\u0434\u043a\u0438
            self._stats = {
                "total_calculations": 0,
                "unified_atr_calls": 0,
                "fallback_calls": 0,
                "comparison_warnings": 0
            }
    
        def _load_defaults(self):
            """\u0417\u0430\u0433\u0440\u0443\u0437\u043a\u0430 \u0434\u0435\u0444\u043e\u043b\u0442\u043d\u044b\u0445 \u0437\u043d\u0430\u0447\u0435\u043d\u0438\u0439 \u043f\u0440\u0438 \u043e\u0448\u0438\u0431\u043a\u0435 \u043a\u043e\u043d\u0444\u0438\u0433\u0443\u0440\u0430\u0446\u0438\u0438"""
            self.atr_period = int(os.getenv("ATR_PERIOD", 14))
            self.atr_method = os.getenv("RISK_ATR_METHOD", "ewm").lower()
            self.atr_compare_enabled = os.getenv("RISK_ATR_COMPARE", "1") == "1"
            self.min_stop_pct = float(os.getenv("MIN_STOP_PCT", 0.005))
            self.max_stop_pct = float(os.getenv("MAX_STOP_PCT", 0.05))
            self.volatility_lookback = int(os.getenv("VOLATILITY_LOOKBACK", 20))
            self.volume_lookback = int(os.getenv("VOLUME_LOOKBACK", 20))
            self.market_modifiers = {
                "bull": float(os.getenv("BULL_MARKET_MODIFIER", -0.20)),
                "bear": float(os.getenv("BEAR_MARKET_MODIFIER", 0.40)),
                "overheated": float(os.getenv("OVERHEATED_MODIFIER", 0.30))
            }
    
        # =========================================================================
        # \u2705 UNIFIED ATR INTEGRATION
        # =========================================================================
    
        def get_unified_atr(self, df: pd.DataFrame, period: Optional[int] = None) -> float:
            """
            \u2705 \u0413\u041b\u0410\u0412\u041d\u0410\u042f \u0424\u0423\u041d\u041a\u0426\u0418\u042f: \u041f\u043e\u043b\u0443\u0447\u0435\u043d\u0438\u0435 ATR \u0447\u0435\u0440\u0435\u0437 unified \u0441\u0438\u0441\u0442\u0435\u043c\u0443
    
            Args:
                df: DataFrame \u0441 OHLCV \u0434\u0430\u043d\u043d\u044b\u043c\u0438
                period: \u041f\u0435\u0440\u0438\u043e\u0434 ATR (\u0435\u0441\u043b\u0438 None - \u0438\u0441\u043f\u043e\u043b\u044c\u0437\u0443\u0435\u0442 self.atr_period)
    
            Returns:
                float: ATR \u0437\u043d\u0430\u0447\u0435\u043d\u0438\u0435
            """
            try:
                from analysis.technical_indicators import _atr_for_risk_manager
    
                # \u0418\u0441\u043f\u043e\u043b\u044c\u0437\u0443\u0435\u043c \u043f\u0435\u0440\u0438\u043e\u0434 \u0438\u0437 \u043a\u043e\u043d\u0444\u0438\u0433\u0443\u0440\u0430\u0446\u0438\u0438 \u0435\u0441\u043b\u0438 \u043d\u0435 \u0437\u0430\u0434\u0430\u043d
                atr_period = period if period is not None else self.atr_period
    
                # \u2705 UNIFIED ATR CALL
                unified_atr = _atr_for_risk_manager(df, atr_period)
                self._stats["unified_atr_calls"] += 1
    
                # \u2705 \u041e\u041f\u0426\u0418\u041e\u041d\u0410\u041b\u042c\u041d\u041e\u0415 \u0421\u0420\u0410\u0412\u041d\u0415\u041d\u0418\u0415 \u0421 LEGACY (\u0434\u043b\u044f \u043e\u0442\u043b\u0430\u0434\u043a\u0438)
                if self.atr_compare_enabled:
                    self._compare_with_legacy_atr(df, unified_atr, atr_period)
    
                logging.debug(f"\U0001f6e1\ufe0f Risk Manager ATR (UNIFIED): {unified_atr:.6f} | period={atr_period} | method={self.atr_method}")
                return unified_atr
    
            except Exception as e:
                logging.error(f"\U0001f6e1\ufe0f Unified ATR failed in risk manager: {e}")
                self._stats["fallback_calls"] += 1
                return self._fallback_atr(df, period or self.atr_period)
    
        def _compare_with_legacy_atr(self, df: pd.DataFrame, unified_atr: float, period: int):
            """\u0421\u0440\u0430\u0432\u043d\u0435\u043d\u0438\u0435 unified ATR \u0441 legacy \u043c\u0435\u0442\u043e\u0434\u043e\u043c \u0434\u043b\u044f \u043e\u0442\u043b\u0430\u0434\u043a\u0438"""
            try:
                # Legacy ATR \u0440\u0430\u0441\u0447\u0435\u0442
                if df is None or df.empty or len(df) < period:
                    return
    
                high = df["high"].astype("float64")
                low = df["low"].astype("float64")
                close = df["close"].astype("float64")
    
                prev_close = close.shift(1)
                tr1 = (high - low).abs()
                tr2 = (high - prev_close).abs()
                tr3 = (low - prev_close).abs()
                tr = pd.concat([tr1, tr2, tr3], axis=1).max(axis=1)
    
                if self.atr_method == "sma":
                    legacy_atr = tr.rolling(window=period, min_periods=1).mean().iloc[-1]
                else:
                    legacy_atr = tr.ewm(alpha=1/period, adjust=False, min_periods=1).mean().iloc[-1]
    
                # \u0421\u0440\u0430\u0432\u043d\u0435\u043d\u0438\u0435
                difference = abs(unified_atr - legacy_atr)
                difference_pct = (difference / max(unified_atr, legacy_atr)) * 100
    
                if difference_pct > 1.0:  # \u0411\u043e\u043b\u044c\u0448\u0435 1% \u0440\u0430\u0441\u0445\u043e\u0436\u0434\u0435\u043d\u0438\u044f
                    self._stats["comparison_warnings"] += 1
                    logging.warning(f"\U0001f6e1\ufe0f ATR COMPARISON: unified={unified_atr:.6f}, legacy={legacy_atr:.6f}, diff={difference_pct:.2f}%")
                else:
                    logging.debug(f"\U0001f6e1\ufe0f ATR COMPARISON OK: diff={difference_pct:.2f}%")
    
            except Exception as e:
                logging.debug(f"ATR comparison failed: {e}")
    
        def _fallback_atr(self, df: pd.DataFrame, period: int) -> float:
            """\u041a\u0440\u0438\u0442\u0438\u0447\u0435\u0441\u043a\u0438\u0439 fallback \u0434\u043b\u044f ATR \u0440\u0430\u0441\u0447\u0435\u0442\u0430"""
            try:
                if df is None or df.empty:
                    return 100.0  # \u042d\u043a\u0441\u0442\u0440\u0435\u043c\u0430\u043b\u044c\u043d\u044b\u0439 fallback
    
                # \u041f\u0440\u043e\u0441\u0442\u0435\u0439\u0448\u0438\u0439 ATR \u0440\u0430\u0441\u0447\u0435\u0442
                price_range = (df["high"] - df["low"]).mean()
                return float(price_range) if pd.notna(price_range) and price_range > 0 else 100.0
    
            except Exception:
                return 100.0
    
        # =========================================================================
        # RISK METRICS CALCULATION
        # =========================================================================
    
        def calculate_risk_metrics(self, df: pd.DataFrame, market_condition: str = "SIDEWAYS") -> RiskMetrics:
            """\u2705 \u041e\u0411\u041d\u041e\u0412\u041b\u0415\u041d\u041e: \u0420\u0430\u0441\u0447\u0435\u0442 \u043c\u0435\u0442\u0440\u0438\u043a \u0440\u0438\u0441\u043a\u0430 \u0441 unified ATR"""
            if df is None or df.empty or len(df) < self.volatility_lookback:
                return self._default_risk_metrics()
    
            try:
                self._stats["total_calculations"] += 1
    
                # \u0412\u043e\u043b\u0430\u0442\u0438\u043b\u044c\u043d\u043e\u0441\u0442\u044c \u0434\u043e\u0445\u043e\u0434\u043d\u043e\u0441\u0442\u0435\u0439
                returns = df["close"].pct_change().dropna()
                if len(returns) >= self.volatility_lookback:
                    volatility = returns.rolling(self.volatility_lookback).std().iloc[-1]
                else:
                    volatility = returns.std()
                volatility = float(volatility) if pd.notna(volatility) else 0.03
    
                # \u2705 UNIFIED ATR
                atr = self.get_unified_atr(df)
                atr_normalized = atr / df["close"].iloc[-1] if df["close"].iloc[-1] > 0 else 0.02
    
                # \u041e\u0431\u044a\u0435\u043c\u043d\u044b\u0439 \u0430\u043d\u0430\u043b\u0438\u0437
                if "volume" in df.columns and len(df) >= self.volume_lookback:
                    volume_ma = df["volume"].rolling(self.volume_lookback).mean()
                    current_volume = df["volume"].iloc[-1]
                    volume_ratio = current_volume / volume_ma.iloc[-1] if volume_ma.iloc[-1] > 0 else 1.0
                else:
                    volume_ratio = 1.0
    
                # \u0421\u0438\u043b\u0430 \u0442\u0440\u0435\u043d\u0434\u0430
                ema_20 = df["close"].ewm(span=20).mean()
                trend_strength = self._calculate_trend_strength(ema_20)
    
                # \u041e\u043f\u0440\u0435\u0434\u0435\u043b\u0435\u043d\u0438\u0435 \u0443\u0440\u043e\u0432\u043d\u044f \u0440\u0438\u0441\u043a\u0430
                risk_level = self._determine_risk_level(volatility, atr_normalized)
    
                metrics = RiskMetrics(
                    volatility=float(volatility),
                    atr_normalized=float(atr_normalized),
                    volume_ratio=float(volume_ratio),
                    trend_strength=float(trend_strength),
                    market_condition=market_condition,
                    risk_level=risk_level
                )
    
                logging.debug(f"\U0001f6e1\ufe0f Risk metrics: vol={volatility:.4f}, atr_norm={atr_normalized:.4f}, level={risk_level.value}")
                return metrics
    
            except Exception as e:
                logging.error(f"\U0001f6e1\ufe0f Risk metrics calculation failed: {e}")
                return self._default_risk_metrics()
    
        def calculate_dynamic_stop_loss(self, entry_price: float, df: pd.DataFrame,
                                      market_condition: str = "SIDEWAYS") -> Tuple[float, Dict[str, Any]]:
            """\u2705 \u041e\u0411\u041d\u041e\u0412\u041b\u0415\u041d\u041e: \u0414\u0438\u043d\u0430\u043c\u0438\u0447\u0435\u0441\u043a\u0438\u0439 \u0441\u0442\u043e\u043f-\u043b\u043e\u0441\u0441 \u0441 unified ATR"""
            try:
                risk_metrics = self.calculate_risk_metrics(df, market_condition)
    
                # \u2705 UNIFIED ATR \u0434\u043b\u044f \u0441\u0442\u043e\u043f-\u043b\u043e\u0441\u0441\u0430
                atr = self.get_unified_atr(df)
    
                # \u0411\u0430\u0437\u043e\u0432\u044b\u0439 ATR \u0441\u0442\u043e\u043f (1.5x ATR \u043d\u0438\u0436\u0435 \u0432\u0445\u043e\u0434\u0430)
                base_atr_stop = entry_price - (atr * 1.5)
    
                # \u041c\u0443\u043b\u044c\u0442\u0438\u043f\u043b\u0438\u043a\u0430\u0442\u043e\u0440\u044b \u043d\u0430 \u043e\u0441\u043d\u043e\u0432\u0435 \u0440\u044b\u043d\u043e\u0447\u043d\u044b\u0445 \u0443\u0441\u043b\u043e\u0432\u0438\u0439
                volatility_multiplier = 1 + (risk_metrics.volatility * 5)
                market_multiplier = self.risk_multipliers.get(market_condition, {"stop": 1.0})["stop"]
                volume_multiplier = 1 / (1 + max(0, risk_metrics.volume_ratio - 1) * 0.3)
    
                # \u041a\u043e\u043c\u0431\u0438\u043d\u0438\u0440\u043e\u0432\u0430\u043d\u043d\u044b\u0439 \u043c\u0443\u043b\u044c\u0442\u0438\u043f\u043b\u0438\u043a\u0430\u0442\u043e\u0440
                combined_multiplier = volatility_multiplier * market_multiplier * volume_multiplier
    
                # \u0414\u0438\u043d\u0430\u043c\u0438\u0447\u0435\u0441\u043a\u0438\u0439 \u0441\u0442\u043e\u043f
                dynamic_stop = entry_price - (atr * 1.5 * combined_multiplier)
    
                # \u041f\u0440\u0438\u043c\u0435\u043d\u0435\u043d\u0438\u0435 \u0433\u0440\u0430\u043d\u0438\u0446
                min_stop = entry_price * (1 - self.min_stop_pct)
                max_stop = entry_price * (1 - self.max_stop_pct)
                final_stop = max(min_stop, min(dynamic_stop, max_stop))
    
                # \u0414\u0435\u0442\u0430\u043b\u0438 \u0434\u043b\u044f \u043b\u043e\u0433\u0438\u0440\u043e\u0432\u0430\u043d\u0438\u044f
                details = {
                    "entry_price": entry_price,
                    "base_atr_stop": base_atr_stop,
                    "atr_value": atr,
                    "atr_method": self.atr_method,
                    "volatility": risk_metrics.volatility,
                    "volatility_multiplier": volatility_multiplier,
                    "market_condition": market_condition,
                    "market_multiplier": market_multiplier,
                    "volume_multiplier": volume_multiplier,
                    "combined_multiplier": combined_multiplier,
                    "dynamic_stop": dynamic_stop,
                    "risk_level": risk_metrics.risk_level.value,
                    "final_stop_pct": round((entry_price - final_stop) / entry_price * 100, 2),
                    "min_stop_boundary": min_stop,
                    "max_stop_boundary": max_stop
                }
    
                logging.info(f"\U0001f6e1\ufe0f Dynamic SL: {final_stop:.6f} ({details['final_stop_pct']:.2f}%) | "
                            f"Risk: {risk_metrics.risk_level.value} | Market: {market_condition}")
    
                return final_stop, details
    
            except Exception as e:
                logging.error(f"\U0001f6e1\ufe0f Dynamic stop loss calculation failed: {e}")
                # Fallback \u043a \u043f\u0440\u043e\u0441\u0442\u043e\u043c\u0443 \u043f\u0440\u043e\u0446\u0435\u043d\u0442\u043d\u043e\u043c\u0443 \u0441\u0442\u043e\u043f\u0443
                fallback_stop = entry_price * (1 - 0.02)  # 2%
                return fallback_stop, {
                    "error": str(e),
                    "fallback_stop": fallback_stop,
                    "fallback_pct": 2.0
                }
    
        # =========================================================================
        # UTILITY METHODS
        # =========================================================================
    
        def _calculate_trend_strength(self, ema_series: pd.Series) -> float:
            """\u0420\u0430\u0441\u0447\u0435\u0442 \u0441\u0438\u043b\u044b \u0442\u0440\u0435\u043d\u0434\u0430 \u0447\u0435\u0440\u0435\u0437 \u0440\u0435\u0433\u0440\u0435\u0441\u0441\u0438\u044e"""
            if len(ema_series) < 5:
                return 0.0
    
            try:
                x = np.arange(5)
                y = ema_series.iloc[-5:].values
                if len(y) < 5 or not np.all(np.isfinite(y)):
                    return 0.0
                slope = np.polyfit(x, y, 1)[0]
                return float(np.clip((slope / y[-1]) * 1000, -1, 1))
            except Exception:
                return 0.0
    
        def _determine_risk_level(self, volatility: float, atr_normalized: float) -> RiskLevel:
            """\u041e\u043f\u0440\u0435\u0434\u0435\u043b\u0435\u043d\u0438\u0435 \u0443\u0440\u043e\u0432\u043d\u044f \u0440\u0438\u0441\u043a\u0430 \u043f\u043e \u043c\u0435\u0442\u0440\u0438\u043a\u0430\u043c"""
            for level, thresholds in self.risk_thresholds.items():
                if volatility <= thresholds["vol"] and atr_normalized <= thresholds["atr"]:
                    return level
            return RiskLevel.EXTREME
    
        def _default_risk_metrics(self) -> RiskMetrics:
            """\u0414\u0435\u0444\u043e\u043b\u0442\u043d\u044b\u0435 \u043c\u0435\u0442\u0440\u0438\u043a\u0438 \u043f\u0440\u0438 \u043e\u0448\u0438\u0431\u043a\u0430\u0445"""
            return RiskMetrics(
                volatility=0.03,
                atr_normalized=0.02,
                volume_ratio=1.0,
                trend_strength=0.0,
                market_condition="SIDEWAYS",
                risk_level=RiskLevel.MEDIUM
            )
    
        # =========================================================================
        # DIAGNOSTICS & MONITORING
        # =========================================================================
    
        def get_atr_diagnostics(self) -> Dict[str, Any]:
            """\u2705 \u041d\u041e\u0412\u041e\u0415: \u0414\u0438\u0430\u0433\u043d\u043e\u0441\u0442\u0438\u043a\u0430 unified ATR \u0441\u0438\u0441\u0442\u0435\u043c\u044b"""
            return {
                "config": {
                    "atr_period": self.atr_period,
                    "atr_method": self.atr_method,
                    "compare_enabled": self.atr_compare_enabled,
                    "min_stop_pct": self.min_stop_pct,
                    "max_stop_pct": self.max_stop_pct
                },
                "stats": dict(self._stats),
                "thresholds": {level.value: thresholds for level, thresholds in self.risk_thresholds.items()},
                "market_modifiers": self.risk_multipliers
            }
    
        def reset_stats(self):
            """\u0421\u0431\u0440\u043e\u0441 \u0441\u0442\u0430\u0442\u0438\u0441\u0442\u0438\u043a\u0438"""
            self._stats = {
                "total_calculations": 0,
                "unified_atr_calls": 0,
                "fallback_calls": 0,
                "comparison_warnings": 0
            }
            logging.info("\U0001f6e1\ufe0f Risk manager stats reset")
    
        def set_atr_method(self, method: str):
            """\u0418\u0437\u043c\u0435\u043d\u0435\u043d\u0438\u0435 \u043c\u0435\u0442\u043e\u0434\u0430 ATR \u0440\u0430\u0441\u0447\u0435\u0442\u0430"""
            if method.lower() in ["ewm", "sma"]:
                self.atr_method = method.lower()
                logging.info(f"\U0001f6e1\ufe0f ATR method changed to: {self.atr_method}")
            else:
                logging.error(f"\U0001f6e1\ufe0f Invalid ATR method: {method}")
    
        def enable_atr_comparison(self, enabled: bool):
            """\u0412\u043a\u043b\u044e\u0447\u0435\u043d\u0438\u0435/\u043e\u0442\u043a\u043b\u044e\u0447\u0435\u043d\u0438\u0435 \u0441\u0440\u0430\u0432\u043d\u0435\u043d\u0438\u044f ATR"""
            self.atr_compare_enabled = enabled
            logging.info(f"\U0001f6e1\ufe0f ATR comparison {'enabled' if enabled else 'disabled'}")
    
>       def validate_configuration(self) -> List[str]:
                                            ^^^^
E       NameError: name 'List' is not defined

trading\risk_manager.py:386: NameError
_______ ERROR at setup of TestUnifiedRiskManager.test_get_risk_metrics ________

self = <test_risk_manager.TestUnifiedRiskManager object at 0x000001D981F4F650>
mock_exchange = <Mock id='2033704524432'>
mock_state = <Mock id='2033704526448'>

    @pytest.fixture
    def risk_manager(self, mock_exchange, mock_state):
        """\u0421\u043e\u0437\u0434\u0430\u0435\u0442 \u044d\u043a\u0437\u0435\u043c\u043f\u043b\u044f\u0440 UnifiedRiskManager"""
        # \u0418\u043c\u043f\u043e\u0440\u0442\u0438\u0440\u0443\u0435\u043c \u0437\u0434\u0435\u0441\u044c, \u0447\u0442\u043e\u0431\u044b \u0438\u0437\u0431\u0435\u0436\u0430\u0442\u044c \u043e\u0448\u0438\u0431\u043e\u043a \u043f\u0440\u0438 \u0441\u0431\u043e\u0440\u0435 \u0442\u0435\u0441\u0442\u043e\u0432
>       from trading.risk_manager import UnifiedRiskManager

tests\test_risk_manager.py:43: 
_ _ _ _ _ _ _ _ _ _ _ _ _ _ _ _ _ _ _ _ _ _ _ _ _ _ _ _ _ _ _ _ _ _ _ _ _ _ _ _
trading\risk_manager.py:26: in <module>
    class UnifiedRiskManager:
_ _ _ _ _ _ _ _ _ _ _ _ _ _ _ _ _ _ _ _ _ _ _ _ _ _ _ _ _ _ _ _ _ _ _ _ _ _ _ _

    class UnifiedRiskManager:
        """
        \u2705 \u041f\u041e\u041b\u041d\u041e\u0421\u0422\u042c\u042e \u041f\u0415\u0420\u0415\u041f\u0418\u0421\u0410\u041d\u041d\u042b\u0419: Unified Risk Manager \u0441 \u0438\u043d\u0442\u0435\u0433\u0440\u0430\u0446\u0438\u0435\u0439 ATR \u0441\u0438\u0441\u0442\u0435\u043c\u044b
    
        \u041e\u0441\u043e\u0431\u0435\u043d\u043d\u043e\u0441\u0442\u0438:
        - \u0418\u0441\u043f\u043e\u043b\u044c\u0437\u0443\u0435\u0442 \u0422\u041e\u041b\u042c\u041a\u041e unified ATR \u0444\u0443\u043d\u043a\u0446\u0438\u0438
        - \u041f\u043e\u0434\u0434\u0435\u0440\u0436\u043a\u0430 config/settings.py \u043f\u0430\u0440\u0430\u043c\u0435\u0442\u0440\u043e\u0432
        - \u0421\u0440\u0430\u0432\u043d\u0435\u043d\u0438\u0435 old vs new ATR \u0434\u043b\u044f \u043e\u0442\u043b\u0430\u0434\u043a\u0438
        - \u0410\u0434\u0430\u043f\u0442\u0438\u0432\u043d\u044b\u0435 \u0441\u0442\u043e\u043f-\u043b\u043e\u0441\u0441\u044b \u0441 \u0440\u044b\u043d\u043e\u0447\u043d\u044b\u043c\u0438 \u043c\u043e\u0434\u0438\u0444\u0438\u043a\u0430\u0442\u043e\u0440\u0430\u043c\u0438
        - \u0426\u0435\u043d\u0442\u0440\u0430\u043b\u0438\u0437\u043e\u0432\u0430\u043d\u043d\u043e\u0435 \u043b\u043e\u0433\u0438\u0440\u043e\u0432\u0430\u043d\u0438\u0435 \u0441 unified \u0441\u0442\u0438\u043b\u0435\u043c
        """
    
        def __init__(self):
            # \u2705 \u041f\u041e\u041b\u0423\u0427\u0410\u0415\u041c \u041a\u041e\u041d\u0424\u0418\u0413\u0423\u0420\u0410\u0426\u0418\u042e \u0418\u0417 SETTINGS
            try:
                from config.settings import TradingConfig
                self.config = TradingConfig()
    
                # ATR \u043a\u043e\u043d\u0444\u0438\u0433\u0443\u0440\u0430\u0446\u0438\u044f
                atr_config = self.config.get_atr_config()
                self.atr_period = atr_config["period"]
                self.atr_method = atr_config["risk_method"]
                self.atr_compare_enabled = atr_config["compare_enabled"]
    
                # \u0420\u0438\u0441\u043a \u043a\u043e\u043d\u0444\u0438\u0433\u0443\u0440\u0430\u0446\u0438\u044f
                risk_config = self.config.get_risk_config()
                self.min_stop_pct = risk_config["min_stop_pct"]
                self.max_stop_pct = risk_config["max_stop_pct"]
                self.volatility_lookback = risk_config["volatility_lookback"]
                self.volume_lookback = risk_config["volume_lookback"]
                self.market_modifiers = risk_config["market_modifiers"]
    
                logging.info(f"\U0001f6e1\ufe0f UnifiedRiskManager: ATR period={self.atr_period}, method={self.atr_method}")
    
            except Exception as e:
                logging.error(f"Failed to load config, using defaults: {e}")
                # Fallback \u043a \u0434\u0435\u0444\u043e\u043b\u0442\u043d\u044b\u043c \u0437\u043d\u0430\u0447\u0435\u043d\u0438\u044f\u043c
                self._load_defaults()
    
            # \u041c\u0443\u043b\u044c\u0442\u0438\u043f\u043b\u0438\u043a\u0430\u0442\u043e\u0440\u044b \u0440\u0438\u0441\u043a\u0430 \u043f\u043e \u0440\u044b\u043d\u043e\u0447\u043d\u044b\u043c \u0443\u0441\u043b\u043e\u0432\u0438\u044f\u043c
            self.risk_multipliers = {
                "STRONG_BULL": {"stop": 0.8, "volatility": 0.9},
                "WEAK_BULL": {"stop": 1.0, "volatility": 1.0},
                "SIDEWAYS": {"stop": 1.3, "volatility": 1.2},
                "WEAK_BEAR": {"stop": 1.1, "volatility": 1.1},
                "STRONG_BEAR": {"stop": 0.9, "volatility": 1.0}
            }
    
            # \u0413\u0440\u0430\u043d\u0438\u0446\u044b \u0440\u0438\u0441\u043a\u0430 \u0434\u043b\u044f \u043a\u043b\u0430\u0441\u0441\u0438\u0444\u0438\u043a\u0430\u0446\u0438\u0438
            self.risk_thresholds = {
                RiskLevel.LOW: {"vol": 0.02, "atr": 0.015},
                RiskLevel.MEDIUM: {"vol": 0.04, "atr": 0.03},
                RiskLevel.HIGH: {"vol": 0.06, "atr": 0.045},
                RiskLevel.EXTREME: {"vol": float("inf"), "atr": float("inf")}
            }
    
            # \u0421\u0442\u0430\u0442\u0438\u0441\u0442\u0438\u043a\u0430 \u0434\u043b\u044f \u043e\u0442\u043b\u0430\u0434\u043a\u0438
            self._stats = {
                "total_calculations": 0,
                "unified_atr_calls": 0,
                "fallback_calls": 0,
                "comparison_warnings": 0
            }
    
        def _load_defaults(self):
            """\u0417\u0430\u0433\u0440\u0443\u0437\u043a\u0430 \u0434\u0435\u0444\u043e\u043b\u0442\u043d\u044b\u0445 \u0437\u043d\u0430\u0447\u0435\u043d\u0438\u0439 \u043f\u0440\u0438 \u043e\u0448\u0438\u0431\u043a\u0435 \u043a\u043e\u043d\u0444\u0438\u0433\u0443\u0440\u0430\u0446\u0438\u0438"""
            self.atr_period = int(os.getenv("ATR_PERIOD", 14))
            self.atr_method = os.getenv("RISK_ATR_METHOD", "ewm").lower()
            self.atr_compare_enabled = os.getenv("RISK_ATR_COMPARE", "1") == "1"
            self.min_stop_pct = float(os.getenv("MIN_STOP_PCT", 0.005))
            self.max_stop_pct = float(os.getenv("MAX_STOP_PCT", 0.05))
            self.volatility_lookback = int(os.getenv("VOLATILITY_LOOKBACK", 20))
            self.volume_lookback = int(os.getenv("VOLUME_LOOKBACK", 20))
            self.market_modifiers = {
                "bull": float(os.getenv("BULL_MARKET_MODIFIER", -0.20)),
                "bear": float(os.getenv("BEAR_MARKET_MODIFIER", 0.40)),
                "overheated": float(os.getenv("OVERHEATED_MODIFIER", 0.30))
            }
    
        # =========================================================================
        # \u2705 UNIFIED ATR INTEGRATION
        # =========================================================================
    
        def get_unified_atr(self, df: pd.DataFrame, period: Optional[int] = None) -> float:
            """
            \u2705 \u0413\u041b\u0410\u0412\u041d\u0410\u042f \u0424\u0423\u041d\u041a\u0426\u0418\u042f: \u041f\u043e\u043b\u0443\u0447\u0435\u043d\u0438\u0435 ATR \u0447\u0435\u0440\u0435\u0437 unified \u0441\u0438\u0441\u0442\u0435\u043c\u0443
    
            Args:
                df: DataFrame \u0441 OHLCV \u0434\u0430\u043d\u043d\u044b\u043c\u0438
                period: \u041f\u0435\u0440\u0438\u043e\u0434 ATR (\u0435\u0441\u043b\u0438 None - \u0438\u0441\u043f\u043e\u043b\u044c\u0437\u0443\u0435\u0442 self.atr_period)
    
            Returns:
                float: ATR \u0437\u043d\u0430\u0447\u0435\u043d\u0438\u0435
            """
            try:
                from analysis.technical_indicators import _atr_for_risk_manager
    
                # \u0418\u0441\u043f\u043e\u043b\u044c\u0437\u0443\u0435\u043c \u043f\u0435\u0440\u0438\u043e\u0434 \u0438\u0437 \u043a\u043e\u043d\u0444\u0438\u0433\u0443\u0440\u0430\u0446\u0438\u0438 \u0435\u0441\u043b\u0438 \u043d\u0435 \u0437\u0430\u0434\u0430\u043d
                atr_period = period if period is not None else self.atr_period
    
                # \u2705 UNIFIED ATR CALL
                unified_atr = _atr_for_risk_manager(df, atr_period)
                self._stats["unified_atr_calls"] += 1
    
                # \u2705 \u041e\u041f\u0426\u0418\u041e\u041d\u0410\u041b\u042c\u041d\u041e\u0415 \u0421\u0420\u0410\u0412\u041d\u0415\u041d\u0418\u0415 \u0421 LEGACY (\u0434\u043b\u044f \u043e\u0442\u043b\u0430\u0434\u043a\u0438)
                if self.atr_compare_enabled:
                    self._compare_with_legacy_atr(df, unified_atr, atr_period)
    
                logging.debug(f"\U0001f6e1\ufe0f Risk Manager ATR (UNIFIED): {unified_atr:.6f} | period={atr_period} | method={self.atr_method}")
                return unified_atr
    
            except Exception as e:
                logging.error(f"\U0001f6e1\ufe0f Unified ATR failed in risk manager: {e}")
                self._stats["fallback_calls"] += 1
                return self._fallback_atr(df, period or self.atr_period)
    
        def _compare_with_legacy_atr(self, df: pd.DataFrame, unified_atr: float, period: int):
            """\u0421\u0440\u0430\u0432\u043d\u0435\u043d\u0438\u0435 unified ATR \u0441 legacy \u043c\u0435\u0442\u043e\u0434\u043e\u043c \u0434\u043b\u044f \u043e\u0442\u043b\u0430\u0434\u043a\u0438"""
            try:
                # Legacy ATR \u0440\u0430\u0441\u0447\u0435\u0442
                if df is None or df.empty or len(df) < period:
                    return
    
                high = df["high"].astype("float64")
                low = df["low"].astype("float64")
                close = df["close"].astype("float64")
    
                prev_close = close.shift(1)
                tr1 = (high - low).abs()
                tr2 = (high - prev_close).abs()
                tr3 = (low - prev_close).abs()
                tr = pd.concat([tr1, tr2, tr3], axis=1).max(axis=1)
    
                if self.atr_method == "sma":
                    legacy_atr = tr.rolling(window=period, min_periods=1).mean().iloc[-1]
                else:
                    legacy_atr = tr.ewm(alpha=1/period, adjust=False, min_periods=1).mean().iloc[-1]
    
                # \u0421\u0440\u0430\u0432\u043d\u0435\u043d\u0438\u0435
                difference = abs(unified_atr - legacy_atr)
                difference_pct = (difference / max(unified_atr, legacy_atr)) * 100
    
                if difference_pct > 1.0:  # \u0411\u043e\u043b\u044c\u0448\u0435 1% \u0440\u0430\u0441\u0445\u043e\u0436\u0434\u0435\u043d\u0438\u044f
                    self._stats["comparison_warnings"] += 1
                    logging.warning(f"\U0001f6e1\ufe0f ATR COMPARISON: unified={unified_atr:.6f}, legacy={legacy_atr:.6f}, diff={difference_pct:.2f}%")
                else:
                    logging.debug(f"\U0001f6e1\ufe0f ATR COMPARISON OK: diff={difference_pct:.2f}%")
    
            except Exception as e:
                logging.debug(f"ATR comparison failed: {e}")
    
        def _fallback_atr(self, df: pd.DataFrame, period: int) -> float:
            """\u041a\u0440\u0438\u0442\u0438\u0447\u0435\u0441\u043a\u0438\u0439 fallback \u0434\u043b\u044f ATR \u0440\u0430\u0441\u0447\u0435\u0442\u0430"""
            try:
                if df is None or df.empty:
                    return 100.0  # \u042d\u043a\u0441\u0442\u0440\u0435\u043c\u0430\u043b\u044c\u043d\u044b\u0439 fallback
    
                # \u041f\u0440\u043e\u0441\u0442\u0435\u0439\u0448\u0438\u0439 ATR \u0440\u0430\u0441\u0447\u0435\u0442
                price_range = (df["high"] - df["low"]).mean()
                return float(price_range) if pd.notna(price_range) and price_range > 0 else 100.0
    
            except Exception:
                return 100.0
    
        # =========================================================================
        # RISK METRICS CALCULATION
        # =========================================================================
    
        def calculate_risk_metrics(self, df: pd.DataFrame, market_condition: str = "SIDEWAYS") -> RiskMetrics:
            """\u2705 \u041e\u0411\u041d\u041e\u0412\u041b\u0415\u041d\u041e: \u0420\u0430\u0441\u0447\u0435\u0442 \u043c\u0435\u0442\u0440\u0438\u043a \u0440\u0438\u0441\u043a\u0430 \u0441 unified ATR"""
            if df is None or df.empty or len(df) < self.volatility_lookback:
                return self._default_risk_metrics()
    
            try:
                self._stats["total_calculations"] += 1
    
                # \u0412\u043e\u043b\u0430\u0442\u0438\u043b\u044c\u043d\u043e\u0441\u0442\u044c \u0434\u043e\u0445\u043e\u0434\u043d\u043e\u0441\u0442\u0435\u0439
                returns = df["close"].pct_change().dropna()
                if len(returns) >= self.volatility_lookback:
                    volatility = returns.rolling(self.volatility_lookback).std().iloc[-1]
                else:
                    volatility = returns.std()
                volatility = float(volatility) if pd.notna(volatility) else 0.03
    
                # \u2705 UNIFIED ATR
                atr = self.get_unified_atr(df)
                atr_normalized = atr / df["close"].iloc[-1] if df["close"].iloc[-1] > 0 else 0.02
    
                # \u041e\u0431\u044a\u0435\u043c\u043d\u044b\u0439 \u0430\u043d\u0430\u043b\u0438\u0437
                if "volume" in df.columns and len(df) >= self.volume_lookback:
                    volume_ma = df["volume"].rolling(self.volume_lookback).mean()
                    current_volume = df["volume"].iloc[-1]
                    volume_ratio = current_volume / volume_ma.iloc[-1] if volume_ma.iloc[-1] > 0 else 1.0
                else:
                    volume_ratio = 1.0
    
                # \u0421\u0438\u043b\u0430 \u0442\u0440\u0435\u043d\u0434\u0430
                ema_20 = df["close"].ewm(span=20).mean()
                trend_strength = self._calculate_trend_strength(ema_20)
    
                # \u041e\u043f\u0440\u0435\u0434\u0435\u043b\u0435\u043d\u0438\u0435 \u0443\u0440\u043e\u0432\u043d\u044f \u0440\u0438\u0441\u043a\u0430
                risk_level = self._determine_risk_level(volatility, atr_normalized)
    
                metrics = RiskMetrics(
                    volatility=float(volatility),
                    atr_normalized=float(atr_normalized),
                    volume_ratio=float(volume_ratio),
                    trend_strength=float(trend_strength),
                    market_condition=market_condition,
                    risk_level=risk_level
                )
    
                logging.debug(f"\U0001f6e1\ufe0f Risk metrics: vol={volatility:.4f}, atr_norm={atr_normalized:.4f}, level={risk_level.value}")
                return metrics
    
            except Exception as e:
                logging.error(f"\U0001f6e1\ufe0f Risk metrics calculation failed: {e}")
                return self._default_risk_metrics()
    
        def calculate_dynamic_stop_loss(self, entry_price: float, df: pd.DataFrame,
                                      market_condition: str = "SIDEWAYS") -> Tuple[float, Dict[str, Any]]:
            """\u2705 \u041e\u0411\u041d\u041e\u0412\u041b\u0415\u041d\u041e: \u0414\u0438\u043d\u0430\u043c\u0438\u0447\u0435\u0441\u043a\u0438\u0439 \u0441\u0442\u043e\u043f-\u043b\u043e\u0441\u0441 \u0441 unified ATR"""
            try:
                risk_metrics = self.calculate_risk_metrics(df, market_condition)
    
                # \u2705 UNIFIED ATR \u0434\u043b\u044f \u0441\u0442\u043e\u043f-\u043b\u043e\u0441\u0441\u0430
                atr = self.get_unified_atr(df)
    
                # \u0411\u0430\u0437\u043e\u0432\u044b\u0439 ATR \u0441\u0442\u043e\u043f (1.5x ATR \u043d\u0438\u0436\u0435 \u0432\u0445\u043e\u0434\u0430)
                base_atr_stop = entry_price - (atr * 1.5)
    
                # \u041c\u0443\u043b\u044c\u0442\u0438\u043f\u043b\u0438\u043a\u0430\u0442\u043e\u0440\u044b \u043d\u0430 \u043e\u0441\u043d\u043e\u0432\u0435 \u0440\u044b\u043d\u043e\u0447\u043d\u044b\u0445 \u0443\u0441\u043b\u043e\u0432\u0438\u0439
                volatility_multiplier = 1 + (risk_metrics.volatility * 5)
                market_multiplier = self.risk_multipliers.get(market_condition, {"stop": 1.0})["stop"]
                volume_multiplier = 1 / (1 + max(0, risk_metrics.volume_ratio - 1) * 0.3)
    
                # \u041a\u043e\u043c\u0431\u0438\u043d\u0438\u0440\u043e\u0432\u0430\u043d\u043d\u044b\u0439 \u043c\u0443\u043b\u044c\u0442\u0438\u043f\u043b\u0438\u043a\u0430\u0442\u043e\u0440
                combined_multiplier = volatility_multiplier * market_multiplier * volume_multiplier
    
                # \u0414\u0438\u043d\u0430\u043c\u0438\u0447\u0435\u0441\u043a\u0438\u0439 \u0441\u0442\u043e\u043f
                dynamic_stop = entry_price - (atr * 1.5 * combined_multiplier)
    
                # \u041f\u0440\u0438\u043c\u0435\u043d\u0435\u043d\u0438\u0435 \u0433\u0440\u0430\u043d\u0438\u0446
                min_stop = entry_price * (1 - self.min_stop_pct)
                max_stop = entry_price * (1 - self.max_stop_pct)
                final_stop = max(min_stop, min(dynamic_stop, max_stop))
    
                # \u0414\u0435\u0442\u0430\u043b\u0438 \u0434\u043b\u044f \u043b\u043e\u0433\u0438\u0440\u043e\u0432\u0430\u043d\u0438\u044f
                details = {
                    "entry_price": entry_price,
                    "base_atr_stop": base_atr_stop,
                    "atr_value": atr,
                    "atr_method": self.atr_method,
                    "volatility": risk_metrics.volatility,
                    "volatility_multiplier": volatility_multiplier,
                    "market_condition": market_condition,
                    "market_multiplier": market_multiplier,
                    "volume_multiplier": volume_multiplier,
                    "combined_multiplier": combined_multiplier,
                    "dynamic_stop": dynamic_stop,
                    "risk_level": risk_metrics.risk_level.value,
                    "final_stop_pct": round((entry_price - final_stop) / entry_price * 100, 2),
                    "min_stop_boundary": min_stop,
                    "max_stop_boundary": max_stop
                }
    
                logging.info(f"\U0001f6e1\ufe0f Dynamic SL: {final_stop:.6f} ({details['final_stop_pct']:.2f}%) | "
                            f"Risk: {risk_metrics.risk_level.value} | Market: {market_condition}")
    
                return final_stop, details
    
            except Exception as e:
                logging.error(f"\U0001f6e1\ufe0f Dynamic stop loss calculation failed: {e}")
                # Fallback \u043a \u043f\u0440\u043e\u0441\u0442\u043e\u043c\u0443 \u043f\u0440\u043e\u0446\u0435\u043d\u0442\u043d\u043e\u043c\u0443 \u0441\u0442\u043e\u043f\u0443
                fallback_stop = entry_price * (1 - 0.02)  # 2%
                return fallback_stop, {
                    "error": str(e),
                    "fallback_stop": fallback_stop,
                    "fallback_pct": 2.0
                }
    
        # =========================================================================
        # UTILITY METHODS
        # =========================================================================
    
        def _calculate_trend_strength(self, ema_series: pd.Series) -> float:
            """\u0420\u0430\u0441\u0447\u0435\u0442 \u0441\u0438\u043b\u044b \u0442\u0440\u0435\u043d\u0434\u0430 \u0447\u0435\u0440\u0435\u0437 \u0440\u0435\u0433\u0440\u0435\u0441\u0441\u0438\u044e"""
            if len(ema_series) < 5:
                return 0.0
    
            try:
                x = np.arange(5)
                y = ema_series.iloc[-5:].values
                if len(y) < 5 or not np.all(np.isfinite(y)):
                    return 0.0
                slope = np.polyfit(x, y, 1)[0]
                return float(np.clip((slope / y[-1]) * 1000, -1, 1))
            except Exception:
                return 0.0
    
        def _determine_risk_level(self, volatility: float, atr_normalized: float) -> RiskLevel:
            """\u041e\u043f\u0440\u0435\u0434\u0435\u043b\u0435\u043d\u0438\u0435 \u0443\u0440\u043e\u0432\u043d\u044f \u0440\u0438\u0441\u043a\u0430 \u043f\u043e \u043c\u0435\u0442\u0440\u0438\u043a\u0430\u043c"""
            for level, thresholds in self.risk_thresholds.items():
                if volatility <= thresholds["vol"] and atr_normalized <= thresholds["atr"]:
                    return level
            return RiskLevel.EXTREME
    
        def _default_risk_metrics(self) -> RiskMetrics:
            """\u0414\u0435\u0444\u043e\u043b\u0442\u043d\u044b\u0435 \u043c\u0435\u0442\u0440\u0438\u043a\u0438 \u043f\u0440\u0438 \u043e\u0448\u0438\u0431\u043a\u0430\u0445"""
            return RiskMetrics(
                volatility=0.03,
                atr_normalized=0.02,
                volume_ratio=1.0,
                trend_strength=0.0,
                market_condition="SIDEWAYS",
                risk_level=RiskLevel.MEDIUM
            )
    
        # =========================================================================
        # DIAGNOSTICS & MONITORING
        # =========================================================================
    
        def get_atr_diagnostics(self) -> Dict[str, Any]:
            """\u2705 \u041d\u041e\u0412\u041e\u0415: \u0414\u0438\u0430\u0433\u043d\u043e\u0441\u0442\u0438\u043a\u0430 unified ATR \u0441\u0438\u0441\u0442\u0435\u043c\u044b"""
            return {
                "config": {
                    "atr_period": self.atr_period,
                    "atr_method": self.atr_method,
                    "compare_enabled": self.atr_compare_enabled,
                    "min_stop_pct": self.min_stop_pct,
                    "max_stop_pct": self.max_stop_pct
                },
                "stats": dict(self._stats),
                "thresholds": {level.value: thresholds for level, thresholds in self.risk_thresholds.items()},
                "market_modifiers": self.risk_multipliers
            }
    
        def reset_stats(self):
            """\u0421\u0431\u0440\u043e\u0441 \u0441\u0442\u0430\u0442\u0438\u0441\u0442\u0438\u043a\u0438"""
            self._stats = {
                "total_calculations": 0,
                "unified_atr_calls": 0,
                "fallback_calls": 0,
                "comparison_warnings": 0
            }
            logging.info("\U0001f6e1\ufe0f Risk manager stats reset")
    
        def set_atr_method(self, method: str):
            """\u0418\u0437\u043c\u0435\u043d\u0435\u043d\u0438\u0435 \u043c\u0435\u0442\u043e\u0434\u0430 ATR \u0440\u0430\u0441\u0447\u0435\u0442\u0430"""
            if method.lower() in ["ewm", "sma"]:
                self.atr_method = method.lower()
                logging.info(f"\U0001f6e1\ufe0f ATR method changed to: {self.atr_method}")
            else:
                logging.error(f"\U0001f6e1\ufe0f Invalid ATR method: {method}")
    
        def enable_atr_comparison(self, enabled: bool):
            """\u0412\u043a\u043b\u044e\u0447\u0435\u043d\u0438\u0435/\u043e\u0442\u043a\u043b\u044e\u0447\u0435\u043d\u0438\u0435 \u0441\u0440\u0430\u0432\u043d\u0435\u043d\u0438\u044f ATR"""
            self.atr_compare_enabled = enabled
            logging.info(f"\U0001f6e1\ufe0f ATR comparison {'enabled' if enabled else 'disabled'}")
    
>       def validate_configuration(self) -> List[str]:
                                            ^^^^
E       NameError: name 'List' is not defined

trading\risk_manager.py:386: NameError
_____ ERROR at setup of TestUnifiedRiskManager.test_adjust_for_volatility _____

self = <test_risk_manager.TestUnifiedRiskManager object at 0x000001D981F4F750>
mock_exchange = <Mock id='2033704528128'>
mock_state = <Mock id='2033704530144'>

    @pytest.fixture
    def risk_manager(self, mock_exchange, mock_state):
        """\u0421\u043e\u0437\u0434\u0430\u0435\u0442 \u044d\u043a\u0437\u0435\u043c\u043f\u043b\u044f\u0440 UnifiedRiskManager"""
        # \u0418\u043c\u043f\u043e\u0440\u0442\u0438\u0440\u0443\u0435\u043c \u0437\u0434\u0435\u0441\u044c, \u0447\u0442\u043e\u0431\u044b \u0438\u0437\u0431\u0435\u0436\u0430\u0442\u044c \u043e\u0448\u0438\u0431\u043e\u043a \u043f\u0440\u0438 \u0441\u0431\u043e\u0440\u0435 \u0442\u0435\u0441\u0442\u043e\u0432
>       from trading.risk_manager import UnifiedRiskManager

tests\test_risk_manager.py:43: 
_ _ _ _ _ _ _ _ _ _ _ _ _ _ _ _ _ _ _ _ _ _ _ _ _ _ _ _ _ _ _ _ _ _ _ _ _ _ _ _
trading\risk_manager.py:26: in <module>
    class UnifiedRiskManager:
_ _ _ _ _ _ _ _ _ _ _ _ _ _ _ _ _ _ _ _ _ _ _ _ _ _ _ _ _ _ _ _ _ _ _ _ _ _ _ _

    class UnifiedRiskManager:
        """
        \u2705 \u041f\u041e\u041b\u041d\u041e\u0421\u0422\u042c\u042e \u041f\u0415\u0420\u0415\u041f\u0418\u0421\u0410\u041d\u041d\u042b\u0419: Unified Risk Manager \u0441 \u0438\u043d\u0442\u0435\u0433\u0440\u0430\u0446\u0438\u0435\u0439 ATR \u0441\u0438\u0441\u0442\u0435\u043c\u044b
    
        \u041e\u0441\u043e\u0431\u0435\u043d\u043d\u043e\u0441\u0442\u0438:
        - \u0418\u0441\u043f\u043e\u043b\u044c\u0437\u0443\u0435\u0442 \u0422\u041e\u041b\u042c\u041a\u041e unified ATR \u0444\u0443\u043d\u043a\u0446\u0438\u0438
        - \u041f\u043e\u0434\u0434\u0435\u0440\u0436\u043a\u0430 config/settings.py \u043f\u0430\u0440\u0430\u043c\u0435\u0442\u0440\u043e\u0432
        - \u0421\u0440\u0430\u0432\u043d\u0435\u043d\u0438\u0435 old vs new ATR \u0434\u043b\u044f \u043e\u0442\u043b\u0430\u0434\u043a\u0438
        - \u0410\u0434\u0430\u043f\u0442\u0438\u0432\u043d\u044b\u0435 \u0441\u0442\u043e\u043f-\u043b\u043e\u0441\u0441\u044b \u0441 \u0440\u044b\u043d\u043e\u0447\u043d\u044b\u043c\u0438 \u043c\u043e\u0434\u0438\u0444\u0438\u043a\u0430\u0442\u043e\u0440\u0430\u043c\u0438
        - \u0426\u0435\u043d\u0442\u0440\u0430\u043b\u0438\u0437\u043e\u0432\u0430\u043d\u043d\u043e\u0435 \u043b\u043e\u0433\u0438\u0440\u043e\u0432\u0430\u043d\u0438\u0435 \u0441 unified \u0441\u0442\u0438\u043b\u0435\u043c
        """
    
        def __init__(self):
            # \u2705 \u041f\u041e\u041b\u0423\u0427\u0410\u0415\u041c \u041a\u041e\u041d\u0424\u0418\u0413\u0423\u0420\u0410\u0426\u0418\u042e \u0418\u0417 SETTINGS
            try:
                from config.settings import TradingConfig
                self.config = TradingConfig()
    
                # ATR \u043a\u043e\u043d\u0444\u0438\u0433\u0443\u0440\u0430\u0446\u0438\u044f
                atr_config = self.config.get_atr_config()
                self.atr_period = atr_config["period"]
                self.atr_method = atr_config["risk_method"]
                self.atr_compare_enabled = atr_config["compare_enabled"]
    
                # \u0420\u0438\u0441\u043a \u043a\u043e\u043d\u0444\u0438\u0433\u0443\u0440\u0430\u0446\u0438\u044f
                risk_config = self.config.get_risk_config()
                self.min_stop_pct = risk_config["min_stop_pct"]
                self.max_stop_pct = risk_config["max_stop_pct"]
                self.volatility_lookback = risk_config["volatility_lookback"]
                self.volume_lookback = risk_config["volume_lookback"]
                self.market_modifiers = risk_config["market_modifiers"]
    
                logging.info(f"\U0001f6e1\ufe0f UnifiedRiskManager: ATR period={self.atr_period}, method={self.atr_method}")
    
            except Exception as e:
                logging.error(f"Failed to load config, using defaults: {e}")
                # Fallback \u043a \u0434\u0435\u0444\u043e\u043b\u0442\u043d\u044b\u043c \u0437\u043d\u0430\u0447\u0435\u043d\u0438\u044f\u043c
                self._load_defaults()
    
            # \u041c\u0443\u043b\u044c\u0442\u0438\u043f\u043b\u0438\u043a\u0430\u0442\u043e\u0440\u044b \u0440\u0438\u0441\u043a\u0430 \u043f\u043e \u0440\u044b\u043d\u043e\u0447\u043d\u044b\u043c \u0443\u0441\u043b\u043e\u0432\u0438\u044f\u043c
            self.risk_multipliers = {
                "STRONG_BULL": {"stop": 0.8, "volatility": 0.9},
                "WEAK_BULL": {"stop": 1.0, "volatility": 1.0},
                "SIDEWAYS": {"stop": 1.3, "volatility": 1.2},
                "WEAK_BEAR": {"stop": 1.1, "volatility": 1.1},
                "STRONG_BEAR": {"stop": 0.9, "volatility": 1.0}
            }
    
            # \u0413\u0440\u0430\u043d\u0438\u0446\u044b \u0440\u0438\u0441\u043a\u0430 \u0434\u043b\u044f \u043a\u043b\u0430\u0441\u0441\u0438\u0444\u0438\u043a\u0430\u0446\u0438\u0438
            self.risk_thresholds = {
                RiskLevel.LOW: {"vol": 0.02, "atr": 0.015},
                RiskLevel.MEDIUM: {"vol": 0.04, "atr": 0.03},
                RiskLevel.HIGH: {"vol": 0.06, "atr": 0.045},
                RiskLevel.EXTREME: {"vol": float("inf"), "atr": float("inf")}
            }
    
            # \u0421\u0442\u0430\u0442\u0438\u0441\u0442\u0438\u043a\u0430 \u0434\u043b\u044f \u043e\u0442\u043b\u0430\u0434\u043a\u0438
            self._stats = {
                "total_calculations": 0,
                "unified_atr_calls": 0,
                "fallback_calls": 0,
                "comparison_warnings": 0
            }
    
        def _load_defaults(self):
            """\u0417\u0430\u0433\u0440\u0443\u0437\u043a\u0430 \u0434\u0435\u0444\u043e\u043b\u0442\u043d\u044b\u0445 \u0437\u043d\u0430\u0447\u0435\u043d\u0438\u0439 \u043f\u0440\u0438 \u043e\u0448\u0438\u0431\u043a\u0435 \u043a\u043e\u043d\u0444\u0438\u0433\u0443\u0440\u0430\u0446\u0438\u0438"""
            self.atr_period = int(os.getenv("ATR_PERIOD", 14))
            self.atr_method = os.getenv("RISK_ATR_METHOD", "ewm").lower()
            self.atr_compare_enabled = os.getenv("RISK_ATR_COMPARE", "1") == "1"
            self.min_stop_pct = float(os.getenv("MIN_STOP_PCT", 0.005))
            self.max_stop_pct = float(os.getenv("MAX_STOP_PCT", 0.05))
            self.volatility_lookback = int(os.getenv("VOLATILITY_LOOKBACK", 20))
            self.volume_lookback = int(os.getenv("VOLUME_LOOKBACK", 20))
            self.market_modifiers = {
                "bull": float(os.getenv("BULL_MARKET_MODIFIER", -0.20)),
                "bear": float(os.getenv("BEAR_MARKET_MODIFIER", 0.40)),
                "overheated": float(os.getenv("OVERHEATED_MODIFIER", 0.30))
            }
    
        # =========================================================================
        # \u2705 UNIFIED ATR INTEGRATION
        # =========================================================================
    
        def get_unified_atr(self, df: pd.DataFrame, period: Optional[int] = None) -> float:
            """
            \u2705 \u0413\u041b\u0410\u0412\u041d\u0410\u042f \u0424\u0423\u041d\u041a\u0426\u0418\u042f: \u041f\u043e\u043b\u0443\u0447\u0435\u043d\u0438\u0435 ATR \u0447\u0435\u0440\u0435\u0437 unified \u0441\u0438\u0441\u0442\u0435\u043c\u0443
    
            Args:
                df: DataFrame \u0441 OHLCV \u0434\u0430\u043d\u043d\u044b\u043c\u0438
                period: \u041f\u0435\u0440\u0438\u043e\u0434 ATR (\u0435\u0441\u043b\u0438 None - \u0438\u0441\u043f\u043e\u043b\u044c\u0437\u0443\u0435\u0442 self.atr_period)
    
            Returns:
                float: ATR \u0437\u043d\u0430\u0447\u0435\u043d\u0438\u0435
            """
            try:
                from analysis.technical_indicators import _atr_for_risk_manager
    
                # \u0418\u0441\u043f\u043e\u043b\u044c\u0437\u0443\u0435\u043c \u043f\u0435\u0440\u0438\u043e\u0434 \u0438\u0437 \u043a\u043e\u043d\u0444\u0438\u0433\u0443\u0440\u0430\u0446\u0438\u0438 \u0435\u0441\u043b\u0438 \u043d\u0435 \u0437\u0430\u0434\u0430\u043d
                atr_period = period if period is not None else self.atr_period
    
                # \u2705 UNIFIED ATR CALL
                unified_atr = _atr_for_risk_manager(df, atr_period)
                self._stats["unified_atr_calls"] += 1
    
                # \u2705 \u041e\u041f\u0426\u0418\u041e\u041d\u0410\u041b\u042c\u041d\u041e\u0415 \u0421\u0420\u0410\u0412\u041d\u0415\u041d\u0418\u0415 \u0421 LEGACY (\u0434\u043b\u044f \u043e\u0442\u043b\u0430\u0434\u043a\u0438)
                if self.atr_compare_enabled:
                    self._compare_with_legacy_atr(df, unified_atr, atr_period)
    
                logging.debug(f"\U0001f6e1\ufe0f Risk Manager ATR (UNIFIED): {unified_atr:.6f} | period={atr_period} | method={self.atr_method}")
                return unified_atr
    
            except Exception as e:
                logging.error(f"\U0001f6e1\ufe0f Unified ATR failed in risk manager: {e}")
                self._stats["fallback_calls"] += 1
                return self._fallback_atr(df, period or self.atr_period)
    
        def _compare_with_legacy_atr(self, df: pd.DataFrame, unified_atr: float, period: int):
            """\u0421\u0440\u0430\u0432\u043d\u0435\u043d\u0438\u0435 unified ATR \u0441 legacy \u043c\u0435\u0442\u043e\u0434\u043e\u043c \u0434\u043b\u044f \u043e\u0442\u043b\u0430\u0434\u043a\u0438"""
            try:
                # Legacy ATR \u0440\u0430\u0441\u0447\u0435\u0442
                if df is None or df.empty or len(df) < period:
                    return
    
                high = df["high"].astype("float64")
                low = df["low"].astype("float64")
                close = df["close"].astype("float64")
    
                prev_close = close.shift(1)
                tr1 = (high - low).abs()
                tr2 = (high - prev_close).abs()
                tr3 = (low - prev_close).abs()
                tr = pd.concat([tr1, tr2, tr3], axis=1).max(axis=1)
    
                if self.atr_method == "sma":
                    legacy_atr = tr.rolling(window=period, min_periods=1).mean().iloc[-1]
                else:
                    legacy_atr = tr.ewm(alpha=1/period, adjust=False, min_periods=1).mean().iloc[-1]
    
                # \u0421\u0440\u0430\u0432\u043d\u0435\u043d\u0438\u0435
                difference = abs(unified_atr - legacy_atr)
                difference_pct = (difference / max(unified_atr, legacy_atr)) * 100
    
                if difference_pct > 1.0:  # \u0411\u043e\u043b\u044c\u0448\u0435 1% \u0440\u0430\u0441\u0445\u043e\u0436\u0434\u0435\u043d\u0438\u044f
                    self._stats["comparison_warnings"] += 1
                    logging.warning(f"\U0001f6e1\ufe0f ATR COMPARISON: unified={unified_atr:.6f}, legacy={legacy_atr:.6f}, diff={difference_pct:.2f}%")
                else:
                    logging.debug(f"\U0001f6e1\ufe0f ATR COMPARISON OK: diff={difference_pct:.2f}%")
    
            except Exception as e:
                logging.debug(f"ATR comparison failed: {e}")
    
        def _fallback_atr(self, df: pd.DataFrame, period: int) -> float:
            """\u041a\u0440\u0438\u0442\u0438\u0447\u0435\u0441\u043a\u0438\u0439 fallback \u0434\u043b\u044f ATR \u0440\u0430\u0441\u0447\u0435\u0442\u0430"""
            try:
                if df is None or df.empty:
                    return 100.0  # \u042d\u043a\u0441\u0442\u0440\u0435\u043c\u0430\u043b\u044c\u043d\u044b\u0439 fallback
    
                # \u041f\u0440\u043e\u0441\u0442\u0435\u0439\u0448\u0438\u0439 ATR \u0440\u0430\u0441\u0447\u0435\u0442
                price_range = (df["high"] - df["low"]).mean()
                return float(price_range) if pd.notna(price_range) and price_range > 0 else 100.0
    
            except Exception:
                return 100.0
    
        # =========================================================================
        # RISK METRICS CALCULATION
        # =========================================================================
    
        def calculate_risk_metrics(self, df: pd.DataFrame, market_condition: str = "SIDEWAYS") -> RiskMetrics:
            """\u2705 \u041e\u0411\u041d\u041e\u0412\u041b\u0415\u041d\u041e: \u0420\u0430\u0441\u0447\u0435\u0442 \u043c\u0435\u0442\u0440\u0438\u043a \u0440\u0438\u0441\u043a\u0430 \u0441 unified ATR"""
            if df is None or df.empty or len(df) < self.volatility_lookback:
                return self._default_risk_metrics()
    
            try:
                self._stats["total_calculations"] += 1
    
                # \u0412\u043e\u043b\u0430\u0442\u0438\u043b\u044c\u043d\u043e\u0441\u0442\u044c \u0434\u043e\u0445\u043e\u0434\u043d\u043e\u0441\u0442\u0435\u0439
                returns = df["close"].pct_change().dropna()
                if len(returns) >= self.volatility_lookback:
                    volatility = returns.rolling(self.volatility_lookback).std().iloc[-1]
                else:
                    volatility = returns.std()
                volatility = float(volatility) if pd.notna(volatility) else 0.03
    
                # \u2705 UNIFIED ATR
                atr = self.get_unified_atr(df)
                atr_normalized = atr / df["close"].iloc[-1] if df["close"].iloc[-1] > 0 else 0.02
    
                # \u041e\u0431\u044a\u0435\u043c\u043d\u044b\u0439 \u0430\u043d\u0430\u043b\u0438\u0437
                if "volume" in df.columns and len(df) >= self.volume_lookback:
                    volume_ma = df["volume"].rolling(self.volume_lookback).mean()
                    current_volume = df["volume"].iloc[-1]
                    volume_ratio = current_volume / volume_ma.iloc[-1] if volume_ma.iloc[-1] > 0 else 1.0
                else:
                    volume_ratio = 1.0
    
                # \u0421\u0438\u043b\u0430 \u0442\u0440\u0435\u043d\u0434\u0430
                ema_20 = df["close"].ewm(span=20).mean()
                trend_strength = self._calculate_trend_strength(ema_20)
    
                # \u041e\u043f\u0440\u0435\u0434\u0435\u043b\u0435\u043d\u0438\u0435 \u0443\u0440\u043e\u0432\u043d\u044f \u0440\u0438\u0441\u043a\u0430
                risk_level = self._determine_risk_level(volatility, atr_normalized)
    
                metrics = RiskMetrics(
                    volatility=float(volatility),
                    atr_normalized=float(atr_normalized),
                    volume_ratio=float(volume_ratio),
                    trend_strength=float(trend_strength),
                    market_condition=market_condition,
                    risk_level=risk_level
                )
    
                logging.debug(f"\U0001f6e1\ufe0f Risk metrics: vol={volatility:.4f}, atr_norm={atr_normalized:.4f}, level={risk_level.value}")
                return metrics
    
            except Exception as e:
                logging.error(f"\U0001f6e1\ufe0f Risk metrics calculation failed: {e}")
                return self._default_risk_metrics()
    
        def calculate_dynamic_stop_loss(self, entry_price: float, df: pd.DataFrame,
                                      market_condition: str = "SIDEWAYS") -> Tuple[float, Dict[str, Any]]:
            """\u2705 \u041e\u0411\u041d\u041e\u0412\u041b\u0415\u041d\u041e: \u0414\u0438\u043d\u0430\u043c\u0438\u0447\u0435\u0441\u043a\u0438\u0439 \u0441\u0442\u043e\u043f-\u043b\u043e\u0441\u0441 \u0441 unified ATR"""
            try:
                risk_metrics = self.calculate_risk_metrics(df, market_condition)
    
                # \u2705 UNIFIED ATR \u0434\u043b\u044f \u0441\u0442\u043e\u043f-\u043b\u043e\u0441\u0441\u0430
                atr = self.get_unified_atr(df)
    
                # \u0411\u0430\u0437\u043e\u0432\u044b\u0439 ATR \u0441\u0442\u043e\u043f (1.5x ATR \u043d\u0438\u0436\u0435 \u0432\u0445\u043e\u0434\u0430)
                base_atr_stop = entry_price - (atr * 1.5)
    
                # \u041c\u0443\u043b\u044c\u0442\u0438\u043f\u043b\u0438\u043a\u0430\u0442\u043e\u0440\u044b \u043d\u0430 \u043e\u0441\u043d\u043e\u0432\u0435 \u0440\u044b\u043d\u043e\u0447\u043d\u044b\u0445 \u0443\u0441\u043b\u043e\u0432\u0438\u0439
                volatility_multiplier = 1 + (risk_metrics.volatility * 5)
                market_multiplier = self.risk_multipliers.get(market_condition, {"stop": 1.0})["stop"]
                volume_multiplier = 1 / (1 + max(0, risk_metrics.volume_ratio - 1) * 0.3)
    
                # \u041a\u043e\u043c\u0431\u0438\u043d\u0438\u0440\u043e\u0432\u0430\u043d\u043d\u044b\u0439 \u043c\u0443\u043b\u044c\u0442\u0438\u043f\u043b\u0438\u043a\u0430\u0442\u043e\u0440
                combined_multiplier = volatility_multiplier * market_multiplier * volume_multiplier
    
                # \u0414\u0438\u043d\u0430\u043c\u0438\u0447\u0435\u0441\u043a\u0438\u0439 \u0441\u0442\u043e\u043f
                dynamic_stop = entry_price - (atr * 1.5 * combined_multiplier)
    
                # \u041f\u0440\u0438\u043c\u0435\u043d\u0435\u043d\u0438\u0435 \u0433\u0440\u0430\u043d\u0438\u0446
                min_stop = entry_price * (1 - self.min_stop_pct)
                max_stop = entry_price * (1 - self.max_stop_pct)
                final_stop = max(min_stop, min(dynamic_stop, max_stop))
    
                # \u0414\u0435\u0442\u0430\u043b\u0438 \u0434\u043b\u044f \u043b\u043e\u0433\u0438\u0440\u043e\u0432\u0430\u043d\u0438\u044f
                details = {
                    "entry_price": entry_price,
                    "base_atr_stop": base_atr_stop,
                    "atr_value": atr,
                    "atr_method": self.atr_method,
                    "volatility": risk_metrics.volatility,
                    "volatility_multiplier": volatility_multiplier,
                    "market_condition": market_condition,
                    "market_multiplier": market_multiplier,
                    "volume_multiplier": volume_multiplier,
                    "combined_multiplier": combined_multiplier,
                    "dynamic_stop": dynamic_stop,
                    "risk_level": risk_metrics.risk_level.value,
                    "final_stop_pct": round((entry_price - final_stop) / entry_price * 100, 2),
                    "min_stop_boundary": min_stop,
                    "max_stop_boundary": max_stop
                }
    
                logging.info(f"\U0001f6e1\ufe0f Dynamic SL: {final_stop:.6f} ({details['final_stop_pct']:.2f}%) | "
                            f"Risk: {risk_metrics.risk_level.value} | Market: {market_condition}")
    
                return final_stop, details
    
            except Exception as e:
                logging.error(f"\U0001f6e1\ufe0f Dynamic stop loss calculation failed: {e}")
                # Fallback \u043a \u043f\u0440\u043e\u0441\u0442\u043e\u043c\u0443 \u043f\u0440\u043e\u0446\u0435\u043d\u0442\u043d\u043e\u043c\u0443 \u0441\u0442\u043e\u043f\u0443
                fallback_stop = entry_price * (1 - 0.02)  # 2%
                return fallback_stop, {
                    "error": str(e),
                    "fallback_stop": fallback_stop,
                    "fallback_pct": 2.0
                }
    
        # =========================================================================
        # UTILITY METHODS
        # =========================================================================
    
        def _calculate_trend_strength(self, ema_series: pd.Series) -> float:
            """\u0420\u0430\u0441\u0447\u0435\u0442 \u0441\u0438\u043b\u044b \u0442\u0440\u0435\u043d\u0434\u0430 \u0447\u0435\u0440\u0435\u0437 \u0440\u0435\u0433\u0440\u0435\u0441\u0441\u0438\u044e"""
            if len(ema_series) < 5:
                return 0.0
    
            try:
                x = np.arange(5)
                y = ema_series.iloc[-5:].values
                if len(y) < 5 or not np.all(np.isfinite(y)):
                    return 0.0
                slope = np.polyfit(x, y, 1)[0]
                return float(np.clip((slope / y[-1]) * 1000, -1, 1))
            except Exception:
                return 0.0
    
        def _determine_risk_level(self, volatility: float, atr_normalized: float) -> RiskLevel:
            """\u041e\u043f\u0440\u0435\u0434\u0435\u043b\u0435\u043d\u0438\u0435 \u0443\u0440\u043e\u0432\u043d\u044f \u0440\u0438\u0441\u043a\u0430 \u043f\u043e \u043c\u0435\u0442\u0440\u0438\u043a\u0430\u043c"""
            for level, thresholds in self.risk_thresholds.items():
                if volatility <= thresholds["vol"] and atr_normalized <= thresholds["atr"]:
                    return level
            return RiskLevel.EXTREME
    
        def _default_risk_metrics(self) -> RiskMetrics:
            """\u0414\u0435\u0444\u043e\u043b\u0442\u043d\u044b\u0435 \u043c\u0435\u0442\u0440\u0438\u043a\u0438 \u043f\u0440\u0438 \u043e\u0448\u0438\u0431\u043a\u0430\u0445"""
            return RiskMetrics(
                volatility=0.03,
                atr_normalized=0.02,
                volume_ratio=1.0,
                trend_strength=0.0,
                market_condition="SIDEWAYS",
                risk_level=RiskLevel.MEDIUM
            )
    
        # =========================================================================
        # DIAGNOSTICS & MONITORING
        # =========================================================================
    
        def get_atr_diagnostics(self) -> Dict[str, Any]:
            """\u2705 \u041d\u041e\u0412\u041e\u0415: \u0414\u0438\u0430\u0433\u043d\u043e\u0441\u0442\u0438\u043a\u0430 unified ATR \u0441\u0438\u0441\u0442\u0435\u043c\u044b"""
            return {
                "config": {
                    "atr_period": self.atr_period,
                    "atr_method": self.atr_method,
                    "compare_enabled": self.atr_compare_enabled,
                    "min_stop_pct": self.min_stop_pct,
                    "max_stop_pct": self.max_stop_pct
                },
                "stats": dict(self._stats),
                "thresholds": {level.value: thresholds for level, thresholds in self.risk_thresholds.items()},
                "market_modifiers": self.risk_multipliers
            }
    
        def reset_stats(self):
            """\u0421\u0431\u0440\u043e\u0441 \u0441\u0442\u0430\u0442\u0438\u0441\u0442\u0438\u043a\u0438"""
            self._stats = {
                "total_calculations": 0,
                "unified_atr_calls": 0,
                "fallback_calls": 0,
                "comparison_warnings": 0
            }
            logging.info("\U0001f6e1\ufe0f Risk manager stats reset")
    
        def set_atr_method(self, method: str):
            """\u0418\u0437\u043c\u0435\u043d\u0435\u043d\u0438\u0435 \u043c\u0435\u0442\u043e\u0434\u0430 ATR \u0440\u0430\u0441\u0447\u0435\u0442\u0430"""
            if method.lower() in ["ewm", "sma"]:
                self.atr_method = method.lower()
                logging.info(f"\U0001f6e1\ufe0f ATR method changed to: {self.atr_method}")
            else:
                logging.error(f"\U0001f6e1\ufe0f Invalid ATR method: {method}")
    
        def enable_atr_comparison(self, enabled: bool):
            """\u0412\u043a\u043b\u044e\u0447\u0435\u043d\u0438\u0435/\u043e\u0442\u043a\u043b\u044e\u0447\u0435\u043d\u0438\u0435 \u0441\u0440\u0430\u0432\u043d\u0435\u043d\u0438\u044f ATR"""
            self.atr_compare_enabled = enabled
            logging.info(f"\U0001f6e1\ufe0f ATR comparison {'enabled' if enabled else 'disabled'}")
    
>       def validate_configuration(self) -> List[str]:
                                            ^^^^
E       NameError: name 'List' is not defined

trading\risk_manager.py:386: NameError
_____ ERROR at setup of TestRiskManagerIntegration.test_full_trade_cycle ______

self = <test_risk_manager.TestRiskManagerIntegration object at 0x000001D9820F02D0>

    @pytest.fixture
    def setup_risk_manager(self):
        """\u041d\u0430\u0441\u0442\u0440\u043e\u0439\u043a\u0430 \u0434\u043b\u044f \u0438\u043d\u0442\u0435\u0433\u0440\u0430\u0446\u0438\u043e\u043d\u043d\u044b\u0445 \u0442\u0435\u0441\u0442\u043e\u0432"""
>       from trading.risk_manager import UnifiedRiskManager

tests\test_risk_manager.py:182: 
_ _ _ _ _ _ _ _ _ _ _ _ _ _ _ _ _ _ _ _ _ _ _ _ _ _ _ _ _ _ _ _ _ _ _ _ _ _ _ _
trading\risk_manager.py:26: in <module>
    class UnifiedRiskManager:
_ _ _ _ _ _ _ _ _ _ _ _ _ _ _ _ _ _ _ _ _ _ _ _ _ _ _ _ _ _ _ _ _ _ _ _ _ _ _ _

    class UnifiedRiskManager:
        """
        \u2705 \u041f\u041e\u041b\u041d\u041e\u0421\u0422\u042c\u042e \u041f\u0415\u0420\u0415\u041f\u0418\u0421\u0410\u041d\u041d\u042b\u0419: Unified Risk Manager \u0441 \u0438\u043d\u0442\u0435\u0433\u0440\u0430\u0446\u0438\u0435\u0439 ATR \u0441\u0438\u0441\u0442\u0435\u043c\u044b
    
        \u041e\u0441\u043e\u0431\u0435\u043d\u043d\u043e\u0441\u0442\u0438:
        - \u0418\u0441\u043f\u043e\u043b\u044c\u0437\u0443\u0435\u0442 \u0422\u041e\u041b\u042c\u041a\u041e unified ATR \u0444\u0443\u043d\u043a\u0446\u0438\u0438
        - \u041f\u043e\u0434\u0434\u0435\u0440\u0436\u043a\u0430 config/settings.py \u043f\u0430\u0440\u0430\u043c\u0435\u0442\u0440\u043e\u0432
        - \u0421\u0440\u0430\u0432\u043d\u0435\u043d\u0438\u0435 old vs new ATR \u0434\u043b\u044f \u043e\u0442\u043b\u0430\u0434\u043a\u0438
        - \u0410\u0434\u0430\u043f\u0442\u0438\u0432\u043d\u044b\u0435 \u0441\u0442\u043e\u043f-\u043b\u043e\u0441\u0441\u044b \u0441 \u0440\u044b\u043d\u043e\u0447\u043d\u044b\u043c\u0438 \u043c\u043e\u0434\u0438\u0444\u0438\u043a\u0430\u0442\u043e\u0440\u0430\u043c\u0438
        - \u0426\u0435\u043d\u0442\u0440\u0430\u043b\u0438\u0437\u043e\u0432\u0430\u043d\u043d\u043e\u0435 \u043b\u043e\u0433\u0438\u0440\u043e\u0432\u0430\u043d\u0438\u0435 \u0441 unified \u0441\u0442\u0438\u043b\u0435\u043c
        """
    
        def __init__(self):
            # \u2705 \u041f\u041e\u041b\u0423\u0427\u0410\u0415\u041c \u041a\u041e\u041d\u0424\u0418\u0413\u0423\u0420\u0410\u0426\u0418\u042e \u0418\u0417 SETTINGS
            try:
                from config.settings import TradingConfig
                self.config = TradingConfig()
    
                # ATR \u043a\u043e\u043d\u0444\u0438\u0433\u0443\u0440\u0430\u0446\u0438\u044f
                atr_config = self.config.get_atr_config()
                self.atr_period = atr_config["period"]
                self.atr_method = atr_config["risk_method"]
                self.atr_compare_enabled = atr_config["compare_enabled"]
    
                # \u0420\u0438\u0441\u043a \u043a\u043e\u043d\u0444\u0438\u0433\u0443\u0440\u0430\u0446\u0438\u044f
                risk_config = self.config.get_risk_config()
                self.min_stop_pct = risk_config["min_stop_pct"]
                self.max_stop_pct = risk_config["max_stop_pct"]
                self.volatility_lookback = risk_config["volatility_lookback"]
                self.volume_lookback = risk_config["volume_lookback"]
                self.market_modifiers = risk_config["market_modifiers"]
    
                logging.info(f"\U0001f6e1\ufe0f UnifiedRiskManager: ATR period={self.atr_period}, method={self.atr_method}")
    
            except Exception as e:
                logging.error(f"Failed to load config, using defaults: {e}")
                # Fallback \u043a \u0434\u0435\u0444\u043e\u043b\u0442\u043d\u044b\u043c \u0437\u043d\u0430\u0447\u0435\u043d\u0438\u044f\u043c
                self._load_defaults()
    
            # \u041c\u0443\u043b\u044c\u0442\u0438\u043f\u043b\u0438\u043a\u0430\u0442\u043e\u0440\u044b \u0440\u0438\u0441\u043a\u0430 \u043f\u043e \u0440\u044b\u043d\u043e\u0447\u043d\u044b\u043c \u0443\u0441\u043b\u043e\u0432\u0438\u044f\u043c
            self.risk_multipliers = {
                "STRONG_BULL": {"stop": 0.8, "volatility": 0.9},
                "WEAK_BULL": {"stop": 1.0, "volatility": 1.0},
                "SIDEWAYS": {"stop": 1.3, "volatility": 1.2},
                "WEAK_BEAR": {"stop": 1.1, "volatility": 1.1},
                "STRONG_BEAR": {"stop": 0.9, "volatility": 1.0}
            }
    
            # \u0413\u0440\u0430\u043d\u0438\u0446\u044b \u0440\u0438\u0441\u043a\u0430 \u0434\u043b\u044f \u043a\u043b\u0430\u0441\u0441\u0438\u0444\u0438\u043a\u0430\u0446\u0438\u0438
            self.risk_thresholds = {
                RiskLevel.LOW: {"vol": 0.02, "atr": 0.015},
                RiskLevel.MEDIUM: {"vol": 0.04, "atr": 0.03},
                RiskLevel.HIGH: {"vol": 0.06, "atr": 0.045},
                RiskLevel.EXTREME: {"vol": float("inf"), "atr": float("inf")}
            }
    
            # \u0421\u0442\u0430\u0442\u0438\u0441\u0442\u0438\u043a\u0430 \u0434\u043b\u044f \u043e\u0442\u043b\u0430\u0434\u043a\u0438
            self._stats = {
                "total_calculations": 0,
                "unified_atr_calls": 0,
                "fallback_calls": 0,
                "comparison_warnings": 0
            }
    
        def _load_defaults(self):
            """\u0417\u0430\u0433\u0440\u0443\u0437\u043a\u0430 \u0434\u0435\u0444\u043e\u043b\u0442\u043d\u044b\u0445 \u0437\u043d\u0430\u0447\u0435\u043d\u0438\u0439 \u043f\u0440\u0438 \u043e\u0448\u0438\u0431\u043a\u0435 \u043a\u043e\u043d\u0444\u0438\u0433\u0443\u0440\u0430\u0446\u0438\u0438"""
            self.atr_period = int(os.getenv("ATR_PERIOD", 14))
            self.atr_method = os.getenv("RISK_ATR_METHOD", "ewm").lower()
            self.atr_compare_enabled = os.getenv("RISK_ATR_COMPARE", "1") == "1"
            self.min_stop_pct = float(os.getenv("MIN_STOP_PCT", 0.005))
            self.max_stop_pct = float(os.getenv("MAX_STOP_PCT", 0.05))
            self.volatility_lookback = int(os.getenv("VOLATILITY_LOOKBACK", 20))
            self.volume_lookback = int(os.getenv("VOLUME_LOOKBACK", 20))
            self.market_modifiers = {
                "bull": float(os.getenv("BULL_MARKET_MODIFIER", -0.20)),
                "bear": float(os.getenv("BEAR_MARKET_MODIFIER", 0.40)),
                "overheated": float(os.getenv("OVERHEATED_MODIFIER", 0.30))
            }
    
        # =========================================================================
        # \u2705 UNIFIED ATR INTEGRATION
        # =========================================================================
    
        def get_unified_atr(self, df: pd.DataFrame, period: Optional[int] = None) -> float:
            """
            \u2705 \u0413\u041b\u0410\u0412\u041d\u0410\u042f \u0424\u0423\u041d\u041a\u0426\u0418\u042f: \u041f\u043e\u043b\u0443\u0447\u0435\u043d\u0438\u0435 ATR \u0447\u0435\u0440\u0435\u0437 unified \u0441\u0438\u0441\u0442\u0435\u043c\u0443
    
            Args:
                df: DataFrame \u0441 OHLCV \u0434\u0430\u043d\u043d\u044b\u043c\u0438
                period: \u041f\u0435\u0440\u0438\u043e\u0434 ATR (\u0435\u0441\u043b\u0438 None - \u0438\u0441\u043f\u043e\u043b\u044c\u0437\u0443\u0435\u0442 self.atr_period)
    
            Returns:
                float: ATR \u0437\u043d\u0430\u0447\u0435\u043d\u0438\u0435
            """
            try:
                from analysis.technical_indicators import _atr_for_risk_manager
    
                # \u0418\u0441\u043f\u043e\u043b\u044c\u0437\u0443\u0435\u043c \u043f\u0435\u0440\u0438\u043e\u0434 \u0438\u0437 \u043a\u043e\u043d\u0444\u0438\u0433\u0443\u0440\u0430\u0446\u0438\u0438 \u0435\u0441\u043b\u0438 \u043d\u0435 \u0437\u0430\u0434\u0430\u043d
                atr_period = period if period is not None else self.atr_period
    
                # \u2705 UNIFIED ATR CALL
                unified_atr = _atr_for_risk_manager(df, atr_period)
                self._stats["unified_atr_calls"] += 1
    
                # \u2705 \u041e\u041f\u0426\u0418\u041e\u041d\u0410\u041b\u042c\u041d\u041e\u0415 \u0421\u0420\u0410\u0412\u041d\u0415\u041d\u0418\u0415 \u0421 LEGACY (\u0434\u043b\u044f \u043e\u0442\u043b\u0430\u0434\u043a\u0438)
                if self.atr_compare_enabled:
                    self._compare_with_legacy_atr(df, unified_atr, atr_period)
    
                logging.debug(f"\U0001f6e1\ufe0f Risk Manager ATR (UNIFIED): {unified_atr:.6f} | period={atr_period} | method={self.atr_method}")
                return unified_atr
    
            except Exception as e:
                logging.error(f"\U0001f6e1\ufe0f Unified ATR failed in risk manager: {e}")
                self._stats["fallback_calls"] += 1
                return self._fallback_atr(df, period or self.atr_period)
    
        def _compare_with_legacy_atr(self, df: pd.DataFrame, unified_atr: float, period: int):
            """\u0421\u0440\u0430\u0432\u043d\u0435\u043d\u0438\u0435 unified ATR \u0441 legacy \u043c\u0435\u0442\u043e\u0434\u043e\u043c \u0434\u043b\u044f \u043e\u0442\u043b\u0430\u0434\u043a\u0438"""
            try:
                # Legacy ATR \u0440\u0430\u0441\u0447\u0435\u0442
                if df is None or df.empty or len(df) < period:
                    return
    
                high = df["high"].astype("float64")
                low = df["low"].astype("float64")
                close = df["close"].astype("float64")
    
                prev_close = close.shift(1)
                tr1 = (high - low).abs()
                tr2 = (high - prev_close).abs()
                tr3 = (low - prev_close).abs()
                tr = pd.concat([tr1, tr2, tr3], axis=1).max(axis=1)
    
                if self.atr_method == "sma":
                    legacy_atr = tr.rolling(window=period, min_periods=1).mean().iloc[-1]
                else:
                    legacy_atr = tr.ewm(alpha=1/period, adjust=False, min_periods=1).mean().iloc[-1]
    
                # \u0421\u0440\u0430\u0432\u043d\u0435\u043d\u0438\u0435
                difference = abs(unified_atr - legacy_atr)
                difference_pct = (difference / max(unified_atr, legacy_atr)) * 100
    
                if difference_pct > 1.0:  # \u0411\u043e\u043b\u044c\u0448\u0435 1% \u0440\u0430\u0441\u0445\u043e\u0436\u0434\u0435\u043d\u0438\u044f
                    self._stats["comparison_warnings"] += 1
                    logging.warning(f"\U0001f6e1\ufe0f ATR COMPARISON: unified={unified_atr:.6f}, legacy={legacy_atr:.6f}, diff={difference_pct:.2f}%")
                else:
                    logging.debug(f"\U0001f6e1\ufe0f ATR COMPARISON OK: diff={difference_pct:.2f}%")
    
            except Exception as e:
                logging.debug(f"ATR comparison failed: {e}")
    
        def _fallback_atr(self, df: pd.DataFrame, period: int) -> float:
            """\u041a\u0440\u0438\u0442\u0438\u0447\u0435\u0441\u043a\u0438\u0439 fallback \u0434\u043b\u044f ATR \u0440\u0430\u0441\u0447\u0435\u0442\u0430"""
            try:
                if df is None or df.empty:
                    return 100.0  # \u042d\u043a\u0441\u0442\u0440\u0435\u043c\u0430\u043b\u044c\u043d\u044b\u0439 fallback
    
                # \u041f\u0440\u043e\u0441\u0442\u0435\u0439\u0448\u0438\u0439 ATR \u0440\u0430\u0441\u0447\u0435\u0442
                price_range = (df["high"] - df["low"]).mean()
                return float(price_range) if pd.notna(price_range) and price_range > 0 else 100.0
    
            except Exception:
                return 100.0
    
        # =========================================================================
        # RISK METRICS CALCULATION
        # =========================================================================
    
        def calculate_risk_metrics(self, df: pd.DataFrame, market_condition: str = "SIDEWAYS") -> RiskMetrics:
            """\u2705 \u041e\u0411\u041d\u041e\u0412\u041b\u0415\u041d\u041e: \u0420\u0430\u0441\u0447\u0435\u0442 \u043c\u0435\u0442\u0440\u0438\u043a \u0440\u0438\u0441\u043a\u0430 \u0441 unified ATR"""
            if df is None or df.empty or len(df) < self.volatility_lookback:
                return self._default_risk_metrics()
    
            try:
                self._stats["total_calculations"] += 1
    
                # \u0412\u043e\u043b\u0430\u0442\u0438\u043b\u044c\u043d\u043e\u0441\u0442\u044c \u0434\u043e\u0445\u043e\u0434\u043d\u043e\u0441\u0442\u0435\u0439
                returns = df["close"].pct_change().dropna()
                if len(returns) >= self.volatility_lookback:
                    volatility = returns.rolling(self.volatility_lookback).std().iloc[-1]
                else:
                    volatility = returns.std()
                volatility = float(volatility) if pd.notna(volatility) else 0.03
    
                # \u2705 UNIFIED ATR
                atr = self.get_unified_atr(df)
                atr_normalized = atr / df["close"].iloc[-1] if df["close"].iloc[-1] > 0 else 0.02
    
                # \u041e\u0431\u044a\u0435\u043c\u043d\u044b\u0439 \u0430\u043d\u0430\u043b\u0438\u0437
                if "volume" in df.columns and len(df) >= self.volume_lookback:
                    volume_ma = df["volume"].rolling(self.volume_lookback).mean()
                    current_volume = df["volume"].iloc[-1]
                    volume_ratio = current_volume / volume_ma.iloc[-1] if volume_ma.iloc[-1] > 0 else 1.0
                else:
                    volume_ratio = 1.0
    
                # \u0421\u0438\u043b\u0430 \u0442\u0440\u0435\u043d\u0434\u0430
                ema_20 = df["close"].ewm(span=20).mean()
                trend_strength = self._calculate_trend_strength(ema_20)
    
                # \u041e\u043f\u0440\u0435\u0434\u0435\u043b\u0435\u043d\u0438\u0435 \u0443\u0440\u043e\u0432\u043d\u044f \u0440\u0438\u0441\u043a\u0430
                risk_level = self._determine_risk_level(volatility, atr_normalized)
    
                metrics = RiskMetrics(
                    volatility=float(volatility),
                    atr_normalized=float(atr_normalized),
                    volume_ratio=float(volume_ratio),
                    trend_strength=float(trend_strength),
                    market_condition=market_condition,
                    risk_level=risk_level
                )
    
                logging.debug(f"\U0001f6e1\ufe0f Risk metrics: vol={volatility:.4f}, atr_norm={atr_normalized:.4f}, level={risk_level.value}")
                return metrics
    
            except Exception as e:
                logging.error(f"\U0001f6e1\ufe0f Risk metrics calculation failed: {e}")
                return self._default_risk_metrics()
    
        def calculate_dynamic_stop_loss(self, entry_price: float, df: pd.DataFrame,
                                      market_condition: str = "SIDEWAYS") -> Tuple[float, Dict[str, Any]]:
            """\u2705 \u041e\u0411\u041d\u041e\u0412\u041b\u0415\u041d\u041e: \u0414\u0438\u043d\u0430\u043c\u0438\u0447\u0435\u0441\u043a\u0438\u0439 \u0441\u0442\u043e\u043f-\u043b\u043e\u0441\u0441 \u0441 unified ATR"""
            try:
                risk_metrics = self.calculate_risk_metrics(df, market_condition)
    
                # \u2705 UNIFIED ATR \u0434\u043b\u044f \u0441\u0442\u043e\u043f-\u043b\u043e\u0441\u0441\u0430
                atr = self.get_unified_atr(df)
    
                # \u0411\u0430\u0437\u043e\u0432\u044b\u0439 ATR \u0441\u0442\u043e\u043f (1.5x ATR \u043d\u0438\u0436\u0435 \u0432\u0445\u043e\u0434\u0430)
                base_atr_stop = entry_price - (atr * 1.5)
    
                # \u041c\u0443\u043b\u044c\u0442\u0438\u043f\u043b\u0438\u043a\u0430\u0442\u043e\u0440\u044b \u043d\u0430 \u043e\u0441\u043d\u043e\u0432\u0435 \u0440\u044b\u043d\u043e\u0447\u043d\u044b\u0445 \u0443\u0441\u043b\u043e\u0432\u0438\u0439
                volatility_multiplier = 1 + (risk_metrics.volatility * 5)
                market_multiplier = self.risk_multipliers.get(market_condition, {"stop": 1.0})["stop"]
                volume_multiplier = 1 / (1 + max(0, risk_metrics.volume_ratio - 1) * 0.3)
    
                # \u041a\u043e\u043c\u0431\u0438\u043d\u0438\u0440\u043e\u0432\u0430\u043d\u043d\u044b\u0439 \u043c\u0443\u043b\u044c\u0442\u0438\u043f\u043b\u0438\u043a\u0430\u0442\u043e\u0440
                combined_multiplier = volatility_multiplier * market_multiplier * volume_multiplier
    
                # \u0414\u0438\u043d\u0430\u043c\u0438\u0447\u0435\u0441\u043a\u0438\u0439 \u0441\u0442\u043e\u043f
                dynamic_stop = entry_price - (atr * 1.5 * combined_multiplier)
    
                # \u041f\u0440\u0438\u043c\u0435\u043d\u0435\u043d\u0438\u0435 \u0433\u0440\u0430\u043d\u0438\u0446
                min_stop = entry_price * (1 - self.min_stop_pct)
                max_stop = entry_price * (1 - self.max_stop_pct)
                final_stop = max(min_stop, min(dynamic_stop, max_stop))
    
                # \u0414\u0435\u0442\u0430\u043b\u0438 \u0434\u043b\u044f \u043b\u043e\u0433\u0438\u0440\u043e\u0432\u0430\u043d\u0438\u044f
                details = {
                    "entry_price": entry_price,
                    "base_atr_stop": base_atr_stop,
                    "atr_value": atr,
                    "atr_method": self.atr_method,
                    "volatility": risk_metrics.volatility,
                    "volatility_multiplier": volatility_multiplier,
                    "market_condition": market_condition,
                    "market_multiplier": market_multiplier,
                    "volume_multiplier": volume_multiplier,
                    "combined_multiplier": combined_multiplier,
                    "dynamic_stop": dynamic_stop,
                    "risk_level": risk_metrics.risk_level.value,
                    "final_stop_pct": round((entry_price - final_stop) / entry_price * 100, 2),
                    "min_stop_boundary": min_stop,
                    "max_stop_boundary": max_stop
                }
    
                logging.info(f"\U0001f6e1\ufe0f Dynamic SL: {final_stop:.6f} ({details['final_stop_pct']:.2f}%) | "
                            f"Risk: {risk_metrics.risk_level.value} | Market: {market_condition}")
    
                return final_stop, details
    
            except Exception as e:
                logging.error(f"\U0001f6e1\ufe0f Dynamic stop loss calculation failed: {e}")
                # Fallback \u043a \u043f\u0440\u043e\u0441\u0442\u043e\u043c\u0443 \u043f\u0440\u043e\u0446\u0435\u043d\u0442\u043d\u043e\u043c\u0443 \u0441\u0442\u043e\u043f\u0443
                fallback_stop = entry_price * (1 - 0.02)  # 2%
                return fallback_stop, {
                    "error": str(e),
                    "fallback_stop": fallback_stop,
                    "fallback_pct": 2.0
                }
    
        # =========================================================================
        # UTILITY METHODS
        # =========================================================================
    
        def _calculate_trend_strength(self, ema_series: pd.Series) -> float:
            """\u0420\u0430\u0441\u0447\u0435\u0442 \u0441\u0438\u043b\u044b \u0442\u0440\u0435\u043d\u0434\u0430 \u0447\u0435\u0440\u0435\u0437 \u0440\u0435\u0433\u0440\u0435\u0441\u0441\u0438\u044e"""
            if len(ema_series) < 5:
                return 0.0
    
            try:
                x = np.arange(5)
                y = ema_series.iloc[-5:].values
                if len(y) < 5 or not np.all(np.isfinite(y)):
                    return 0.0
                slope = np.polyfit(x, y, 1)[0]
                return float(np.clip((slope / y[-1]) * 1000, -1, 1))
            except Exception:
                return 0.0
    
        def _determine_risk_level(self, volatility: float, atr_normalized: float) -> RiskLevel:
            """\u041e\u043f\u0440\u0435\u0434\u0435\u043b\u0435\u043d\u0438\u0435 \u0443\u0440\u043e\u0432\u043d\u044f \u0440\u0438\u0441\u043a\u0430 \u043f\u043e \u043c\u0435\u0442\u0440\u0438\u043a\u0430\u043c"""
            for level, thresholds in self.risk_thresholds.items():
                if volatility <= thresholds["vol"] and atr_normalized <= thresholds["atr"]:
                    return level
            return RiskLevel.EXTREME
    
        def _default_risk_metrics(self) -> RiskMetrics:
            """\u0414\u0435\u0444\u043e\u043b\u0442\u043d\u044b\u0435 \u043c\u0435\u0442\u0440\u0438\u043a\u0438 \u043f\u0440\u0438 \u043e\u0448\u0438\u0431\u043a\u0430\u0445"""
            return RiskMetrics(
                volatility=0.03,
                atr_normalized=0.02,
                volume_ratio=1.0,
                trend_strength=0.0,
                market_condition="SIDEWAYS",
                risk_level=RiskLevel.MEDIUM
            )
    
        # =========================================================================
        # DIAGNOSTICS & MONITORING
        # =========================================================================
    
        def get_atr_diagnostics(self) -> Dict[str, Any]:
            """\u2705 \u041d\u041e\u0412\u041e\u0415: \u0414\u0438\u0430\u0433\u043d\u043e\u0441\u0442\u0438\u043a\u0430 unified ATR \u0441\u0438\u0441\u0442\u0435\u043c\u044b"""
            return {
                "config": {
                    "atr_period": self.atr_period,
                    "atr_method": self.atr_method,
                    "compare_enabled": self.atr_compare_enabled,
                    "min_stop_pct": self.min_stop_pct,
                    "max_stop_pct": self.max_stop_pct
                },
                "stats": dict(self._stats),
                "thresholds": {level.value: thresholds for level, thresholds in self.risk_thresholds.items()},
                "market_modifiers": self.risk_multipliers
            }
    
        def reset_stats(self):
            """\u0421\u0431\u0440\u043e\u0441 \u0441\u0442\u0430\u0442\u0438\u0441\u0442\u0438\u043a\u0438"""
            self._stats = {
                "total_calculations": 0,
                "unified_atr_calls": 0,
                "fallback_calls": 0,
                "comparison_warnings": 0
            }
            logging.info("\U0001f6e1\ufe0f Risk manager stats reset")
    
        def set_atr_method(self, method: str):
            """\u0418\u0437\u043c\u0435\u043d\u0435\u043d\u0438\u0435 \u043c\u0435\u0442\u043e\u0434\u0430 ATR \u0440\u0430\u0441\u0447\u0435\u0442\u0430"""
            if method.lower() in ["ewm", "sma"]:
                self.atr_method = method.lower()
                logging.info(f"\U0001f6e1\ufe0f ATR method changed to: {self.atr_method}")
            else:
                logging.error(f"\U0001f6e1\ufe0f Invalid ATR method: {method}")
    
        def enable_atr_comparison(self, enabled: bool):
            """\u0412\u043a\u043b\u044e\u0447\u0435\u043d\u0438\u0435/\u043e\u0442\u043a\u043b\u044e\u0447\u0435\u043d\u0438\u0435 \u0441\u0440\u0430\u0432\u043d\u0435\u043d\u0438\u044f ATR"""
            self.atr_compare_enabled = enabled
            logging.info(f"\U0001f6e1\ufe0f ATR comparison {'enabled' if enabled else 'disabled'}")
    
>       def validate_configuration(self) -> List[str]:
                                            ^^^^
E       NameError: name 'List' is not defined

trading\risk_manager.py:386: NameError
_ ERROR at setup of TestRiskManagerIntegration.test_risk_parameters_validation _

self = <test_risk_manager.TestRiskManagerIntegration object at 0x000001D9820F0410>

    @pytest.fixture
    def setup_risk_manager(self):
        """\u041d\u0430\u0441\u0442\u0440\u043e\u0439\u043a\u0430 \u0434\u043b\u044f \u0438\u043d\u0442\u0435\u0433\u0440\u0430\u0446\u0438\u043e\u043d\u043d\u044b\u0445 \u0442\u0435\u0441\u0442\u043e\u0432"""
>       from trading.risk_manager import UnifiedRiskManager

tests\test_risk_manager.py:182: 
_ _ _ _ _ _ _ _ _ _ _ _ _ _ _ _ _ _ _ _ _ _ _ _ _ _ _ _ _ _ _ _ _ _ _ _ _ _ _ _
trading\risk_manager.py:26: in <module>
    class UnifiedRiskManager:
_ _ _ _ _ _ _ _ _ _ _ _ _ _ _ _ _ _ _ _ _ _ _ _ _ _ _ _ _ _ _ _ _ _ _ _ _ _ _ _

    class UnifiedRiskManager:
        """
        \u2705 \u041f\u041e\u041b\u041d\u041e\u0421\u0422\u042c\u042e \u041f\u0415\u0420\u0415\u041f\u0418\u0421\u0410\u041d\u041d\u042b\u0419: Unified Risk Manager \u0441 \u0438\u043d\u0442\u0435\u0433\u0440\u0430\u0446\u0438\u0435\u0439 ATR \u0441\u0438\u0441\u0442\u0435\u043c\u044b
    
        \u041e\u0441\u043e\u0431\u0435\u043d\u043d\u043e\u0441\u0442\u0438:
        - \u0418\u0441\u043f\u043e\u043b\u044c\u0437\u0443\u0435\u0442 \u0422\u041e\u041b\u042c\u041a\u041e unified ATR \u0444\u0443\u043d\u043a\u0446\u0438\u0438
        - \u041f\u043e\u0434\u0434\u0435\u0440\u0436\u043a\u0430 config/settings.py \u043f\u0430\u0440\u0430\u043c\u0435\u0442\u0440\u043e\u0432
        - \u0421\u0440\u0430\u0432\u043d\u0435\u043d\u0438\u0435 old vs new ATR \u0434\u043b\u044f \u043e\u0442\u043b\u0430\u0434\u043a\u0438
        - \u0410\u0434\u0430\u043f\u0442\u0438\u0432\u043d\u044b\u0435 \u0441\u0442\u043e\u043f-\u043b\u043e\u0441\u0441\u044b \u0441 \u0440\u044b\u043d\u043e\u0447\u043d\u044b\u043c\u0438 \u043c\u043e\u0434\u0438\u0444\u0438\u043a\u0430\u0442\u043e\u0440\u0430\u043c\u0438
        - \u0426\u0435\u043d\u0442\u0440\u0430\u043b\u0438\u0437\u043e\u0432\u0430\u043d\u043d\u043e\u0435 \u043b\u043e\u0433\u0438\u0440\u043e\u0432\u0430\u043d\u0438\u0435 \u0441 unified \u0441\u0442\u0438\u043b\u0435\u043c
        """
    
        def __init__(self):
            # \u2705 \u041f\u041e\u041b\u0423\u0427\u0410\u0415\u041c \u041a\u041e\u041d\u0424\u0418\u0413\u0423\u0420\u0410\u0426\u0418\u042e \u0418\u0417 SETTINGS
            try:
                from config.settings import TradingConfig
                self.config = TradingConfig()
    
                # ATR \u043a\u043e\u043d\u0444\u0438\u0433\u0443\u0440\u0430\u0446\u0438\u044f
                atr_config = self.config.get_atr_config()
                self.atr_period = atr_config["period"]
                self.atr_method = atr_config["risk_method"]
                self.atr_compare_enabled = atr_config["compare_enabled"]
    
                # \u0420\u0438\u0441\u043a \u043a\u043e\u043d\u0444\u0438\u0433\u0443\u0440\u0430\u0446\u0438\u044f
                risk_config = self.config.get_risk_config()
                self.min_stop_pct = risk_config["min_stop_pct"]
                self.max_stop_pct = risk_config["max_stop_pct"]
                self.volatility_lookback = risk_config["volatility_lookback"]
                self.volume_lookback = risk_config["volume_lookback"]
                self.market_modifiers = risk_config["market_modifiers"]
    
                logging.info(f"\U0001f6e1\ufe0f UnifiedRiskManager: ATR period={self.atr_period}, method={self.atr_method}")
    
            except Exception as e:
                logging.error(f"Failed to load config, using defaults: {e}")
                # Fallback \u043a \u0434\u0435\u0444\u043e\u043b\u0442\u043d\u044b\u043c \u0437\u043d\u0430\u0447\u0435\u043d\u0438\u044f\u043c
                self._load_defaults()
    
            # \u041c\u0443\u043b\u044c\u0442\u0438\u043f\u043b\u0438\u043a\u0430\u0442\u043e\u0440\u044b \u0440\u0438\u0441\u043a\u0430 \u043f\u043e \u0440\u044b\u043d\u043e\u0447\u043d\u044b\u043c \u0443\u0441\u043b\u043e\u0432\u0438\u044f\u043c
            self.risk_multipliers = {
                "STRONG_BULL": {"stop": 0.8, "volatility": 0.9},
                "WEAK_BULL": {"stop": 1.0, "volatility": 1.0},
                "SIDEWAYS": {"stop": 1.3, "volatility": 1.2},
                "WEAK_BEAR": {"stop": 1.1, "volatility": 1.1},
                "STRONG_BEAR": {"stop": 0.9, "volatility": 1.0}
            }
    
            # \u0413\u0440\u0430\u043d\u0438\u0446\u044b \u0440\u0438\u0441\u043a\u0430 \u0434\u043b\u044f \u043a\u043b\u0430\u0441\u0441\u0438\u0444\u0438\u043a\u0430\u0446\u0438\u0438
            self.risk_thresholds = {
                RiskLevel.LOW: {"vol": 0.02, "atr": 0.015},
                RiskLevel.MEDIUM: {"vol": 0.04, "atr": 0.03},
                RiskLevel.HIGH: {"vol": 0.06, "atr": 0.045},
                RiskLevel.EXTREME: {"vol": float("inf"), "atr": float("inf")}
            }
    
            # \u0421\u0442\u0430\u0442\u0438\u0441\u0442\u0438\u043a\u0430 \u0434\u043b\u044f \u043e\u0442\u043b\u0430\u0434\u043a\u0438
            self._stats = {
                "total_calculations": 0,
                "unified_atr_calls": 0,
                "fallback_calls": 0,
                "comparison_warnings": 0
            }
    
        def _load_defaults(self):
            """\u0417\u0430\u0433\u0440\u0443\u0437\u043a\u0430 \u0434\u0435\u0444\u043e\u043b\u0442\u043d\u044b\u0445 \u0437\u043d\u0430\u0447\u0435\u043d\u0438\u0439 \u043f\u0440\u0438 \u043e\u0448\u0438\u0431\u043a\u0435 \u043a\u043e\u043d\u0444\u0438\u0433\u0443\u0440\u0430\u0446\u0438\u0438"""
            self.atr_period = int(os.getenv("ATR_PERIOD", 14))
            self.atr_method = os.getenv("RISK_ATR_METHOD", "ewm").lower()
            self.atr_compare_enabled = os.getenv("RISK_ATR_COMPARE", "1") == "1"
            self.min_stop_pct = float(os.getenv("MIN_STOP_PCT", 0.005))
            self.max_stop_pct = float(os.getenv("MAX_STOP_PCT", 0.05))
            self.volatility_lookback = int(os.getenv("VOLATILITY_LOOKBACK", 20))
            self.volume_lookback = int(os.getenv("VOLUME_LOOKBACK", 20))
            self.market_modifiers = {
                "bull": float(os.getenv("BULL_MARKET_MODIFIER", -0.20)),
                "bear": float(os.getenv("BEAR_MARKET_MODIFIER", 0.40)),
                "overheated": float(os.getenv("OVERHEATED_MODIFIER", 0.30))
            }
    
        # =========================================================================
        # \u2705 UNIFIED ATR INTEGRATION
        # =========================================================================
    
        def get_unified_atr(self, df: pd.DataFrame, period: Optional[int] = None) -> float:
            """
            \u2705 \u0413\u041b\u0410\u0412\u041d\u0410\u042f \u0424\u0423\u041d\u041a\u0426\u0418\u042f: \u041f\u043e\u043b\u0443\u0447\u0435\u043d\u0438\u0435 ATR \u0447\u0435\u0440\u0435\u0437 unified \u0441\u0438\u0441\u0442\u0435\u043c\u0443
    
            Args:
                df: DataFrame \u0441 OHLCV \u0434\u0430\u043d\u043d\u044b\u043c\u0438
                period: \u041f\u0435\u0440\u0438\u043e\u0434 ATR (\u0435\u0441\u043b\u0438 None - \u0438\u0441\u043f\u043e\u043b\u044c\u0437\u0443\u0435\u0442 self.atr_period)
    
            Returns:
                float: ATR \u0437\u043d\u0430\u0447\u0435\u043d\u0438\u0435
            """
            try:
                from analysis.technical_indicators import _atr_for_risk_manager
    
                # \u0418\u0441\u043f\u043e\u043b\u044c\u0437\u0443\u0435\u043c \u043f\u0435\u0440\u0438\u043e\u0434 \u0438\u0437 \u043a\u043e\u043d\u0444\u0438\u0433\u0443\u0440\u0430\u0446\u0438\u0438 \u0435\u0441\u043b\u0438 \u043d\u0435 \u0437\u0430\u0434\u0430\u043d
                atr_period = period if period is not None else self.atr_period
    
                # \u2705 UNIFIED ATR CALL
                unified_atr = _atr_for_risk_manager(df, atr_period)
                self._stats["unified_atr_calls"] += 1
    
                # \u2705 \u041e\u041f\u0426\u0418\u041e\u041d\u0410\u041b\u042c\u041d\u041e\u0415 \u0421\u0420\u0410\u0412\u041d\u0415\u041d\u0418\u0415 \u0421 LEGACY (\u0434\u043b\u044f \u043e\u0442\u043b\u0430\u0434\u043a\u0438)
                if self.atr_compare_enabled:
                    self._compare_with_legacy_atr(df, unified_atr, atr_period)
    
                logging.debug(f"\U0001f6e1\ufe0f Risk Manager ATR (UNIFIED): {unified_atr:.6f} | period={atr_period} | method={self.atr_method}")
                return unified_atr
    
            except Exception as e:
                logging.error(f"\U0001f6e1\ufe0f Unified ATR failed in risk manager: {e}")
                self._stats["fallback_calls"] += 1
                return self._fallback_atr(df, period or self.atr_period)
    
        def _compare_with_legacy_atr(self, df: pd.DataFrame, unified_atr: float, period: int):
            """\u0421\u0440\u0430\u0432\u043d\u0435\u043d\u0438\u0435 unified ATR \u0441 legacy \u043c\u0435\u0442\u043e\u0434\u043e\u043c \u0434\u043b\u044f \u043e\u0442\u043b\u0430\u0434\u043a\u0438"""
            try:
                # Legacy ATR \u0440\u0430\u0441\u0447\u0435\u0442
                if df is None or df.empty or len(df) < period:
                    return
    
                high = df["high"].astype("float64")
                low = df["low"].astype("float64")
                close = df["close"].astype("float64")
    
                prev_close = close.shift(1)
                tr1 = (high - low).abs()
                tr2 = (high - prev_close).abs()
                tr3 = (low - prev_close).abs()
                tr = pd.concat([tr1, tr2, tr3], axis=1).max(axis=1)
    
                if self.atr_method == "sma":
                    legacy_atr = tr.rolling(window=period, min_periods=1).mean().iloc[-1]
                else:
                    legacy_atr = tr.ewm(alpha=1/period, adjust=False, min_periods=1).mean().iloc[-1]
    
                # \u0421\u0440\u0430\u0432\u043d\u0435\u043d\u0438\u0435
                difference = abs(unified_atr - legacy_atr)
                difference_pct = (difference / max(unified_atr, legacy_atr)) * 100
    
                if difference_pct > 1.0:  # \u0411\u043e\u043b\u044c\u0448\u0435 1% \u0440\u0430\u0441\u0445\u043e\u0436\u0434\u0435\u043d\u0438\u044f
                    self._stats["comparison_warnings"] += 1
                    logging.warning(f"\U0001f6e1\ufe0f ATR COMPARISON: unified={unified_atr:.6f}, legacy={legacy_atr:.6f}, diff={difference_pct:.2f}%")
                else:
                    logging.debug(f"\U0001f6e1\ufe0f ATR COMPARISON OK: diff={difference_pct:.2f}%")
    
            except Exception as e:
                logging.debug(f"ATR comparison failed: {e}")
    
        def _fallback_atr(self, df: pd.DataFrame, period: int) -> float:
            """\u041a\u0440\u0438\u0442\u0438\u0447\u0435\u0441\u043a\u0438\u0439 fallback \u0434\u043b\u044f ATR \u0440\u0430\u0441\u0447\u0435\u0442\u0430"""
            try:
                if df is None or df.empty:
                    return 100.0  # \u042d\u043a\u0441\u0442\u0440\u0435\u043c\u0430\u043b\u044c\u043d\u044b\u0439 fallback
    
                # \u041f\u0440\u043e\u0441\u0442\u0435\u0439\u0448\u0438\u0439 ATR \u0440\u0430\u0441\u0447\u0435\u0442
                price_range = (df["high"] - df["low"]).mean()
                return float(price_range) if pd.notna(price_range) and price_range > 0 else 100.0
    
            except Exception:
                return 100.0
    
        # =========================================================================
        # RISK METRICS CALCULATION
        # =========================================================================
    
        def calculate_risk_metrics(self, df: pd.DataFrame, market_condition: str = "SIDEWAYS") -> RiskMetrics:
            """\u2705 \u041e\u0411\u041d\u041e\u0412\u041b\u0415\u041d\u041e: \u0420\u0430\u0441\u0447\u0435\u0442 \u043c\u0435\u0442\u0440\u0438\u043a \u0440\u0438\u0441\u043a\u0430 \u0441 unified ATR"""
            if df is None or df.empty or len(df) < self.volatility_lookback:
                return self._default_risk_metrics()
    
            try:
                self._stats["total_calculations"] += 1
    
                # \u0412\u043e\u043b\u0430\u0442\u0438\u043b\u044c\u043d\u043e\u0441\u0442\u044c \u0434\u043e\u0445\u043e\u0434\u043d\u043e\u0441\u0442\u0435\u0439
                returns = df["close"].pct_change().dropna()
                if len(returns) >= self.volatility_lookback:
                    volatility = returns.rolling(self.volatility_lookback).std().iloc[-1]
                else:
                    volatility = returns.std()
                volatility = float(volatility) if pd.notna(volatility) else 0.03
    
                # \u2705 UNIFIED ATR
                atr = self.get_unified_atr(df)
                atr_normalized = atr / df["close"].iloc[-1] if df["close"].iloc[-1] > 0 else 0.02
    
                # \u041e\u0431\u044a\u0435\u043c\u043d\u044b\u0439 \u0430\u043d\u0430\u043b\u0438\u0437
                if "volume" in df.columns and len(df) >= self.volume_lookback:
                    volume_ma = df["volume"].rolling(self.volume_lookback).mean()
                    current_volume = df["volume"].iloc[-1]
                    volume_ratio = current_volume / volume_ma.iloc[-1] if volume_ma.iloc[-1] > 0 else 1.0
                else:
                    volume_ratio = 1.0
    
                # \u0421\u0438\u043b\u0430 \u0442\u0440\u0435\u043d\u0434\u0430
                ema_20 = df["close"].ewm(span=20).mean()
                trend_strength = self._calculate_trend_strength(ema_20)
    
                # \u041e\u043f\u0440\u0435\u0434\u0435\u043b\u0435\u043d\u0438\u0435 \u0443\u0440\u043e\u0432\u043d\u044f \u0440\u0438\u0441\u043a\u0430
                risk_level = self._determine_risk_level(volatility, atr_normalized)
    
                metrics = RiskMetrics(
                    volatility=float(volatility),
                    atr_normalized=float(atr_normalized),
                    volume_ratio=float(volume_ratio),
                    trend_strength=float(trend_strength),
                    market_condition=market_condition,
                    risk_level=risk_level
                )
    
                logging.debug(f"\U0001f6e1\ufe0f Risk metrics: vol={volatility:.4f}, atr_norm={atr_normalized:.4f}, level={risk_level.value}")
                return metrics
    
            except Exception as e:
                logging.error(f"\U0001f6e1\ufe0f Risk metrics calculation failed: {e}")
                return self._default_risk_metrics()
    
        def calculate_dynamic_stop_loss(self, entry_price: float, df: pd.DataFrame,
                                      market_condition: str = "SIDEWAYS") -> Tuple[float, Dict[str, Any]]:
            """\u2705 \u041e\u0411\u041d\u041e\u0412\u041b\u0415\u041d\u041e: \u0414\u0438\u043d\u0430\u043c\u0438\u0447\u0435\u0441\u043a\u0438\u0439 \u0441\u0442\u043e\u043f-\u043b\u043e\u0441\u0441 \u0441 unified ATR"""
            try:
                risk_metrics = self.calculate_risk_metrics(df, market_condition)
    
                # \u2705 UNIFIED ATR \u0434\u043b\u044f \u0441\u0442\u043e\u043f-\u043b\u043e\u0441\u0441\u0430
                atr = self.get_unified_atr(df)
    
                # \u0411\u0430\u0437\u043e\u0432\u044b\u0439 ATR \u0441\u0442\u043e\u043f (1.5x ATR \u043d\u0438\u0436\u0435 \u0432\u0445\u043e\u0434\u0430)
                base_atr_stop = entry_price - (atr * 1.5)
    
                # \u041c\u0443\u043b\u044c\u0442\u0438\u043f\u043b\u0438\u043a\u0430\u0442\u043e\u0440\u044b \u043d\u0430 \u043e\u0441\u043d\u043e\u0432\u0435 \u0440\u044b\u043d\u043e\u0447\u043d\u044b\u0445 \u0443\u0441\u043b\u043e\u0432\u0438\u0439
                volatility_multiplier = 1 + (risk_metrics.volatility * 5)
                market_multiplier = self.risk_multipliers.get(market_condition, {"stop": 1.0})["stop"]
                volume_multiplier = 1 / (1 + max(0, risk_metrics.volume_ratio - 1) * 0.3)
    
                # \u041a\u043e\u043c\u0431\u0438\u043d\u0438\u0440\u043e\u0432\u0430\u043d\u043d\u044b\u0439 \u043c\u0443\u043b\u044c\u0442\u0438\u043f\u043b\u0438\u043a\u0430\u0442\u043e\u0440
                combined_multiplier = volatility_multiplier * market_multiplier * volume_multiplier
    
                # \u0414\u0438\u043d\u0430\u043c\u0438\u0447\u0435\u0441\u043a\u0438\u0439 \u0441\u0442\u043e\u043f
                dynamic_stop = entry_price - (atr * 1.5 * combined_multiplier)
    
                # \u041f\u0440\u0438\u043c\u0435\u043d\u0435\u043d\u0438\u0435 \u0433\u0440\u0430\u043d\u0438\u0446
                min_stop = entry_price * (1 - self.min_stop_pct)
                max_stop = entry_price * (1 - self.max_stop_pct)
                final_stop = max(min_stop, min(dynamic_stop, max_stop))
    
                # \u0414\u0435\u0442\u0430\u043b\u0438 \u0434\u043b\u044f \u043b\u043e\u0433\u0438\u0440\u043e\u0432\u0430\u043d\u0438\u044f
                details = {
                    "entry_price": entry_price,
                    "base_atr_stop": base_atr_stop,
                    "atr_value": atr,
                    "atr_method": self.atr_method,
                    "volatility": risk_metrics.volatility,
                    "volatility_multiplier": volatility_multiplier,
                    "market_condition": market_condition,
                    "market_multiplier": market_multiplier,
                    "volume_multiplier": volume_multiplier,
                    "combined_multiplier": combined_multiplier,
                    "dynamic_stop": dynamic_stop,
                    "risk_level": risk_metrics.risk_level.value,
                    "final_stop_pct": round((entry_price - final_stop) / entry_price * 100, 2),
                    "min_stop_boundary": min_stop,
                    "max_stop_boundary": max_stop
                }
    
                logging.info(f"\U0001f6e1\ufe0f Dynamic SL: {final_stop:.6f} ({details['final_stop_pct']:.2f}%) | "
                            f"Risk: {risk_metrics.risk_level.value} | Market: {market_condition}")
    
                return final_stop, details
    
            except Exception as e:
                logging.error(f"\U0001f6e1\ufe0f Dynamic stop loss calculation failed: {e}")
                # Fallback \u043a \u043f\u0440\u043e\u0441\u0442\u043e\u043c\u0443 \u043f\u0440\u043e\u0446\u0435\u043d\u0442\u043d\u043e\u043c\u0443 \u0441\u0442\u043e\u043f\u0443
                fallback_stop = entry_price * (1 - 0.02)  # 2%
                return fallback_stop, {
                    "error": str(e),
                    "fallback_stop": fallback_stop,
                    "fallback_pct": 2.0
                }
    
        # =========================================================================
        # UTILITY METHODS
        # =========================================================================
    
        def _calculate_trend_strength(self, ema_series: pd.Series) -> float:
            """\u0420\u0430\u0441\u0447\u0435\u0442 \u0441\u0438\u043b\u044b \u0442\u0440\u0435\u043d\u0434\u0430 \u0447\u0435\u0440\u0435\u0437 \u0440\u0435\u0433\u0440\u0435\u0441\u0441\u0438\u044e"""
            if len(ema_series) < 5:
                return 0.0
    
            try:
                x = np.arange(5)
                y = ema_series.iloc[-5:].values
                if len(y) < 5 or not np.all(np.isfinite(y)):
                    return 0.0
                slope = np.polyfit(x, y, 1)[0]
                return float(np.clip((slope / y[-1]) * 1000, -1, 1))
            except Exception:
                return 0.0
    
        def _determine_risk_level(self, volatility: float, atr_normalized: float) -> RiskLevel:
            """\u041e\u043f\u0440\u0435\u0434\u0435\u043b\u0435\u043d\u0438\u0435 \u0443\u0440\u043e\u0432\u043d\u044f \u0440\u0438\u0441\u043a\u0430 \u043f\u043e \u043c\u0435\u0442\u0440\u0438\u043a\u0430\u043c"""
            for level, thresholds in self.risk_thresholds.items():
                if volatility <= thresholds["vol"] and atr_normalized <= thresholds["atr"]:
                    return level
            return RiskLevel.EXTREME
    
        def _default_risk_metrics(self) -> RiskMetrics:
            """\u0414\u0435\u0444\u043e\u043b\u0442\u043d\u044b\u0435 \u043c\u0435\u0442\u0440\u0438\u043a\u0438 \u043f\u0440\u0438 \u043e\u0448\u0438\u0431\u043a\u0430\u0445"""
            return RiskMetrics(
                volatility=0.03,
                atr_normalized=0.02,
                volume_ratio=1.0,
                trend_strength=0.0,
                market_condition="SIDEWAYS",
                risk_level=RiskLevel.MEDIUM
            )
    
        # =========================================================================
        # DIAGNOSTICS & MONITORING
        # =========================================================================
    
        def get_atr_diagnostics(self) -> Dict[str, Any]:
            """\u2705 \u041d\u041e\u0412\u041e\u0415: \u0414\u0438\u0430\u0433\u043d\u043e\u0441\u0442\u0438\u043a\u0430 unified ATR \u0441\u0438\u0441\u0442\u0435\u043c\u044b"""
            return {
                "config": {
                    "atr_period": self.atr_period,
                    "atr_method": self.atr_method,
                    "compare_enabled": self.atr_compare_enabled,
                    "min_stop_pct": self.min_stop_pct,
                    "max_stop_pct": self.max_stop_pct
                },
                "stats": dict(self._stats),
                "thresholds": {level.value: thresholds for level, thresholds in self.risk_thresholds.items()},
                "market_modifiers": self.risk_multipliers
            }
    
        def reset_stats(self):
            """\u0421\u0431\u0440\u043e\u0441 \u0441\u0442\u0430\u0442\u0438\u0441\u0442\u0438\u043a\u0438"""
            self._stats = {
                "total_calculations": 0,
                "unified_atr_calls": 0,
                "fallback_calls": 0,
                "comparison_warnings": 0
            }
            logging.info("\U0001f6e1\ufe0f Risk manager stats reset")
    
        def set_atr_method(self, method: str):
            """\u0418\u0437\u043c\u0435\u043d\u0435\u043d\u0438\u0435 \u043c\u0435\u0442\u043e\u0434\u0430 ATR \u0440\u0430\u0441\u0447\u0435\u0442\u0430"""
            if method.lower() in ["ewm", "sma"]:
                self.atr_method = method.lower()
                logging.info(f"\U0001f6e1\ufe0f ATR method changed to: {self.atr_method}")
            else:
                logging.error(f"\U0001f6e1\ufe0f Invalid ATR method: {method}")
    
        def enable_atr_comparison(self, enabled: bool):
            """\u0412\u043a\u043b\u044e\u0447\u0435\u043d\u0438\u0435/\u043e\u0442\u043a\u043b\u044e\u0447\u0435\u043d\u0438\u0435 \u0441\u0440\u0430\u0432\u043d\u0435\u043d\u0438\u044f ATR"""
            self.atr_compare_enabled = enabled
            logging.info(f"\U0001f6e1\ufe0f ATR comparison {'enabled' if enabled else 'disabled'}")
    
>       def validate_configuration(self) -> List[str]:
                                            ^^^^
E       NameError: name 'List' is not defined

trading\risk_manager.py:386: NameError
___ ERROR at setup of TestRiskManagerIntegration.test_zero_balance_handling ___

self = <test_risk_manager.TestRiskManagerIntegration object at 0x000001D9820C83E0>

    @pytest.fixture
    def setup_risk_manager(self):
        """\u041d\u0430\u0441\u0442\u0440\u043e\u0439\u043a\u0430 \u0434\u043b\u044f \u0438\u043d\u0442\u0435\u0433\u0440\u0430\u0446\u0438\u043e\u043d\u043d\u044b\u0445 \u0442\u0435\u0441\u0442\u043e\u0432"""
>       from trading.risk_manager import UnifiedRiskManager

tests\test_risk_manager.py:182: 
_ _ _ _ _ _ _ _ _ _ _ _ _ _ _ _ _ _ _ _ _ _ _ _ _ _ _ _ _ _ _ _ _ _ _ _ _ _ _ _
trading\risk_manager.py:26: in <module>
    class UnifiedRiskManager:
_ _ _ _ _ _ _ _ _ _ _ _ _ _ _ _ _ _ _ _ _ _ _ _ _ _ _ _ _ _ _ _ _ _ _ _ _ _ _ _

    class UnifiedRiskManager:
        """
        \u2705 \u041f\u041e\u041b\u041d\u041e\u0421\u0422\u042c\u042e \u041f\u0415\u0420\u0415\u041f\u0418\u0421\u0410\u041d\u041d\u042b\u0419: Unified Risk Manager \u0441 \u0438\u043d\u0442\u0435\u0433\u0440\u0430\u0446\u0438\u0435\u0439 ATR \u0441\u0438\u0441\u0442\u0435\u043c\u044b
    
        \u041e\u0441\u043e\u0431\u0435\u043d\u043d\u043e\u0441\u0442\u0438:
        - \u0418\u0441\u043f\u043e\u043b\u044c\u0437\u0443\u0435\u0442 \u0422\u041e\u041b\u042c\u041a\u041e unified ATR \u0444\u0443\u043d\u043a\u0446\u0438\u0438
        - \u041f\u043e\u0434\u0434\u0435\u0440\u0436\u043a\u0430 config/settings.py \u043f\u0430\u0440\u0430\u043c\u0435\u0442\u0440\u043e\u0432
        - \u0421\u0440\u0430\u0432\u043d\u0435\u043d\u0438\u0435 old vs new ATR \u0434\u043b\u044f \u043e\u0442\u043b\u0430\u0434\u043a\u0438
        - \u0410\u0434\u0430\u043f\u0442\u0438\u0432\u043d\u044b\u0435 \u0441\u0442\u043e\u043f-\u043b\u043e\u0441\u0441\u044b \u0441 \u0440\u044b\u043d\u043e\u0447\u043d\u044b\u043c\u0438 \u043c\u043e\u0434\u0438\u0444\u0438\u043a\u0430\u0442\u043e\u0440\u0430\u043c\u0438
        - \u0426\u0435\u043d\u0442\u0440\u0430\u043b\u0438\u0437\u043e\u0432\u0430\u043d\u043d\u043e\u0435 \u043b\u043e\u0433\u0438\u0440\u043e\u0432\u0430\u043d\u0438\u0435 \u0441 unified \u0441\u0442\u0438\u043b\u0435\u043c
        """
    
        def __init__(self):
            # \u2705 \u041f\u041e\u041b\u0423\u0427\u0410\u0415\u041c \u041a\u041e\u041d\u0424\u0418\u0413\u0423\u0420\u0410\u0426\u0418\u042e \u0418\u0417 SETTINGS
            try:
                from config.settings import TradingConfig
                self.config = TradingConfig()
    
                # ATR \u043a\u043e\u043d\u0444\u0438\u0433\u0443\u0440\u0430\u0446\u0438\u044f
                atr_config = self.config.get_atr_config()
                self.atr_period = atr_config["period"]
                self.atr_method = atr_config["risk_method"]
                self.atr_compare_enabled = atr_config["compare_enabled"]
    
                # \u0420\u0438\u0441\u043a \u043a\u043e\u043d\u0444\u0438\u0433\u0443\u0440\u0430\u0446\u0438\u044f
                risk_config = self.config.get_risk_config()
                self.min_stop_pct = risk_config["min_stop_pct"]
                self.max_stop_pct = risk_config["max_stop_pct"]
                self.volatility_lookback = risk_config["volatility_lookback"]
                self.volume_lookback = risk_config["volume_lookback"]
                self.market_modifiers = risk_config["market_modifiers"]
    
                logging.info(f"\U0001f6e1\ufe0f UnifiedRiskManager: ATR period={self.atr_period}, method={self.atr_method}")
    
            except Exception as e:
                logging.error(f"Failed to load config, using defaults: {e}")
                # Fallback \u043a \u0434\u0435\u0444\u043e\u043b\u0442\u043d\u044b\u043c \u0437\u043d\u0430\u0447\u0435\u043d\u0438\u044f\u043c
                self._load_defaults()
    
            # \u041c\u0443\u043b\u044c\u0442\u0438\u043f\u043b\u0438\u043a\u0430\u0442\u043e\u0440\u044b \u0440\u0438\u0441\u043a\u0430 \u043f\u043e \u0440\u044b\u043d\u043e\u0447\u043d\u044b\u043c \u0443\u0441\u043b\u043e\u0432\u0438\u044f\u043c
            self.risk_multipliers = {
                "STRONG_BULL": {"stop": 0.8, "volatility": 0.9},
                "WEAK_BULL": {"stop": 1.0, "volatility": 1.0},
                "SIDEWAYS": {"stop": 1.3, "volatility": 1.2},
                "WEAK_BEAR": {"stop": 1.1, "volatility": 1.1},
                "STRONG_BEAR": {"stop": 0.9, "volatility": 1.0}
            }
    
            # \u0413\u0440\u0430\u043d\u0438\u0446\u044b \u0440\u0438\u0441\u043a\u0430 \u0434\u043b\u044f \u043a\u043b\u0430\u0441\u0441\u0438\u0444\u0438\u043a\u0430\u0446\u0438\u0438
            self.risk_thresholds = {
                RiskLevel.LOW: {"vol": 0.02, "atr": 0.015},
                RiskLevel.MEDIUM: {"vol": 0.04, "atr": 0.03},
                RiskLevel.HIGH: {"vol": 0.06, "atr": 0.045},
                RiskLevel.EXTREME: {"vol": float("inf"), "atr": float("inf")}
            }
    
            # \u0421\u0442\u0430\u0442\u0438\u0441\u0442\u0438\u043a\u0430 \u0434\u043b\u044f \u043e\u0442\u043b\u0430\u0434\u043a\u0438
            self._stats = {
                "total_calculations": 0,
                "unified_atr_calls": 0,
                "fallback_calls": 0,
                "comparison_warnings": 0
            }
    
        def _load_defaults(self):
            """\u0417\u0430\u0433\u0440\u0443\u0437\u043a\u0430 \u0434\u0435\u0444\u043e\u043b\u0442\u043d\u044b\u0445 \u0437\u043d\u0430\u0447\u0435\u043d\u0438\u0439 \u043f\u0440\u0438 \u043e\u0448\u0438\u0431\u043a\u0435 \u043a\u043e\u043d\u0444\u0438\u0433\u0443\u0440\u0430\u0446\u0438\u0438"""
            self.atr_period = int(os.getenv("ATR_PERIOD", 14))
            self.atr_method = os.getenv("RISK_ATR_METHOD", "ewm").lower()
            self.atr_compare_enabled = os.getenv("RISK_ATR_COMPARE", "1") == "1"
            self.min_stop_pct = float(os.getenv("MIN_STOP_PCT", 0.005))
            self.max_stop_pct = float(os.getenv("MAX_STOP_PCT", 0.05))
            self.volatility_lookback = int(os.getenv("VOLATILITY_LOOKBACK", 20))
            self.volume_lookback = int(os.getenv("VOLUME_LOOKBACK", 20))
            self.market_modifiers = {
                "bull": float(os.getenv("BULL_MARKET_MODIFIER", -0.20)),
                "bear": float(os.getenv("BEAR_MARKET_MODIFIER", 0.40)),
                "overheated": float(os.getenv("OVERHEATED_MODIFIER", 0.30))
            }
    
        # =========================================================================
        # \u2705 UNIFIED ATR INTEGRATION
        # =========================================================================
    
        def get_unified_atr(self, df: pd.DataFrame, period: Optional[int] = None) -> float:
            """
            \u2705 \u0413\u041b\u0410\u0412\u041d\u0410\u042f \u0424\u0423\u041d\u041a\u0426\u0418\u042f: \u041f\u043e\u043b\u0443\u0447\u0435\u043d\u0438\u0435 ATR \u0447\u0435\u0440\u0435\u0437 unified \u0441\u0438\u0441\u0442\u0435\u043c\u0443
    
            Args:
                df: DataFrame \u0441 OHLCV \u0434\u0430\u043d\u043d\u044b\u043c\u0438
                period: \u041f\u0435\u0440\u0438\u043e\u0434 ATR (\u0435\u0441\u043b\u0438 None - \u0438\u0441\u043f\u043e\u043b\u044c\u0437\u0443\u0435\u0442 self.atr_period)
    
            Returns:
                float: ATR \u0437\u043d\u0430\u0447\u0435\u043d\u0438\u0435
            """
            try:
                from analysis.technical_indicators import _atr_for_risk_manager
    
                # \u0418\u0441\u043f\u043e\u043b\u044c\u0437\u0443\u0435\u043c \u043f\u0435\u0440\u0438\u043e\u0434 \u0438\u0437 \u043a\u043e\u043d\u0444\u0438\u0433\u0443\u0440\u0430\u0446\u0438\u0438 \u0435\u0441\u043b\u0438 \u043d\u0435 \u0437\u0430\u0434\u0430\u043d
                atr_period = period if period is not None else self.atr_period
    
                # \u2705 UNIFIED ATR CALL
                unified_atr = _atr_for_risk_manager(df, atr_period)
                self._stats["unified_atr_calls"] += 1
    
                # \u2705 \u041e\u041f\u0426\u0418\u041e\u041d\u0410\u041b\u042c\u041d\u041e\u0415 \u0421\u0420\u0410\u0412\u041d\u0415\u041d\u0418\u0415 \u0421 LEGACY (\u0434\u043b\u044f \u043e\u0442\u043b\u0430\u0434\u043a\u0438)
                if self.atr_compare_enabled:
                    self._compare_with_legacy_atr(df, unified_atr, atr_period)
    
                logging.debug(f"\U0001f6e1\ufe0f Risk Manager ATR (UNIFIED): {unified_atr:.6f} | period={atr_period} | method={self.atr_method}")
                return unified_atr
    
            except Exception as e:
                logging.error(f"\U0001f6e1\ufe0f Unified ATR failed in risk manager: {e}")
                self._stats["fallback_calls"] += 1
                return self._fallback_atr(df, period or self.atr_period)
    
        def _compare_with_legacy_atr(self, df: pd.DataFrame, unified_atr: float, period: int):
            """\u0421\u0440\u0430\u0432\u043d\u0435\u043d\u0438\u0435 unified ATR \u0441 legacy \u043c\u0435\u0442\u043e\u0434\u043e\u043c \u0434\u043b\u044f \u043e\u0442\u043b\u0430\u0434\u043a\u0438"""
            try:
                # Legacy ATR \u0440\u0430\u0441\u0447\u0435\u0442
                if df is None or df.empty or len(df) < period:
                    return
    
                high = df["high"].astype("float64")
                low = df["low"].astype("float64")
                close = df["close"].astype("float64")
    
                prev_close = close.shift(1)
                tr1 = (high - low).abs()
                tr2 = (high - prev_close).abs()
                tr3 = (low - prev_close).abs()
                tr = pd.concat([tr1, tr2, tr3], axis=1).max(axis=1)
    
                if self.atr_method == "sma":
                    legacy_atr = tr.rolling(window=period, min_periods=1).mean().iloc[-1]
                else:
                    legacy_atr = tr.ewm(alpha=1/period, adjust=False, min_periods=1).mean().iloc[-1]
    
                # \u0421\u0440\u0430\u0432\u043d\u0435\u043d\u0438\u0435
                difference = abs(unified_atr - legacy_atr)
                difference_pct = (difference / max(unified_atr, legacy_atr)) * 100
    
                if difference_pct > 1.0:  # \u0411\u043e\u043b\u044c\u0448\u0435 1% \u0440\u0430\u0441\u0445\u043e\u0436\u0434\u0435\u043d\u0438\u044f
                    self._stats["comparison_warnings"] += 1
                    logging.warning(f"\U0001f6e1\ufe0f ATR COMPARISON: unified={unified_atr:.6f}, legacy={legacy_atr:.6f}, diff={difference_pct:.2f}%")
                else:
                    logging.debug(f"\U0001f6e1\ufe0f ATR COMPARISON OK: diff={difference_pct:.2f}%")
    
            except Exception as e:
                logging.debug(f"ATR comparison failed: {e}")
    
        def _fallback_atr(self, df: pd.DataFrame, period: int) -> float:
            """\u041a\u0440\u0438\u0442\u0438\u0447\u0435\u0441\u043a\u0438\u0439 fallback \u0434\u043b\u044f ATR \u0440\u0430\u0441\u0447\u0435\u0442\u0430"""
            try:
                if df is None or df.empty:
                    return 100.0  # \u042d\u043a\u0441\u0442\u0440\u0435\u043c\u0430\u043b\u044c\u043d\u044b\u0439 fallback
    
                # \u041f\u0440\u043e\u0441\u0442\u0435\u0439\u0448\u0438\u0439 ATR \u0440\u0430\u0441\u0447\u0435\u0442
                price_range = (df["high"] - df["low"]).mean()
                return float(price_range) if pd.notna(price_range) and price_range > 0 else 100.0
    
            except Exception:
                return 100.0
    
        # =========================================================================
        # RISK METRICS CALCULATION
        # =========================================================================
    
        def calculate_risk_metrics(self, df: pd.DataFrame, market_condition: str = "SIDEWAYS") -> RiskMetrics:
            """\u2705 \u041e\u0411\u041d\u041e\u0412\u041b\u0415\u041d\u041e: \u0420\u0430\u0441\u0447\u0435\u0442 \u043c\u0435\u0442\u0440\u0438\u043a \u0440\u0438\u0441\u043a\u0430 \u0441 unified ATR"""
            if df is None or df.empty or len(df) < self.volatility_lookback:
                return self._default_risk_metrics()
    
            try:
                self._stats["total_calculations"] += 1
    
                # \u0412\u043e\u043b\u0430\u0442\u0438\u043b\u044c\u043d\u043e\u0441\u0442\u044c \u0434\u043e\u0445\u043e\u0434\u043d\u043e\u0441\u0442\u0435\u0439
                returns = df["close"].pct_change().dropna()
                if len(returns) >= self.volatility_lookback:
                    volatility = returns.rolling(self.volatility_lookback).std().iloc[-1]
                else:
                    volatility = returns.std()
                volatility = float(volatility) if pd.notna(volatility) else 0.03
    
                # \u2705 UNIFIED ATR
                atr = self.get_unified_atr(df)
                atr_normalized = atr / df["close"].iloc[-1] if df["close"].iloc[-1] > 0 else 0.02
    
                # \u041e\u0431\u044a\u0435\u043c\u043d\u044b\u0439 \u0430\u043d\u0430\u043b\u0438\u0437
                if "volume" in df.columns and len(df) >= self.volume_lookback:
                    volume_ma = df["volume"].rolling(self.volume_lookback).mean()
                    current_volume = df["volume"].iloc[-1]
                    volume_ratio = current_volume / volume_ma.iloc[-1] if volume_ma.iloc[-1] > 0 else 1.0
                else:
                    volume_ratio = 1.0
    
                # \u0421\u0438\u043b\u0430 \u0442\u0440\u0435\u043d\u0434\u0430
                ema_20 = df["close"].ewm(span=20).mean()
                trend_strength = self._calculate_trend_strength(ema_20)
    
                # \u041e\u043f\u0440\u0435\u0434\u0435\u043b\u0435\u043d\u0438\u0435 \u0443\u0440\u043e\u0432\u043d\u044f \u0440\u0438\u0441\u043a\u0430
                risk_level = self._determine_risk_level(volatility, atr_normalized)
    
                metrics = RiskMetrics(
                    volatility=float(volatility),
                    atr_normalized=float(atr_normalized),
                    volume_ratio=float(volume_ratio),
                    trend_strength=float(trend_strength),
                    market_condition=market_condition,
                    risk_level=risk_level
                )
    
                logging.debug(f"\U0001f6e1\ufe0f Risk metrics: vol={volatility:.4f}, atr_norm={atr_normalized:.4f}, level={risk_level.value}")
                return metrics
    
            except Exception as e:
                logging.error(f"\U0001f6e1\ufe0f Risk metrics calculation failed: {e}")
                return self._default_risk_metrics()
    
        def calculate_dynamic_stop_loss(self, entry_price: float, df: pd.DataFrame,
                                      market_condition: str = "SIDEWAYS") -> Tuple[float, Dict[str, Any]]:
            """\u2705 \u041e\u0411\u041d\u041e\u0412\u041b\u0415\u041d\u041e: \u0414\u0438\u043d\u0430\u043c\u0438\u0447\u0435\u0441\u043a\u0438\u0439 \u0441\u0442\u043e\u043f-\u043b\u043e\u0441\u0441 \u0441 unified ATR"""
            try:
                risk_metrics = self.calculate_risk_metrics(df, market_condition)
    
                # \u2705 UNIFIED ATR \u0434\u043b\u044f \u0441\u0442\u043e\u043f-\u043b\u043e\u0441\u0441\u0430
                atr = self.get_unified_atr(df)
    
                # \u0411\u0430\u0437\u043e\u0432\u044b\u0439 ATR \u0441\u0442\u043e\u043f (1.5x ATR \u043d\u0438\u0436\u0435 \u0432\u0445\u043e\u0434\u0430)
                base_atr_stop = entry_price - (atr * 1.5)
    
                # \u041c\u0443\u043b\u044c\u0442\u0438\u043f\u043b\u0438\u043a\u0430\u0442\u043e\u0440\u044b \u043d\u0430 \u043e\u0441\u043d\u043e\u0432\u0435 \u0440\u044b\u043d\u043e\u0447\u043d\u044b\u0445 \u0443\u0441\u043b\u043e\u0432\u0438\u0439
                volatility_multiplier = 1 + (risk_metrics.volatility * 5)
                market_multiplier = self.risk_multipliers.get(market_condition, {"stop": 1.0})["stop"]
                volume_multiplier = 1 / (1 + max(0, risk_metrics.volume_ratio - 1) * 0.3)
    
                # \u041a\u043e\u043c\u0431\u0438\u043d\u0438\u0440\u043e\u0432\u0430\u043d\u043d\u044b\u0439 \u043c\u0443\u043b\u044c\u0442\u0438\u043f\u043b\u0438\u043a\u0430\u0442\u043e\u0440
                combined_multiplier = volatility_multiplier * market_multiplier * volume_multiplier
    
                # \u0414\u0438\u043d\u0430\u043c\u0438\u0447\u0435\u0441\u043a\u0438\u0439 \u0441\u0442\u043e\u043f
                dynamic_stop = entry_price - (atr * 1.5 * combined_multiplier)
    
                # \u041f\u0440\u0438\u043c\u0435\u043d\u0435\u043d\u0438\u0435 \u0433\u0440\u0430\u043d\u0438\u0446
                min_stop = entry_price * (1 - self.min_stop_pct)
                max_stop = entry_price * (1 - self.max_stop_pct)
                final_stop = max(min_stop, min(dynamic_stop, max_stop))
    
                # \u0414\u0435\u0442\u0430\u043b\u0438 \u0434\u043b\u044f \u043b\u043e\u0433\u0438\u0440\u043e\u0432\u0430\u043d\u0438\u044f
                details = {
                    "entry_price": entry_price,
                    "base_atr_stop": base_atr_stop,
                    "atr_value": atr,
                    "atr_method": self.atr_method,
                    "volatility": risk_metrics.volatility,
                    "volatility_multiplier": volatility_multiplier,
                    "market_condition": market_condition,
                    "market_multiplier": market_multiplier,
                    "volume_multiplier": volume_multiplier,
                    "combined_multiplier": combined_multiplier,
                    "dynamic_stop": dynamic_stop,
                    "risk_level": risk_metrics.risk_level.value,
                    "final_stop_pct": round((entry_price - final_stop) / entry_price * 100, 2),
                    "min_stop_boundary": min_stop,
                    "max_stop_boundary": max_stop
                }
    
                logging.info(f"\U0001f6e1\ufe0f Dynamic SL: {final_stop:.6f} ({details['final_stop_pct']:.2f}%) | "
                            f"Risk: {risk_metrics.risk_level.value} | Market: {market_condition}")
    
                return final_stop, details
    
            except Exception as e:
                logging.error(f"\U0001f6e1\ufe0f Dynamic stop loss calculation failed: {e}")
                # Fallback \u043a \u043f\u0440\u043e\u0441\u0442\u043e\u043c\u0443 \u043f\u0440\u043e\u0446\u0435\u043d\u0442\u043d\u043e\u043c\u0443 \u0441\u0442\u043e\u043f\u0443
                fallback_stop = entry_price * (1 - 0.02)  # 2%
                return fallback_stop, {
                    "error": str(e),
                    "fallback_stop": fallback_stop,
                    "fallback_pct": 2.0
                }
    
        # =========================================================================
        # UTILITY METHODS
        # =========================================================================
    
        def _calculate_trend_strength(self, ema_series: pd.Series) -> float:
            """\u0420\u0430\u0441\u0447\u0435\u0442 \u0441\u0438\u043b\u044b \u0442\u0440\u0435\u043d\u0434\u0430 \u0447\u0435\u0440\u0435\u0437 \u0440\u0435\u0433\u0440\u0435\u0441\u0441\u0438\u044e"""
            if len(ema_series) < 5:
                return 0.0
    
            try:
                x = np.arange(5)
                y = ema_series.iloc[-5:].values
                if len(y) < 5 or not np.all(np.isfinite(y)):
                    return 0.0
                slope = np.polyfit(x, y, 1)[0]
                return float(np.clip((slope / y[-1]) * 1000, -1, 1))
            except Exception:
                return 0.0
    
        def _determine_risk_level(self, volatility: float, atr_normalized: float) -> RiskLevel:
            """\u041e\u043f\u0440\u0435\u0434\u0435\u043b\u0435\u043d\u0438\u0435 \u0443\u0440\u043e\u0432\u043d\u044f \u0440\u0438\u0441\u043a\u0430 \u043f\u043e \u043c\u0435\u0442\u0440\u0438\u043a\u0430\u043c"""
            for level, thresholds in self.risk_thresholds.items():
                if volatility <= thresholds["vol"] and atr_normalized <= thresholds["atr"]:
                    return level
            return RiskLevel.EXTREME
    
        def _default_risk_metrics(self) -> RiskMetrics:
            """\u0414\u0435\u0444\u043e\u043b\u0442\u043d\u044b\u0435 \u043c\u0435\u0442\u0440\u0438\u043a\u0438 \u043f\u0440\u0438 \u043e\u0448\u0438\u0431\u043a\u0430\u0445"""
            return RiskMetrics(
                volatility=0.03,
                atr_normalized=0.02,
                volume_ratio=1.0,
                trend_strength=0.0,
                market_condition="SIDEWAYS",
                risk_level=RiskLevel.MEDIUM
            )
    
        # =========================================================================
        # DIAGNOSTICS & MONITORING
        # =========================================================================
    
        def get_atr_diagnostics(self) -> Dict[str, Any]:
            """\u2705 \u041d\u041e\u0412\u041e\u0415: \u0414\u0438\u0430\u0433\u043d\u043e\u0441\u0442\u0438\u043a\u0430 unified ATR \u0441\u0438\u0441\u0442\u0435\u043c\u044b"""
            return {
                "config": {
                    "atr_period": self.atr_period,
                    "atr_method": self.atr_method,
                    "compare_enabled": self.atr_compare_enabled,
                    "min_stop_pct": self.min_stop_pct,
                    "max_stop_pct": self.max_stop_pct
                },
                "stats": dict(self._stats),
                "thresholds": {level.value: thresholds for level, thresholds in self.risk_thresholds.items()},
                "market_modifiers": self.risk_multipliers
            }
    
        def reset_stats(self):
            """\u0421\u0431\u0440\u043e\u0441 \u0441\u0442\u0430\u0442\u0438\u0441\u0442\u0438\u043a\u0438"""
            self._stats = {
                "total_calculations": 0,
                "unified_atr_calls": 0,
                "fallback_calls": 0,
                "comparison_warnings": 0
            }
            logging.info("\U0001f6e1\ufe0f Risk manager stats reset")
    
        def set_atr_method(self, method: str):
            """\u0418\u0437\u043c\u0435\u043d\u0435\u043d\u0438\u0435 \u043c\u0435\u0442\u043e\u0434\u0430 ATR \u0440\u0430\u0441\u0447\u0435\u0442\u0430"""
            if method.lower() in ["ewm", "sma"]:
                self.atr_method = method.lower()
                logging.info(f"\U0001f6e1\ufe0f ATR method changed to: {self.atr_method}")
            else:
                logging.error(f"\U0001f6e1\ufe0f Invalid ATR method: {method}")
    
        def enable_atr_comparison(self, enabled: bool):
            """\u0412\u043a\u043b\u044e\u0447\u0435\u043d\u0438\u0435/\u043e\u0442\u043a\u043b\u044e\u0447\u0435\u043d\u0438\u0435 \u0441\u0440\u0430\u0432\u043d\u0435\u043d\u0438\u044f ATR"""
            self.atr_compare_enabled = enabled
            logging.info(f"\U0001f6e1\ufe0f ATR comparison {'enabled' if enabled else 'disabled'}")
    
>       def validate_configuration(self) -> List[str]:
                                            ^^^^
E       NameError: name 'List' is not defined

trading\risk_manager.py:386: NameError
================================== FAILURES ===================================
_______ TestCSVHandlerInitialization.test_initialization_creates_files ________

self = <test_csv_handler.TestCSVHandlerInitialization object at 0x000001D97F3E6350>
temp_dir = 'C:\\Users\\Sabir ÌAHBAZ\\AppData\\Local\\Temp\\tmpvcv3wn39'

    def test_initialization_creates_files(self, temp_dir):
        """\u0422\u0435\u0441\u0442 \u0441\u043e\u0437\u0434\u0430\u043d\u0438\u044f \u0444\u0430\u0439\u043b\u043e\u0432 \u043f\u0440\u0438 \u0438\u043d\u0438\u0446\u0438\u0430\u043b\u0438\u0437\u0430\u0446\u0438\u0438"""
        trades_file = os.path.join(temp_dir, "trades.csv")
        signals_file = os.path.join(temp_dir, "signals.csv")
    
>       handler = CSVHandler(trades_file, signals_file)
                  ^^^^^^^^^^^^^^^^^^^^^^^^^^^^^^^^^^^^^
E       TypeError: CSVHandler() takes no arguments

tests\test_csv_handler.py:83: TypeError
____ TestCSVHandlerInitialization.test_initialization_with_existing_files _____

self = <test_csv_handler.TestCSVHandlerInitialization object at 0x000001D97F3E6850>
temp_dir = 'C:\\Users\\Sabir ÌAHBAZ\\AppData\\Local\\Temp\\tmpimrauy_i'

    def test_initialization_with_existing_files(self, temp_dir):
        """\u0422\u0435\u0441\u0442 \u0438\u043d\u0438\u0446\u0438\u0430\u043b\u0438\u0437\u0430\u0446\u0438\u0438 \u0441 \u0441\u0443\u0449\u0435\u0441\u0442\u0432\u0443\u044e\u0449\u0438\u043c\u0438 \u0444\u0430\u0439\u043b\u0430\u043c\u0438"""
        trades_file = os.path.join(temp_dir, "existing_trades.csv")
    
        # \u0421\u043e\u0437\u0434\u0430\u0435\u043c \u0444\u0430\u0439\u043b \u0441 \u0434\u0430\u043d\u043d\u044b\u043c\u0438
        existing_data = pd.DataFrame([
            {'timestamp': '2024-01-01', 'symbol': 'BTC/USDT', 'pnl': 100}
        ])
        existing_data.to_csv(trades_file, index=False)
    
>       handler = CSVHandler(trades_file, os.path.join(temp_dir, "signals.csv"))
                  ^^^^^^^^^^^^^^^^^^^^^^^^^^^^^^^^^^^^^^^^^^^^^^^^^^^^^^^^^^^^^^
E       TypeError: CSVHandler() takes no arguments

tests\test_csv_handler.py:99: TypeError
____ TestCSVHandlerInitialization.test_initialization_with_corrupted_file _____

self = <test_csv_handler.TestCSVHandlerInitialization object at 0x000001D97F4315B0>
temp_dir = 'C:\\Users\\Sabir ÌAHBAZ\\AppData\\Local\\Temp\\tmphxrhwmsy'

    def test_initialization_with_corrupted_file(self, temp_dir):
        """\u0422\u0435\u0441\u0442 \u0438\u043d\u0438\u0446\u0438\u0430\u043b\u0438\u0437\u0430\u0446\u0438\u0438 \u0441 \u043f\u043e\u0432\u0440\u0435\u0436\u0434\u0435\u043d\u043d\u044b\u043c \u0444\u0430\u0439\u043b\u043e\u043c"""
        trades_file = os.path.join(temp_dir, "corrupted.csv")
    
        # \u0421\u043e\u0437\u0434\u0430\u0435\u043c \u043f\u043e\u0432\u0440\u0435\u0436\u0434\u0435\u043d\u043d\u044b\u0439 CSV
        with open(trades_file, 'w') as f:
            f.write("invalid,csv,content\n")
            f.write("missing,data")
    
        # \u0414\u043e\u043b\u0436\u0435\u043d \u043e\u0431\u0440\u0430\u0431\u043e\u0442\u0430\u0442\u044c gracefully
>       handler = CSVHandler(trades_file, os.path.join(temp_dir, "signals.csv"))
                  ^^^^^^^^^^^^^^^^^^^^^^^^^^^^^^^^^^^^^^^^^^^^^^^^^^^^^^^^^^^^^^
E       TypeError: CSVHandler() takes no arguments

tests\test_csv_handler.py:116: TypeError
_________________ TestErrorHandling.test_handle_missing_file __________________

self = <test_csv_handler.TestErrorHandling object at 0x000001D97F3E7890>
temp_dir = 'C:\\Users\\Sabir ÌAHBAZ\\AppData\\Local\\Temp\\tmpi_czzutv'

    def test_handle_missing_file(self, temp_dir):
        """\u0422\u0435\u0441\u0442 \u043e\u0431\u0440\u0430\u0431\u043e\u0442\u043a\u0438 \u043e\u0442\u0441\u0443\u0442\u0441\u0442\u0432\u0443\u044e\u0449\u0435\u0433\u043e \u0444\u0430\u0439\u043b\u0430"""
        non_existent = os.path.join(temp_dir, "non_existent.csv")
    
        # \u0423\u0434\u0430\u043b\u044f\u0435\u043c \u0444\u0430\u0439\u043b \u0435\u0441\u043b\u0438 \u043e\u043d \u0441\u0443\u0449\u0435\u0441\u0442\u0432\u0443\u0435\u0442
        if os.path.exists(non_existent):
            os.remove(non_existent)
    
>       handler = CSVHandler(non_existent, os.path.join(temp_dir, "signals.csv"))
                  ^^^^^^^^^^^^^^^^^^^^^^^^^^^^^^^^^^^^^^^^^^^^^^^^^^^^^^^^^^^^^^^
E       TypeError: CSVHandler() takes no arguments

tests\test_csv_handler.py:556: TypeError
_______________ TestErrorHandling.test_handle_permission_error ________________

self = <test_csv_handler.TestErrorHandling object at 0x000001D97F3E79D0>
temp_dir = 'C:\\Users\\Sabir ÌAHBAZ\\AppData\\Local\\Temp\\tmpy4f3gids'

    def test_handle_permission_error(self, temp_dir):
        """\u0422\u0435\u0441\u0442 \u043e\u0431\u0440\u0430\u0431\u043e\u0442\u043a\u0438 \u043e\u0448\u0438\u0431\u043a\u0438 \u0434\u043e\u0441\u0442\u0443\u043f\u0430"""
        trades_file = os.path.join(temp_dir, "readonly.csv")
    
        # \u0421\u043e\u0437\u0434\u0430\u0435\u043c \u0444\u0430\u0439\u043b
        open(trades_file, 'w').close()
    
        # \u0414\u0435\u043b\u0430\u0435\u043c \u0444\u0430\u0439\u043b \u0442\u043e\u043b\u044c\u043a\u043e \u0434\u043b\u044f \u0447\u0442\u0435\u043d\u0438\u044f (\u043d\u0430 Unix-\u0441\u0438\u0441\u0442\u0435\u043c\u0430\u0445)
        try:
            os.chmod(trades_file, 0o444)
    
>           handler = CSVHandler(trades_file, os.path.join(temp_dir, "signals.csv"))
                      ^^^^^^^^^^^^^^^^^^^^^^^^^^^^^^^^^^^^^^^^^^^^^^^^^^^^^^^^^^^^^^
E           TypeError: CSVHandler() takes no arguments

tests\test_csv_handler.py:573: TypeError
________ TestMultiTimeframeAnalyzer.test_analyze_market_condition_bull ________

self = <test_market_analyzer.TestMultiTimeframeAnalyzer object at 0x000001D981F03C50>
analyzer = <analysis.market_analyzer.MultiTimeframeAnalyzer object at 0x000001D982378CD0>
sample_market_data = (                    open          high           low         close       volume
2024-01-01  49356.296891  49856.29689...062  397.310847
2024-02-03 04:00:00  59126.679212  59376.679212  ...  59126.679212  866.969869

[200 rows x 5 columns])

    def test_analyze_market_condition_bull(self, analyzer, sample_market_data):
        """\u0422\u0435\u0441\u0442\u0438\u0440\u0443\u0435\u0442 \u0430\u043d\u0430\u043b\u0438\u0437 \u0431\u044b\u0447\u044c\u0435\u0433\u043e \u0440\u044b\u043d\u043a\u0430"""
        df_1d, df_4h = sample_market_data
    
        condition, confidence = analyzer.analyze_market_condition(df_1d, df_4h)
    
        # \u041f\u0440\u043e\u0432\u0435\u0440\u044f\u0435\u043c \u0447\u0442\u043e \u043e\u043f\u0440\u0435\u0434\u0435\u043b\u0438\u043b\u0441\u044f \u0431\u044b\u0447\u0438\u0439 \u0442\u0440\u0435\u043d\u0434
>       assert condition in [MarketCondition.WEAK_BULL, MarketCondition.STRONG_BULL]
E       AssertionError: assert <MarketCondition.SIDEWAYS: 'sideways'> in [<MarketCondition.WEAK_BULL: 'weak_bull'>, <MarketCondition.STRONG_BULL: 'strong_bull'>]

tests\test_market_analyzer.py:86: AssertionError
_____________ TestMultiTimeframeAnalyzer.test_analyze_empty_data ______________

self = <test_market_analyzer.TestMultiTimeframeAnalyzer object at 0x000001D9820C8050>
analyzer = <analysis.market_analyzer.MultiTimeframeAnalyzer object at 0x000001D9822DF360>

    def test_analyze_empty_data(self, analyzer):
        """\u0422\u0435\u0441\u0442\u0438\u0440\u0443\u0435\u0442 \u043f\u043e\u0432\u0435\u0434\u0435\u043d\u0438\u0435 \u0441 \u043f\u0443\u0441\u0442\u044b\u043c\u0438 \u0434\u0430\u043d\u043d\u044b\u043c\u0438"""
        empty_df = pd.DataFrame()
    
        condition, confidence = analyzer.analyze_market_condition(empty_df, empty_df)
    
        assert condition == MarketCondition.SIDEWAYS
>       assert confidence == 0.10
E       assert 0.0 == 0.1

tests\test_market_analyzer.py:107: AssertionError
____________ TestMultiTimeframeAnalyzer.test_analyze_invalid_data _____________

self = <test_market_analyzer.TestMultiTimeframeAnalyzer object at 0x000001D982085490>
analyzer = <analysis.market_analyzer.MultiTimeframeAnalyzer object at 0x000001D9822DE780>

    def test_analyze_invalid_data(self, analyzer):
        """\u0422\u0435\u0441\u0442\u0438\u0440\u0443\u0435\u0442 \u043f\u043e\u0432\u0435\u0434\u0435\u043d\u0438\u0435 \u0441 \u043d\u0435\u043a\u043e\u0440\u0440\u0435\u043a\u0442\u043d\u044b\u043c\u0438 \u0434\u0430\u043d\u043d\u044b\u043c\u0438"""
        # DataFrame \u0431\u0435\u0437 \u043d\u0443\u0436\u043d\u044b\u0445 \u043a\u043e\u043b\u043e\u043d\u043e\u043a
        bad_df = pd.DataFrame({'wrong_col': [1, 2, 3]})
    
        condition, confidence = analyzer.analyze_market_condition(bad_df, bad_df)
    
        assert condition == MarketCondition.SIDEWAYS
>       assert confidence == 0.10
E       assert 0.0 == 0.1

tests\test_market_analyzer.py:117: AssertionError
_______ TestMultiTimeframeAnalyzer.test_get_diagnostics_error_handling ________

self = <test_market_analyzer.TestMultiTimeframeAnalyzer object at 0x000001D9820C5FD0>
analyzer = <analysis.market_analyzer.MultiTimeframeAnalyzer object at 0x000001D9822D2510>

    def test_get_diagnostics_error_handling(self, analyzer):
        """\u0422\u0435\u0441\u0442\u0438\u0440\u0443\u0435\u0442 \u043e\u0431\u0440\u0430\u0431\u043e\u0442\u043a\u0443 \u043e\u0448\u0438\u0431\u043e\u043a \u0432 \u0434\u0438\u0430\u0433\u043d\u043e\u0441\u0442\u0438\u043a\u0435"""
        # \u041f\u0435\u0440\u0435\u0434\u0430\u0435\u043c None \u0434\u0430\u043d\u043d\u044b\u0435
        diagnostics = analyzer.get_diagnostics(None, None)
    
>       assert 'error' in diagnostics
E       AssertionError: assert 'error' in {'combined': {'condition': 'sideways', 'confidence': 0.0, 'strength': 0.5, 'trend': 0.0}, 'parameters': {'atr_period': 14, 'ema_fast': 20, 'ema_slow': 50, 'momentum_lookback': 20, ...}, 'timeframes': {'1d': {'strength': 0.5, 'trend': 0.0}, '4h': {'strength': 0.5, 'trend': 0.0}}, 'weights': {'4h': 0.4, 'daily': 0.6}}

tests\test_market_analyzer.py:231: AssertionError
________ TestRiskManagerEdgeCases.test_import_and_basic_functionality _________

self = <test_risk_manager.TestRiskManagerEdgeCases object at 0x000001D9820F0550>

    def test_import_and_basic_functionality(self):
        """\u0422\u0435\u0441\u0442 \u0438\u043c\u043f\u043e\u0440\u0442\u0430 \u0438 \u0431\u0430\u0437\u043e\u0432\u043e\u0439 \u0444\u0443\u043d\u043a\u0446\u0438\u043e\u043d\u0430\u043b\u044c\u043d\u043e\u0441\u0442\u0438"""
        try:
>           from trading.risk_manager import UnifiedRiskManager

tests\test_risk_manager.py:256: 
_ _ _ _ _ _ _ _ _ _ _ _ _ _ _ _ _ _ _ _ _ _ _ _ _ _ _ _ _ _ _ _ _ _ _ _ _ _ _ _
trading\risk_manager.py:26: in <module>
    class UnifiedRiskManager:
_ _ _ _ _ _ _ _ _ _ _ _ _ _ _ _ _ _ _ _ _ _ _ _ _ _ _ _ _ _ _ _ _ _ _ _ _ _ _ _

    class UnifiedRiskManager:
        """
        \u2705 \u041f\u041e\u041b\u041d\u041e\u0421\u0422\u042c\u042e \u041f\u0415\u0420\u0415\u041f\u0418\u0421\u0410\u041d\u041d\u042b\u0419: Unified Risk Manager \u0441 \u0438\u043d\u0442\u0435\u0433\u0440\u0430\u0446\u0438\u0435\u0439 ATR \u0441\u0438\u0441\u0442\u0435\u043c\u044b
    
        \u041e\u0441\u043e\u0431\u0435\u043d\u043d\u043e\u0441\u0442\u0438:
        - \u0418\u0441\u043f\u043e\u043b\u044c\u0437\u0443\u0435\u0442 \u0422\u041e\u041b\u042c\u041a\u041e unified ATR \u0444\u0443\u043d\u043a\u0446\u0438\u0438
        - \u041f\u043e\u0434\u0434\u0435\u0440\u0436\u043a\u0430 config/settings.py \u043f\u0430\u0440\u0430\u043c\u0435\u0442\u0440\u043e\u0432
        - \u0421\u0440\u0430\u0432\u043d\u0435\u043d\u0438\u0435 old vs new ATR \u0434\u043b\u044f \u043e\u0442\u043b\u0430\u0434\u043a\u0438
        - \u0410\u0434\u0430\u043f\u0442\u0438\u0432\u043d\u044b\u0435 \u0441\u0442\u043e\u043f-\u043b\u043e\u0441\u0441\u044b \u0441 \u0440\u044b\u043d\u043e\u0447\u043d\u044b\u043c\u0438 \u043c\u043e\u0434\u0438\u0444\u0438\u043a\u0430\u0442\u043e\u0440\u0430\u043c\u0438
        - \u0426\u0435\u043d\u0442\u0440\u0430\u043b\u0438\u0437\u043e\u0432\u0430\u043d\u043d\u043e\u0435 \u043b\u043e\u0433\u0438\u0440\u043e\u0432\u0430\u043d\u0438\u0435 \u0441 unified \u0441\u0442\u0438\u043b\u0435\u043c
        """
    
        def __init__(self):
            # \u2705 \u041f\u041e\u041b\u0423\u0427\u0410\u0415\u041c \u041a\u041e\u041d\u0424\u0418\u0413\u0423\u0420\u0410\u0426\u0418\u042e \u0418\u0417 SETTINGS
            try:
                from config.settings import TradingConfig
                self.config = TradingConfig()
    
                # ATR \u043a\u043e\u043d\u0444\u0438\u0433\u0443\u0440\u0430\u0446\u0438\u044f
                atr_config = self.config.get_atr_config()
                self.atr_period = atr_config["period"]
                self.atr_method = atr_config["risk_method"]
                self.atr_compare_enabled = atr_config["compare_enabled"]
    
                # \u0420\u0438\u0441\u043a \u043a\u043e\u043d\u0444\u0438\u0433\u0443\u0440\u0430\u0446\u0438\u044f
                risk_config = self.config.get_risk_config()
                self.min_stop_pct = risk_config["min_stop_pct"]
                self.max_stop_pct = risk_config["max_stop_pct"]
                self.volatility_lookback = risk_config["volatility_lookback"]
                self.volume_lookback = risk_config["volume_lookback"]
                self.market_modifiers = risk_config["market_modifiers"]
    
                logging.info(f"\U0001f6e1\ufe0f UnifiedRiskManager: ATR period={self.atr_period}, method={self.atr_method}")
    
            except Exception as e:
                logging.error(f"Failed to load config, using defaults: {e}")
                # Fallback \u043a \u0434\u0435\u0444\u043e\u043b\u0442\u043d\u044b\u043c \u0437\u043d\u0430\u0447\u0435\u043d\u0438\u044f\u043c
                self._load_defaults()
    
            # \u041c\u0443\u043b\u044c\u0442\u0438\u043f\u043b\u0438\u043a\u0430\u0442\u043e\u0440\u044b \u0440\u0438\u0441\u043a\u0430 \u043f\u043e \u0440\u044b\u043d\u043e\u0447\u043d\u044b\u043c \u0443\u0441\u043b\u043e\u0432\u0438\u044f\u043c
            self.risk_multipliers = {
                "STRONG_BULL": {"stop": 0.8, "volatility": 0.9},
                "WEAK_BULL": {"stop": 1.0, "volatility": 1.0},
                "SIDEWAYS": {"stop": 1.3, "volatility": 1.2},
                "WEAK_BEAR": {"stop": 1.1, "volatility": 1.1},
                "STRONG_BEAR": {"stop": 0.9, "volatility": 1.0}
            }
    
            # \u0413\u0440\u0430\u043d\u0438\u0446\u044b \u0440\u0438\u0441\u043a\u0430 \u0434\u043b\u044f \u043a\u043b\u0430\u0441\u0441\u0438\u0444\u0438\u043a\u0430\u0446\u0438\u0438
            self.risk_thresholds = {
                RiskLevel.LOW: {"vol": 0.02, "atr": 0.015},
                RiskLevel.MEDIUM: {"vol": 0.04, "atr": 0.03},
                RiskLevel.HIGH: {"vol": 0.06, "atr": 0.045},
                RiskLevel.EXTREME: {"vol": float("inf"), "atr": float("inf")}
            }
    
            # \u0421\u0442\u0430\u0442\u0438\u0441\u0442\u0438\u043a\u0430 \u0434\u043b\u044f \u043e\u0442\u043b\u0430\u0434\u043a\u0438
            self._stats = {
                "total_calculations": 0,
                "unified_atr_calls": 0,
                "fallback_calls": 0,
                "comparison_warnings": 0
            }
    
        def _load_defaults(self):
            """\u0417\u0430\u0433\u0440\u0443\u0437\u043a\u0430 \u0434\u0435\u0444\u043e\u043b\u0442\u043d\u044b\u0445 \u0437\u043d\u0430\u0447\u0435\u043d\u0438\u0439 \u043f\u0440\u0438 \u043e\u0448\u0438\u0431\u043a\u0435 \u043a\u043e\u043d\u0444\u0438\u0433\u0443\u0440\u0430\u0446\u0438\u0438"""
            self.atr_period = int(os.getenv("ATR_PERIOD", 14))
            self.atr_method = os.getenv("RISK_ATR_METHOD", "ewm").lower()
            self.atr_compare_enabled = os.getenv("RISK_ATR_COMPARE", "1") == "1"
            self.min_stop_pct = float(os.getenv("MIN_STOP_PCT", 0.005))
            self.max_stop_pct = float(os.getenv("MAX_STOP_PCT", 0.05))
            self.volatility_lookback = int(os.getenv("VOLATILITY_LOOKBACK", 20))
            self.volume_lookback = int(os.getenv("VOLUME_LOOKBACK", 20))
            self.market_modifiers = {
                "bull": float(os.getenv("BULL_MARKET_MODIFIER", -0.20)),
                "bear": float(os.getenv("BEAR_MARKET_MODIFIER", 0.40)),
                "overheated": float(os.getenv("OVERHEATED_MODIFIER", 0.30))
            }
    
        # =========================================================================
        # \u2705 UNIFIED ATR INTEGRATION
        # =========================================================================
    
        def get_unified_atr(self, df: pd.DataFrame, period: Optional[int] = None) -> float:
            """
            \u2705 \u0413\u041b\u0410\u0412\u041d\u0410\u042f \u0424\u0423\u041d\u041a\u0426\u0418\u042f: \u041f\u043e\u043b\u0443\u0447\u0435\u043d\u0438\u0435 ATR \u0447\u0435\u0440\u0435\u0437 unified \u0441\u0438\u0441\u0442\u0435\u043c\u0443
    
            Args:
                df: DataFrame \u0441 OHLCV \u0434\u0430\u043d\u043d\u044b\u043c\u0438
                period: \u041f\u0435\u0440\u0438\u043e\u0434 ATR (\u0435\u0441\u043b\u0438 None - \u0438\u0441\u043f\u043e\u043b\u044c\u0437\u0443\u0435\u0442 self.atr_period)
    
            Returns:
                float: ATR \u0437\u043d\u0430\u0447\u0435\u043d\u0438\u0435
            """
            try:
                from analysis.technical_indicators import _atr_for_risk_manager
    
                # \u0418\u0441\u043f\u043e\u043b\u044c\u0437\u0443\u0435\u043c \u043f\u0435\u0440\u0438\u043e\u0434 \u0438\u0437 \u043a\u043e\u043d\u0444\u0438\u0433\u0443\u0440\u0430\u0446\u0438\u0438 \u0435\u0441\u043b\u0438 \u043d\u0435 \u0437\u0430\u0434\u0430\u043d
                atr_period = period if period is not None else self.atr_period
    
                # \u2705 UNIFIED ATR CALL
                unified_atr = _atr_for_risk_manager(df, atr_period)
                self._stats["unified_atr_calls"] += 1
    
                # \u2705 \u041e\u041f\u0426\u0418\u041e\u041d\u0410\u041b\u042c\u041d\u041e\u0415 \u0421\u0420\u0410\u0412\u041d\u0415\u041d\u0418\u0415 \u0421 LEGACY (\u0434\u043b\u044f \u043e\u0442\u043b\u0430\u0434\u043a\u0438)
                if self.atr_compare_enabled:
                    self._compare_with_legacy_atr(df, unified_atr, atr_period)
    
                logging.debug(f"\U0001f6e1\ufe0f Risk Manager ATR (UNIFIED): {unified_atr:.6f} | period={atr_period} | method={self.atr_method}")
                return unified_atr
    
            except Exception as e:
                logging.error(f"\U0001f6e1\ufe0f Unified ATR failed in risk manager: {e}")
                self._stats["fallback_calls"] += 1
                return self._fallback_atr(df, period or self.atr_period)
    
        def _compare_with_legacy_atr(self, df: pd.DataFrame, unified_atr: float, period: int):
            """\u0421\u0440\u0430\u0432\u043d\u0435\u043d\u0438\u0435 unified ATR \u0441 legacy \u043c\u0435\u0442\u043e\u0434\u043e\u043c \u0434\u043b\u044f \u043e\u0442\u043b\u0430\u0434\u043a\u0438"""
            try:
                # Legacy ATR \u0440\u0430\u0441\u0447\u0435\u0442
                if df is None or df.empty or len(df) < period:
                    return
    
                high = df["high"].astype("float64")
                low = df["low"].astype("float64")
                close = df["close"].astype("float64")
    
                prev_close = close.shift(1)
                tr1 = (high - low).abs()
                tr2 = (high - prev_close).abs()
                tr3 = (low - prev_close).abs()
                tr = pd.concat([tr1, tr2, tr3], axis=1).max(axis=1)
    
                if self.atr_method == "sma":
                    legacy_atr = tr.rolling(window=period, min_periods=1).mean().iloc[-1]
                else:
                    legacy_atr = tr.ewm(alpha=1/period, adjust=False, min_periods=1).mean().iloc[-1]
    
                # \u0421\u0440\u0430\u0432\u043d\u0435\u043d\u0438\u0435
                difference = abs(unified_atr - legacy_atr)
                difference_pct = (difference / max(unified_atr, legacy_atr)) * 100
    
                if difference_pct > 1.0:  # \u0411\u043e\u043b\u044c\u0448\u0435 1% \u0440\u0430\u0441\u0445\u043e\u0436\u0434\u0435\u043d\u0438\u044f
                    self._stats["comparison_warnings"] += 1
                    logging.warning(f"\U0001f6e1\ufe0f ATR COMPARISON: unified={unified_atr:.6f}, legacy={legacy_atr:.6f}, diff={difference_pct:.2f}%")
                else:
                    logging.debug(f"\U0001f6e1\ufe0f ATR COMPARISON OK: diff={difference_pct:.2f}%")
    
            except Exception as e:
                logging.debug(f"ATR comparison failed: {e}")
    
        def _fallback_atr(self, df: pd.DataFrame, period: int) -> float:
            """\u041a\u0440\u0438\u0442\u0438\u0447\u0435\u0441\u043a\u0438\u0439 fallback \u0434\u043b\u044f ATR \u0440\u0430\u0441\u0447\u0435\u0442\u0430"""
            try:
                if df is None or df.empty:
                    return 100.0  # \u042d\u043a\u0441\u0442\u0440\u0435\u043c\u0430\u043b\u044c\u043d\u044b\u0439 fallback
    
                # \u041f\u0440\u043e\u0441\u0442\u0435\u0439\u0448\u0438\u0439 ATR \u0440\u0430\u0441\u0447\u0435\u0442
                price_range = (df["high"] - df["low"]).mean()
                return float(price_range) if pd.notna(price_range) and price_range > 0 else 100.0
    
            except Exception:
                return 100.0
    
        # =========================================================================
        # RISK METRICS CALCULATION
        # =========================================================================
    
        def calculate_risk_metrics(self, df: pd.DataFrame, market_condition: str = "SIDEWAYS") -> RiskMetrics:
            """\u2705 \u041e\u0411\u041d\u041e\u0412\u041b\u0415\u041d\u041e: \u0420\u0430\u0441\u0447\u0435\u0442 \u043c\u0435\u0442\u0440\u0438\u043a \u0440\u0438\u0441\u043a\u0430 \u0441 unified ATR"""
            if df is None or df.empty or len(df) < self.volatility_lookback:
                return self._default_risk_metrics()
    
            try:
                self._stats["total_calculations"] += 1
    
                # \u0412\u043e\u043b\u0430\u0442\u0438\u043b\u044c\u043d\u043e\u0441\u0442\u044c \u0434\u043e\u0445\u043e\u0434\u043d\u043e\u0441\u0442\u0435\u0439
                returns = df["close"].pct_change().dropna()
                if len(returns) >= self.volatility_lookback:
                    volatility = returns.rolling(self.volatility_lookback).std().iloc[-1]
                else:
                    volatility = returns.std()
                volatility = float(volatility) if pd.notna(volatility) else 0.03
    
                # \u2705 UNIFIED ATR
                atr = self.get_unified_atr(df)
                atr_normalized = atr / df["close"].iloc[-1] if df["close"].iloc[-1] > 0 else 0.02
    
                # \u041e\u0431\u044a\u0435\u043c\u043d\u044b\u0439 \u0430\u043d\u0430\u043b\u0438\u0437
                if "volume" in df.columns and len(df) >= self.volume_lookback:
                    volume_ma = df["volume"].rolling(self.volume_lookback).mean()
                    current_volume = df["volume"].iloc[-1]
                    volume_ratio = current_volume / volume_ma.iloc[-1] if volume_ma.iloc[-1] > 0 else 1.0
                else:
                    volume_ratio = 1.0
    
                # \u0421\u0438\u043b\u0430 \u0442\u0440\u0435\u043d\u0434\u0430
                ema_20 = df["close"].ewm(span=20).mean()
                trend_strength = self._calculate_trend_strength(ema_20)
    
                # \u041e\u043f\u0440\u0435\u0434\u0435\u043b\u0435\u043d\u0438\u0435 \u0443\u0440\u043e\u0432\u043d\u044f \u0440\u0438\u0441\u043a\u0430
                risk_level = self._determine_risk_level(volatility, atr_normalized)
    
                metrics = RiskMetrics(
                    volatility=float(volatility),
                    atr_normalized=float(atr_normalized),
                    volume_ratio=float(volume_ratio),
                    trend_strength=float(trend_strength),
                    market_condition=market_condition,
                    risk_level=risk_level
                )
    
                logging.debug(f"\U0001f6e1\ufe0f Risk metrics: vol={volatility:.4f}, atr_norm={atr_normalized:.4f}, level={risk_level.value}")
                return metrics
    
            except Exception as e:
                logging.error(f"\U0001f6e1\ufe0f Risk metrics calculation failed: {e}")
                return self._default_risk_metrics()
    
        def calculate_dynamic_stop_loss(self, entry_price: float, df: pd.DataFrame,
                                      market_condition: str = "SIDEWAYS") -> Tuple[float, Dict[str, Any]]:
            """\u2705 \u041e\u0411\u041d\u041e\u0412\u041b\u0415\u041d\u041e: \u0414\u0438\u043d\u0430\u043c\u0438\u0447\u0435\u0441\u043a\u0438\u0439 \u0441\u0442\u043e\u043f-\u043b\u043e\u0441\u0441 \u0441 unified ATR"""
            try:
                risk_metrics = self.calculate_risk_metrics(df, market_condition)
    
                # \u2705 UNIFIED ATR \u0434\u043b\u044f \u0441\u0442\u043e\u043f-\u043b\u043e\u0441\u0441\u0430
                atr = self.get_unified_atr(df)
    
                # \u0411\u0430\u0437\u043e\u0432\u044b\u0439 ATR \u0441\u0442\u043e\u043f (1.5x ATR \u043d\u0438\u0436\u0435 \u0432\u0445\u043e\u0434\u0430)
                base_atr_stop = entry_price - (atr * 1.5)
    
                # \u041c\u0443\u043b\u044c\u0442\u0438\u043f\u043b\u0438\u043a\u0430\u0442\u043e\u0440\u044b \u043d\u0430 \u043e\u0441\u043d\u043e\u0432\u0435 \u0440\u044b\u043d\u043e\u0447\u043d\u044b\u0445 \u0443\u0441\u043b\u043e\u0432\u0438\u0439
                volatility_multiplier = 1 + (risk_metrics.volatility * 5)
                market_multiplier = self.risk_multipliers.get(market_condition, {"stop": 1.0})["stop"]
                volume_multiplier = 1 / (1 + max(0, risk_metrics.volume_ratio - 1) * 0.3)
    
                # \u041a\u043e\u043c\u0431\u0438\u043d\u0438\u0440\u043e\u0432\u0430\u043d\u043d\u044b\u0439 \u043c\u0443\u043b\u044c\u0442\u0438\u043f\u043b\u0438\u043a\u0430\u0442\u043e\u0440
                combined_multiplier = volatility_multiplier * market_multiplier * volume_multiplier
    
                # \u0414\u0438\u043d\u0430\u043c\u0438\u0447\u0435\u0441\u043a\u0438\u0439 \u0441\u0442\u043e\u043f
                dynamic_stop = entry_price - (atr * 1.5 * combined_multiplier)
    
                # \u041f\u0440\u0438\u043c\u0435\u043d\u0435\u043d\u0438\u0435 \u0433\u0440\u0430\u043d\u0438\u0446
                min_stop = entry_price * (1 - self.min_stop_pct)
                max_stop = entry_price * (1 - self.max_stop_pct)
                final_stop = max(min_stop, min(dynamic_stop, max_stop))
    
                # \u0414\u0435\u0442\u0430\u043b\u0438 \u0434\u043b\u044f \u043b\u043e\u0433\u0438\u0440\u043e\u0432\u0430\u043d\u0438\u044f
                details = {
                    "entry_price": entry_price,
                    "base_atr_stop": base_atr_stop,
                    "atr_value": atr,
                    "atr_method": self.atr_method,
                    "volatility": risk_metrics.volatility,
                    "volatility_multiplier": volatility_multiplier,
                    "market_condition": market_condition,
                    "market_multiplier": market_multiplier,
                    "volume_multiplier": volume_multiplier,
                    "combined_multiplier": combined_multiplier,
                    "dynamic_stop": dynamic_stop,
                    "risk_level": risk_metrics.risk_level.value,
                    "final_stop_pct": round((entry_price - final_stop) / entry_price * 100, 2),
                    "min_stop_boundary": min_stop,
                    "max_stop_boundary": max_stop
                }
    
                logging.info(f"\U0001f6e1\ufe0f Dynamic SL: {final_stop:.6f} ({details['final_stop_pct']:.2f}%) | "
                            f"Risk: {risk_metrics.risk_level.value} | Market: {market_condition}")
    
                return final_stop, details
    
            except Exception as e:
                logging.error(f"\U0001f6e1\ufe0f Dynamic stop loss calculation failed: {e}")
                # Fallback \u043a \u043f\u0440\u043e\u0441\u0442\u043e\u043c\u0443 \u043f\u0440\u043e\u0446\u0435\u043d\u0442\u043d\u043e\u043c\u0443 \u0441\u0442\u043e\u043f\u0443
                fallback_stop = entry_price * (1 - 0.02)  # 2%
                return fallback_stop, {
                    "error": str(e),
                    "fallback_stop": fallback_stop,
                    "fallback_pct": 2.0
                }
    
        # =========================================================================
        # UTILITY METHODS
        # =========================================================================
    
        def _calculate_trend_strength(self, ema_series: pd.Series) -> float:
            """\u0420\u0430\u0441\u0447\u0435\u0442 \u0441\u0438\u043b\u044b \u0442\u0440\u0435\u043d\u0434\u0430 \u0447\u0435\u0440\u0435\u0437 \u0440\u0435\u0433\u0440\u0435\u0441\u0441\u0438\u044e"""
            if len(ema_series) < 5:
                return 0.0
    
            try:
                x = np.arange(5)
                y = ema_series.iloc[-5:].values
                if len(y) < 5 or not np.all(np.isfinite(y)):
                    return 0.0
                slope = np.polyfit(x, y, 1)[0]
                return float(np.clip((slope / y[-1]) * 1000, -1, 1))
            except Exception:
                return 0.0
    
        def _determine_risk_level(self, volatility: float, atr_normalized: float) -> RiskLevel:
            """\u041e\u043f\u0440\u0435\u0434\u0435\u043b\u0435\u043d\u0438\u0435 \u0443\u0440\u043e\u0432\u043d\u044f \u0440\u0438\u0441\u043a\u0430 \u043f\u043e \u043c\u0435\u0442\u0440\u0438\u043a\u0430\u043c"""
            for level, thresholds in self.risk_thresholds.items():
                if volatility <= thresholds["vol"] and atr_normalized <= thresholds["atr"]:
                    return level
            return RiskLevel.EXTREME
    
        def _default_risk_metrics(self) -> RiskMetrics:
            """\u0414\u0435\u0444\u043e\u043b\u0442\u043d\u044b\u0435 \u043c\u0435\u0442\u0440\u0438\u043a\u0438 \u043f\u0440\u0438 \u043e\u0448\u0438\u0431\u043a\u0430\u0445"""
            return RiskMetrics(
                volatility=0.03,
                atr_normalized=0.02,
                volume_ratio=1.0,
                trend_strength=0.0,
                market_condition="SIDEWAYS",
                risk_level=RiskLevel.MEDIUM
            )
    
        # =========================================================================
        # DIAGNOSTICS & MONITORING
        # =========================================================================
    
        def get_atr_diagnostics(self) -> Dict[str, Any]:
            """\u2705 \u041d\u041e\u0412\u041e\u0415: \u0414\u0438\u0430\u0433\u043d\u043e\u0441\u0442\u0438\u043a\u0430 unified ATR \u0441\u0438\u0441\u0442\u0435\u043c\u044b"""
            return {
                "config": {
                    "atr_period": self.atr_period,
                    "atr_method": self.atr_method,
                    "compare_enabled": self.atr_compare_enabled,
                    "min_stop_pct": self.min_stop_pct,
                    "max_stop_pct": self.max_stop_pct
                },
                "stats": dict(self._stats),
                "thresholds": {level.value: thresholds for level, thresholds in self.risk_thresholds.items()},
                "market_modifiers": self.risk_multipliers
            }
    
        def reset_stats(self):
            """\u0421\u0431\u0440\u043e\u0441 \u0441\u0442\u0430\u0442\u0438\u0441\u0442\u0438\u043a\u0438"""
            self._stats = {
                "total_calculations": 0,
                "unified_atr_calls": 0,
                "fallback_calls": 0,
                "comparison_warnings": 0
            }
            logging.info("\U0001f6e1\ufe0f Risk manager stats reset")
    
        def set_atr_method(self, method: str):
            """\u0418\u0437\u043c\u0435\u043d\u0435\u043d\u0438\u0435 \u043c\u0435\u0442\u043e\u0434\u0430 ATR \u0440\u0430\u0441\u0447\u0435\u0442\u0430"""
            if method.lower() in ["ewm", "sma"]:
                self.atr_method = method.lower()
                logging.info(f"\U0001f6e1\ufe0f ATR method changed to: {self.atr_method}")
            else:
                logging.error(f"\U0001f6e1\ufe0f Invalid ATR method: {method}")
    
        def enable_atr_comparison(self, enabled: bool):
            """\u0412\u043a\u043b\u044e\u0447\u0435\u043d\u0438\u0435/\u043e\u0442\u043a\u043b\u044e\u0447\u0435\u043d\u0438\u0435 \u0441\u0440\u0430\u0432\u043d\u0435\u043d\u0438\u044f ATR"""
            self.atr_compare_enabled = enabled
            logging.info(f"\U0001f6e1\ufe0f ATR comparison {'enabled' if enabled else 'disabled'}")
    
>       def validate_configuration(self) -> List[str]:
                                            ^^^^
E       NameError: name 'List' is not defined

trading\risk_manager.py:386: NameError
______________ TestRiskManagerEdgeCases.test_extreme_volatility _______________

self = <test_risk_manager.TestRiskManagerEdgeCases object at 0x000001D9820F0690>

    def test_extreme_volatility(self):
        """\u0422\u0435\u0441\u0442 \u0441 \u044d\u043a\u0441\u0442\u0440\u0435\u043c\u0430\u043b\u044c\u043d\u043e\u0439 \u0432\u043e\u043b\u0430\u0442\u0438\u043b\u044c\u043d\u043e\u0441\u0442\u044c\u044e"""
>       from trading.risk_manager import UnifiedRiskManager

tests\test_risk_manager.py:270: 
_ _ _ _ _ _ _ _ _ _ _ _ _ _ _ _ _ _ _ _ _ _ _ _ _ _ _ _ _ _ _ _ _ _ _ _ _ _ _ _
trading\risk_manager.py:26: in <module>
    class UnifiedRiskManager:
_ _ _ _ _ _ _ _ _ _ _ _ _ _ _ _ _ _ _ _ _ _ _ _ _ _ _ _ _ _ _ _ _ _ _ _ _ _ _ _

    class UnifiedRiskManager:
        """
        \u2705 \u041f\u041e\u041b\u041d\u041e\u0421\u0422\u042c\u042e \u041f\u0415\u0420\u0415\u041f\u0418\u0421\u0410\u041d\u041d\u042b\u0419: Unified Risk Manager \u0441 \u0438\u043d\u0442\u0435\u0433\u0440\u0430\u0446\u0438\u0435\u0439 ATR \u0441\u0438\u0441\u0442\u0435\u043c\u044b
    
        \u041e\u0441\u043e\u0431\u0435\u043d\u043d\u043e\u0441\u0442\u0438:
        - \u0418\u0441\u043f\u043e\u043b\u044c\u0437\u0443\u0435\u0442 \u0422\u041e\u041b\u042c\u041a\u041e unified ATR \u0444\u0443\u043d\u043a\u0446\u0438\u0438
        - \u041f\u043e\u0434\u0434\u0435\u0440\u0436\u043a\u0430 config/settings.py \u043f\u0430\u0440\u0430\u043c\u0435\u0442\u0440\u043e\u0432
        - \u0421\u0440\u0430\u0432\u043d\u0435\u043d\u0438\u0435 old vs new ATR \u0434\u043b\u044f \u043e\u0442\u043b\u0430\u0434\u043a\u0438
        - \u0410\u0434\u0430\u043f\u0442\u0438\u0432\u043d\u044b\u0435 \u0441\u0442\u043e\u043f-\u043b\u043e\u0441\u0441\u044b \u0441 \u0440\u044b\u043d\u043e\u0447\u043d\u044b\u043c\u0438 \u043c\u043e\u0434\u0438\u0444\u0438\u043a\u0430\u0442\u043e\u0440\u0430\u043c\u0438
        - \u0426\u0435\u043d\u0442\u0440\u0430\u043b\u0438\u0437\u043e\u0432\u0430\u043d\u043d\u043e\u0435 \u043b\u043e\u0433\u0438\u0440\u043e\u0432\u0430\u043d\u0438\u0435 \u0441 unified \u0441\u0442\u0438\u043b\u0435\u043c
        """
    
        def __init__(self):
            # \u2705 \u041f\u041e\u041b\u0423\u0427\u0410\u0415\u041c \u041a\u041e\u041d\u0424\u0418\u0413\u0423\u0420\u0410\u0426\u0418\u042e \u0418\u0417 SETTINGS
            try:
                from config.settings import TradingConfig
                self.config = TradingConfig()
    
                # ATR \u043a\u043e\u043d\u0444\u0438\u0433\u0443\u0440\u0430\u0446\u0438\u044f
                atr_config = self.config.get_atr_config()
                self.atr_period = atr_config["period"]
                self.atr_method = atr_config["risk_method"]
                self.atr_compare_enabled = atr_config["compare_enabled"]
    
                # \u0420\u0438\u0441\u043a \u043a\u043e\u043d\u0444\u0438\u0433\u0443\u0440\u0430\u0446\u0438\u044f
                risk_config = self.config.get_risk_config()
                self.min_stop_pct = risk_config["min_stop_pct"]
                self.max_stop_pct = risk_config["max_stop_pct"]
                self.volatility_lookback = risk_config["volatility_lookback"]
                self.volume_lookback = risk_config["volume_lookback"]
                self.market_modifiers = risk_config["market_modifiers"]
    
                logging.info(f"\U0001f6e1\ufe0f UnifiedRiskManager: ATR period={self.atr_period}, method={self.atr_method}")
    
            except Exception as e:
                logging.error(f"Failed to load config, using defaults: {e}")
                # Fallback \u043a \u0434\u0435\u0444\u043e\u043b\u0442\u043d\u044b\u043c \u0437\u043d\u0430\u0447\u0435\u043d\u0438\u044f\u043c
                self._load_defaults()
    
            # \u041c\u0443\u043b\u044c\u0442\u0438\u043f\u043b\u0438\u043a\u0430\u0442\u043e\u0440\u044b \u0440\u0438\u0441\u043a\u0430 \u043f\u043e \u0440\u044b\u043d\u043e\u0447\u043d\u044b\u043c \u0443\u0441\u043b\u043e\u0432\u0438\u044f\u043c
            self.risk_multipliers = {
                "STRONG_BULL": {"stop": 0.8, "volatility": 0.9},
                "WEAK_BULL": {"stop": 1.0, "volatility": 1.0},
                "SIDEWAYS": {"stop": 1.3, "volatility": 1.2},
                "WEAK_BEAR": {"stop": 1.1, "volatility": 1.1},
                "STRONG_BEAR": {"stop": 0.9, "volatility": 1.0}
            }
    
            # \u0413\u0440\u0430\u043d\u0438\u0446\u044b \u0440\u0438\u0441\u043a\u0430 \u0434\u043b\u044f \u043a\u043b\u0430\u0441\u0441\u0438\u0444\u0438\u043a\u0430\u0446\u0438\u0438
            self.risk_thresholds = {
                RiskLevel.LOW: {"vol": 0.02, "atr": 0.015},
                RiskLevel.MEDIUM: {"vol": 0.04, "atr": 0.03},
                RiskLevel.HIGH: {"vol": 0.06, "atr": 0.045},
                RiskLevel.EXTREME: {"vol": float("inf"), "atr": float("inf")}
            }
    
            # \u0421\u0442\u0430\u0442\u0438\u0441\u0442\u0438\u043a\u0430 \u0434\u043b\u044f \u043e\u0442\u043b\u0430\u0434\u043a\u0438
            self._stats = {
                "total_calculations": 0,
                "unified_atr_calls": 0,
                "fallback_calls": 0,
                "comparison_warnings": 0
            }
    
        def _load_defaults(self):
            """\u0417\u0430\u0433\u0440\u0443\u0437\u043a\u0430 \u0434\u0435\u0444\u043e\u043b\u0442\u043d\u044b\u0445 \u0437\u043d\u0430\u0447\u0435\u043d\u0438\u0439 \u043f\u0440\u0438 \u043e\u0448\u0438\u0431\u043a\u0435 \u043a\u043e\u043d\u0444\u0438\u0433\u0443\u0440\u0430\u0446\u0438\u0438"""
            self.atr_period = int(os.getenv("ATR_PERIOD", 14))
            self.atr_method = os.getenv("RISK_ATR_METHOD", "ewm").lower()
            self.atr_compare_enabled = os.getenv("RISK_ATR_COMPARE", "1") == "1"
            self.min_stop_pct = float(os.getenv("MIN_STOP_PCT", 0.005))
            self.max_stop_pct = float(os.getenv("MAX_STOP_PCT", 0.05))
            self.volatility_lookback = int(os.getenv("VOLATILITY_LOOKBACK", 20))
            self.volume_lookback = int(os.getenv("VOLUME_LOOKBACK", 20))
            self.market_modifiers = {
                "bull": float(os.getenv("BULL_MARKET_MODIFIER", -0.20)),
                "bear": float(os.getenv("BEAR_MARKET_MODIFIER", 0.40)),
                "overheated": float(os.getenv("OVERHEATED_MODIFIER", 0.30))
            }
    
        # =========================================================================
        # \u2705 UNIFIED ATR INTEGRATION
        # =========================================================================
    
        def get_unified_atr(self, df: pd.DataFrame, period: Optional[int] = None) -> float:
            """
            \u2705 \u0413\u041b\u0410\u0412\u041d\u0410\u042f \u0424\u0423\u041d\u041a\u0426\u0418\u042f: \u041f\u043e\u043b\u0443\u0447\u0435\u043d\u0438\u0435 ATR \u0447\u0435\u0440\u0435\u0437 unified \u0441\u0438\u0441\u0442\u0435\u043c\u0443
    
            Args:
                df: DataFrame \u0441 OHLCV \u0434\u0430\u043d\u043d\u044b\u043c\u0438
                period: \u041f\u0435\u0440\u0438\u043e\u0434 ATR (\u0435\u0441\u043b\u0438 None - \u0438\u0441\u043f\u043e\u043b\u044c\u0437\u0443\u0435\u0442 self.atr_period)
    
            Returns:
                float: ATR \u0437\u043d\u0430\u0447\u0435\u043d\u0438\u0435
            """
            try:
                from analysis.technical_indicators import _atr_for_risk_manager
    
                # \u0418\u0441\u043f\u043e\u043b\u044c\u0437\u0443\u0435\u043c \u043f\u0435\u0440\u0438\u043e\u0434 \u0438\u0437 \u043a\u043e\u043d\u0444\u0438\u0433\u0443\u0440\u0430\u0446\u0438\u0438 \u0435\u0441\u043b\u0438 \u043d\u0435 \u0437\u0430\u0434\u0430\u043d
                atr_period = period if period is not None else self.atr_period
    
                # \u2705 UNIFIED ATR CALL
                unified_atr = _atr_for_risk_manager(df, atr_period)
                self._stats["unified_atr_calls"] += 1
    
                # \u2705 \u041e\u041f\u0426\u0418\u041e\u041d\u0410\u041b\u042c\u041d\u041e\u0415 \u0421\u0420\u0410\u0412\u041d\u0415\u041d\u0418\u0415 \u0421 LEGACY (\u0434\u043b\u044f \u043e\u0442\u043b\u0430\u0434\u043a\u0438)
                if self.atr_compare_enabled:
                    self._compare_with_legacy_atr(df, unified_atr, atr_period)
    
                logging.debug(f"\U0001f6e1\ufe0f Risk Manager ATR (UNIFIED): {unified_atr:.6f} | period={atr_period} | method={self.atr_method}")
                return unified_atr
    
            except Exception as e:
                logging.error(f"\U0001f6e1\ufe0f Unified ATR failed in risk manager: {e}")
                self._stats["fallback_calls"] += 1
                return self._fallback_atr(df, period or self.atr_period)
    
        def _compare_with_legacy_atr(self, df: pd.DataFrame, unified_atr: float, period: int):
            """\u0421\u0440\u0430\u0432\u043d\u0435\u043d\u0438\u0435 unified ATR \u0441 legacy \u043c\u0435\u0442\u043e\u0434\u043e\u043c \u0434\u043b\u044f \u043e\u0442\u043b\u0430\u0434\u043a\u0438"""
            try:
                # Legacy ATR \u0440\u0430\u0441\u0447\u0435\u0442
                if df is None or df.empty or len(df) < period:
                    return
    
                high = df["high"].astype("float64")
                low = df["low"].astype("float64")
                close = df["close"].astype("float64")
    
                prev_close = close.shift(1)
                tr1 = (high - low).abs()
                tr2 = (high - prev_close).abs()
                tr3 = (low - prev_close).abs()
                tr = pd.concat([tr1, tr2, tr3], axis=1).max(axis=1)
    
                if self.atr_method == "sma":
                    legacy_atr = tr.rolling(window=period, min_periods=1).mean().iloc[-1]
                else:
                    legacy_atr = tr.ewm(alpha=1/period, adjust=False, min_periods=1).mean().iloc[-1]
    
                # \u0421\u0440\u0430\u0432\u043d\u0435\u043d\u0438\u0435
                difference = abs(unified_atr - legacy_atr)
                difference_pct = (difference / max(unified_atr, legacy_atr)) * 100
    
                if difference_pct > 1.0:  # \u0411\u043e\u043b\u044c\u0448\u0435 1% \u0440\u0430\u0441\u0445\u043e\u0436\u0434\u0435\u043d\u0438\u044f
                    self._stats["comparison_warnings"] += 1
                    logging.warning(f"\U0001f6e1\ufe0f ATR COMPARISON: unified={unified_atr:.6f}, legacy={legacy_atr:.6f}, diff={difference_pct:.2f}%")
                else:
                    logging.debug(f"\U0001f6e1\ufe0f ATR COMPARISON OK: diff={difference_pct:.2f}%")
    
            except Exception as e:
                logging.debug(f"ATR comparison failed: {e}")
    
        def _fallback_atr(self, df: pd.DataFrame, period: int) -> float:
            """\u041a\u0440\u0438\u0442\u0438\u0447\u0435\u0441\u043a\u0438\u0439 fallback \u0434\u043b\u044f ATR \u0440\u0430\u0441\u0447\u0435\u0442\u0430"""
            try:
                if df is None or df.empty:
                    return 100.0  # \u042d\u043a\u0441\u0442\u0440\u0435\u043c\u0430\u043b\u044c\u043d\u044b\u0439 fallback
    
                # \u041f\u0440\u043e\u0441\u0442\u0435\u0439\u0448\u0438\u0439 ATR \u0440\u0430\u0441\u0447\u0435\u0442
                price_range = (df["high"] - df["low"]).mean()
                return float(price_range) if pd.notna(price_range) and price_range > 0 else 100.0
    
            except Exception:
                return 100.0
    
        # =========================================================================
        # RISK METRICS CALCULATION
        # =========================================================================
    
        def calculate_risk_metrics(self, df: pd.DataFrame, market_condition: str = "SIDEWAYS") -> RiskMetrics:
            """\u2705 \u041e\u0411\u041d\u041e\u0412\u041b\u0415\u041d\u041e: \u0420\u0430\u0441\u0447\u0435\u0442 \u043c\u0435\u0442\u0440\u0438\u043a \u0440\u0438\u0441\u043a\u0430 \u0441 unified ATR"""
            if df is None or df.empty or len(df) < self.volatility_lookback:
                return self._default_risk_metrics()
    
            try:
                self._stats["total_calculations"] += 1
    
                # \u0412\u043e\u043b\u0430\u0442\u0438\u043b\u044c\u043d\u043e\u0441\u0442\u044c \u0434\u043e\u0445\u043e\u0434\u043d\u043e\u0441\u0442\u0435\u0439
                returns = df["close"].pct_change().dropna()
                if len(returns) >= self.volatility_lookback:
                    volatility = returns.rolling(self.volatility_lookback).std().iloc[-1]
                else:
                    volatility = returns.std()
                volatility = float(volatility) if pd.notna(volatility) else 0.03
    
                # \u2705 UNIFIED ATR
                atr = self.get_unified_atr(df)
                atr_normalized = atr / df["close"].iloc[-1] if df["close"].iloc[-1] > 0 else 0.02
    
                # \u041e\u0431\u044a\u0435\u043c\u043d\u044b\u0439 \u0430\u043d\u0430\u043b\u0438\u0437
                if "volume" in df.columns and len(df) >= self.volume_lookback:
                    volume_ma = df["volume"].rolling(self.volume_lookback).mean()
                    current_volume = df["volume"].iloc[-1]
                    volume_ratio = current_volume / volume_ma.iloc[-1] if volume_ma.iloc[-1] > 0 else 1.0
                else:
                    volume_ratio = 1.0
    
                # \u0421\u0438\u043b\u0430 \u0442\u0440\u0435\u043d\u0434\u0430
                ema_20 = df["close"].ewm(span=20).mean()
                trend_strength = self._calculate_trend_strength(ema_20)
    
                # \u041e\u043f\u0440\u0435\u0434\u0435\u043b\u0435\u043d\u0438\u0435 \u0443\u0440\u043e\u0432\u043d\u044f \u0440\u0438\u0441\u043a\u0430
                risk_level = self._determine_risk_level(volatility, atr_normalized)
    
                metrics = RiskMetrics(
                    volatility=float(volatility),
                    atr_normalized=float(atr_normalized),
                    volume_ratio=float(volume_ratio),
                    trend_strength=float(trend_strength),
                    market_condition=market_condition,
                    risk_level=risk_level
                )
    
                logging.debug(f"\U0001f6e1\ufe0f Risk metrics: vol={volatility:.4f}, atr_norm={atr_normalized:.4f}, level={risk_level.value}")
                return metrics
    
            except Exception as e:
                logging.error(f"\U0001f6e1\ufe0f Risk metrics calculation failed: {e}")
                return self._default_risk_metrics()
    
        def calculate_dynamic_stop_loss(self, entry_price: float, df: pd.DataFrame,
                                      market_condition: str = "SIDEWAYS") -> Tuple[float, Dict[str, Any]]:
            """\u2705 \u041e\u0411\u041d\u041e\u0412\u041b\u0415\u041d\u041e: \u0414\u0438\u043d\u0430\u043c\u0438\u0447\u0435\u0441\u043a\u0438\u0439 \u0441\u0442\u043e\u043f-\u043b\u043e\u0441\u0441 \u0441 unified ATR"""
            try:
                risk_metrics = self.calculate_risk_metrics(df, market_condition)
    
                # \u2705 UNIFIED ATR \u0434\u043b\u044f \u0441\u0442\u043e\u043f-\u043b\u043e\u0441\u0441\u0430
                atr = self.get_unified_atr(df)
    
                # \u0411\u0430\u0437\u043e\u0432\u044b\u0439 ATR \u0441\u0442\u043e\u043f (1.5x ATR \u043d\u0438\u0436\u0435 \u0432\u0445\u043e\u0434\u0430)
                base_atr_stop = entry_price - (atr * 1.5)
    
                # \u041c\u0443\u043b\u044c\u0442\u0438\u043f\u043b\u0438\u043a\u0430\u0442\u043e\u0440\u044b \u043d\u0430 \u043e\u0441\u043d\u043e\u0432\u0435 \u0440\u044b\u043d\u043e\u0447\u043d\u044b\u0445 \u0443\u0441\u043b\u043e\u0432\u0438\u0439
                volatility_multiplier = 1 + (risk_metrics.volatility * 5)
                market_multiplier = self.risk_multipliers.get(market_condition, {"stop": 1.0})["stop"]
                volume_multiplier = 1 / (1 + max(0, risk_metrics.volume_ratio - 1) * 0.3)
    
                # \u041a\u043e\u043c\u0431\u0438\u043d\u0438\u0440\u043e\u0432\u0430\u043d\u043d\u044b\u0439 \u043c\u0443\u043b\u044c\u0442\u0438\u043f\u043b\u0438\u043a\u0430\u0442\u043e\u0440
                combined_multiplier = volatility_multiplier * market_multiplier * volume_multiplier
    
                # \u0414\u0438\u043d\u0430\u043c\u0438\u0447\u0435\u0441\u043a\u0438\u0439 \u0441\u0442\u043e\u043f
                dynamic_stop = entry_price - (atr * 1.5 * combined_multiplier)
    
                # \u041f\u0440\u0438\u043c\u0435\u043d\u0435\u043d\u0438\u0435 \u0433\u0440\u0430\u043d\u0438\u0446
                min_stop = entry_price * (1 - self.min_stop_pct)
                max_stop = entry_price * (1 - self.max_stop_pct)
                final_stop = max(min_stop, min(dynamic_stop, max_stop))
    
                # \u0414\u0435\u0442\u0430\u043b\u0438 \u0434\u043b\u044f \u043b\u043e\u0433\u0438\u0440\u043e\u0432\u0430\u043d\u0438\u044f
                details = {
                    "entry_price": entry_price,
                    "base_atr_stop": base_atr_stop,
                    "atr_value": atr,
                    "atr_method": self.atr_method,
                    "volatility": risk_metrics.volatility,
                    "volatility_multiplier": volatility_multiplier,
                    "market_condition": market_condition,
                    "market_multiplier": market_multiplier,
                    "volume_multiplier": volume_multiplier,
                    "combined_multiplier": combined_multiplier,
                    "dynamic_stop": dynamic_stop,
                    "risk_level": risk_metrics.risk_level.value,
                    "final_stop_pct": round((entry_price - final_stop) / entry_price * 100, 2),
                    "min_stop_boundary": min_stop,
                    "max_stop_boundary": max_stop
                }
    
                logging.info(f"\U0001f6e1\ufe0f Dynamic SL: {final_stop:.6f} ({details['final_stop_pct']:.2f}%) | "
                            f"Risk: {risk_metrics.risk_level.value} | Market: {market_condition}")
    
                return final_stop, details
    
            except Exception as e:
                logging.error(f"\U0001f6e1\ufe0f Dynamic stop loss calculation failed: {e}")
                # Fallback \u043a \u043f\u0440\u043e\u0441\u0442\u043e\u043c\u0443 \u043f\u0440\u043e\u0446\u0435\u043d\u0442\u043d\u043e\u043c\u0443 \u0441\u0442\u043e\u043f\u0443
                fallback_stop = entry_price * (1 - 0.02)  # 2%
                return fallback_stop, {
                    "error": str(e),
                    "fallback_stop": fallback_stop,
                    "fallback_pct": 2.0
                }
    
        # =========================================================================
        # UTILITY METHODS
        # =========================================================================
    
        def _calculate_trend_strength(self, ema_series: pd.Series) -> float:
            """\u0420\u0430\u0441\u0447\u0435\u0442 \u0441\u0438\u043b\u044b \u0442\u0440\u0435\u043d\u0434\u0430 \u0447\u0435\u0440\u0435\u0437 \u0440\u0435\u0433\u0440\u0435\u0441\u0441\u0438\u044e"""
            if len(ema_series) < 5:
                return 0.0
    
            try:
                x = np.arange(5)
                y = ema_series.iloc[-5:].values
                if len(y) < 5 or not np.all(np.isfinite(y)):
                    return 0.0
                slope = np.polyfit(x, y, 1)[0]
                return float(np.clip((slope / y[-1]) * 1000, -1, 1))
            except Exception:
                return 0.0
    
        def _determine_risk_level(self, volatility: float, atr_normalized: float) -> RiskLevel:
            """\u041e\u043f\u0440\u0435\u0434\u0435\u043b\u0435\u043d\u0438\u0435 \u0443\u0440\u043e\u0432\u043d\u044f \u0440\u0438\u0441\u043a\u0430 \u043f\u043e \u043c\u0435\u0442\u0440\u0438\u043a\u0430\u043c"""
            for level, thresholds in self.risk_thresholds.items():
                if volatility <= thresholds["vol"] and atr_normalized <= thresholds["atr"]:
                    return level
            return RiskLevel.EXTREME
    
        def _default_risk_metrics(self) -> RiskMetrics:
            """\u0414\u0435\u0444\u043e\u043b\u0442\u043d\u044b\u0435 \u043c\u0435\u0442\u0440\u0438\u043a\u0438 \u043f\u0440\u0438 \u043e\u0448\u0438\u0431\u043a\u0430\u0445"""
            return RiskMetrics(
                volatility=0.03,
                atr_normalized=0.02,
                volume_ratio=1.0,
                trend_strength=0.0,
                market_condition="SIDEWAYS",
                risk_level=RiskLevel.MEDIUM
            )
    
        # =========================================================================
        # DIAGNOSTICS & MONITORING
        # =========================================================================
    
        def get_atr_diagnostics(self) -> Dict[str, Any]:
            """\u2705 \u041d\u041e\u0412\u041e\u0415: \u0414\u0438\u0430\u0433\u043d\u043e\u0441\u0442\u0438\u043a\u0430 unified ATR \u0441\u0438\u0441\u0442\u0435\u043c\u044b"""
            return {
                "config": {
                    "atr_period": self.atr_period,
                    "atr_method": self.atr_method,
                    "compare_enabled": self.atr_compare_enabled,
                    "min_stop_pct": self.min_stop_pct,
                    "max_stop_pct": self.max_stop_pct
                },
                "stats": dict(self._stats),
                "thresholds": {level.value: thresholds for level, thresholds in self.risk_thresholds.items()},
                "market_modifiers": self.risk_multipliers
            }
    
        def reset_stats(self):
            """\u0421\u0431\u0440\u043e\u0441 \u0441\u0442\u0430\u0442\u0438\u0441\u0442\u0438\u043a\u0438"""
            self._stats = {
                "total_calculations": 0,
                "unified_atr_calls": 0,
                "fallback_calls": 0,
                "comparison_warnings": 0
            }
            logging.info("\U0001f6e1\ufe0f Risk manager stats reset")
    
        def set_atr_method(self, method: str):
            """\u0418\u0437\u043c\u0435\u043d\u0435\u043d\u0438\u0435 \u043c\u0435\u0442\u043e\u0434\u0430 ATR \u0440\u0430\u0441\u0447\u0435\u0442\u0430"""
            if method.lower() in ["ewm", "sma"]:
                self.atr_method = method.lower()
                logging.info(f"\U0001f6e1\ufe0f ATR method changed to: {self.atr_method}")
            else:
                logging.error(f"\U0001f6e1\ufe0f Invalid ATR method: {method}")
    
        def enable_atr_comparison(self, enabled: bool):
            """\u0412\u043a\u043b\u044e\u0447\u0435\u043d\u0438\u0435/\u043e\u0442\u043a\u043b\u044e\u0447\u0435\u043d\u0438\u0435 \u0441\u0440\u0430\u0432\u043d\u0435\u043d\u0438\u044f ATR"""
            self.atr_compare_enabled = enabled
            logging.info(f"\U0001f6e1\ufe0f ATR comparison {'enabled' if enabled else 'disabled'}")
    
>       def validate_configuration(self) -> List[str]:
                                            ^^^^
E       NameError: name 'List' is not defined

trading\risk_manager.py:386: NameError
___________ TestRiskManagerEdgeCases.test_negative_values_handling ____________

self = <test_risk_manager.TestRiskManagerEdgeCases object at 0x000001D9820C8510>

    def test_negative_values_handling(self):
        """\u0422\u0435\u0441\u0442 \u043e\u0431\u0440\u0430\u0431\u043e\u0442\u043a\u0438 \u043e\u0442\u0440\u0438\u0446\u0430\u0442\u0435\u043b\u044c\u043d\u044b\u0445 \u0437\u043d\u0430\u0447\u0435\u043d\u0438\u0439"""
>       from trading.risk_manager import UnifiedRiskManager

tests\test_risk_manager.py:293: 
_ _ _ _ _ _ _ _ _ _ _ _ _ _ _ _ _ _ _ _ _ _ _ _ _ _ _ _ _ _ _ _ _ _ _ _ _ _ _ _
trading\risk_manager.py:26: in <module>
    class UnifiedRiskManager:
_ _ _ _ _ _ _ _ _ _ _ _ _ _ _ _ _ _ _ _ _ _ _ _ _ _ _ _ _ _ _ _ _ _ _ _ _ _ _ _

    class UnifiedRiskManager:
        """
        \u2705 \u041f\u041e\u041b\u041d\u041e\u0421\u0422\u042c\u042e \u041f\u0415\u0420\u0415\u041f\u0418\u0421\u0410\u041d\u041d\u042b\u0419: Unified Risk Manager \u0441 \u0438\u043d\u0442\u0435\u0433\u0440\u0430\u0446\u0438\u0435\u0439 ATR \u0441\u0438\u0441\u0442\u0435\u043c\u044b
    
        \u041e\u0441\u043e\u0431\u0435\u043d\u043d\u043e\u0441\u0442\u0438:
        - \u0418\u0441\u043f\u043e\u043b\u044c\u0437\u0443\u0435\u0442 \u0422\u041e\u041b\u042c\u041a\u041e unified ATR \u0444\u0443\u043d\u043a\u0446\u0438\u0438
        - \u041f\u043e\u0434\u0434\u0435\u0440\u0436\u043a\u0430 config/settings.py \u043f\u0430\u0440\u0430\u043c\u0435\u0442\u0440\u043e\u0432
        - \u0421\u0440\u0430\u0432\u043d\u0435\u043d\u0438\u0435 old vs new ATR \u0434\u043b\u044f \u043e\u0442\u043b\u0430\u0434\u043a\u0438
        - \u0410\u0434\u0430\u043f\u0442\u0438\u0432\u043d\u044b\u0435 \u0441\u0442\u043e\u043f-\u043b\u043e\u0441\u0441\u044b \u0441 \u0440\u044b\u043d\u043e\u0447\u043d\u044b\u043c\u0438 \u043c\u043e\u0434\u0438\u0444\u0438\u043a\u0430\u0442\u043e\u0440\u0430\u043c\u0438
        - \u0426\u0435\u043d\u0442\u0440\u0430\u043b\u0438\u0437\u043e\u0432\u0430\u043d\u043d\u043e\u0435 \u043b\u043e\u0433\u0438\u0440\u043e\u0432\u0430\u043d\u0438\u0435 \u0441 unified \u0441\u0442\u0438\u043b\u0435\u043c
        """
    
        def __init__(self):
            # \u2705 \u041f\u041e\u041b\u0423\u0427\u0410\u0415\u041c \u041a\u041e\u041d\u0424\u0418\u0413\u0423\u0420\u0410\u0426\u0418\u042e \u0418\u0417 SETTINGS
            try:
                from config.settings import TradingConfig
                self.config = TradingConfig()
    
                # ATR \u043a\u043e\u043d\u0444\u0438\u0433\u0443\u0440\u0430\u0446\u0438\u044f
                atr_config = self.config.get_atr_config()
                self.atr_period = atr_config["period"]
                self.atr_method = atr_config["risk_method"]
                self.atr_compare_enabled = atr_config["compare_enabled"]
    
                # \u0420\u0438\u0441\u043a \u043a\u043e\u043d\u0444\u0438\u0433\u0443\u0440\u0430\u0446\u0438\u044f
                risk_config = self.config.get_risk_config()
                self.min_stop_pct = risk_config["min_stop_pct"]
                self.max_stop_pct = risk_config["max_stop_pct"]
                self.volatility_lookback = risk_config["volatility_lookback"]
                self.volume_lookback = risk_config["volume_lookback"]
                self.market_modifiers = risk_config["market_modifiers"]
    
                logging.info(f"\U0001f6e1\ufe0f UnifiedRiskManager: ATR period={self.atr_period}, method={self.atr_method}")
    
            except Exception as e:
                logging.error(f"Failed to load config, using defaults: {e}")
                # Fallback \u043a \u0434\u0435\u0444\u043e\u043b\u0442\u043d\u044b\u043c \u0437\u043d\u0430\u0447\u0435\u043d\u0438\u044f\u043c
                self._load_defaults()
    
            # \u041c\u0443\u043b\u044c\u0442\u0438\u043f\u043b\u0438\u043a\u0430\u0442\u043e\u0440\u044b \u0440\u0438\u0441\u043a\u0430 \u043f\u043e \u0440\u044b\u043d\u043e\u0447\u043d\u044b\u043c \u0443\u0441\u043b\u043e\u0432\u0438\u044f\u043c
            self.risk_multipliers = {
                "STRONG_BULL": {"stop": 0.8, "volatility": 0.9},
                "WEAK_BULL": {"stop": 1.0, "volatility": 1.0},
                "SIDEWAYS": {"stop": 1.3, "volatility": 1.2},
                "WEAK_BEAR": {"stop": 1.1, "volatility": 1.1},
                "STRONG_BEAR": {"stop": 0.9, "volatility": 1.0}
            }
    
            # \u0413\u0440\u0430\u043d\u0438\u0446\u044b \u0440\u0438\u0441\u043a\u0430 \u0434\u043b\u044f \u043a\u043b\u0430\u0441\u0441\u0438\u0444\u0438\u043a\u0430\u0446\u0438\u0438
            self.risk_thresholds = {
                RiskLevel.LOW: {"vol": 0.02, "atr": 0.015},
                RiskLevel.MEDIUM: {"vol": 0.04, "atr": 0.03},
                RiskLevel.HIGH: {"vol": 0.06, "atr": 0.045},
                RiskLevel.EXTREME: {"vol": float("inf"), "atr": float("inf")}
            }
    
            # \u0421\u0442\u0430\u0442\u0438\u0441\u0442\u0438\u043a\u0430 \u0434\u043b\u044f \u043e\u0442\u043b\u0430\u0434\u043a\u0438
            self._stats = {
                "total_calculations": 0,
                "unified_atr_calls": 0,
                "fallback_calls": 0,
                "comparison_warnings": 0
            }
    
        def _load_defaults(self):
            """\u0417\u0430\u0433\u0440\u0443\u0437\u043a\u0430 \u0434\u0435\u0444\u043e\u043b\u0442\u043d\u044b\u0445 \u0437\u043d\u0430\u0447\u0435\u043d\u0438\u0439 \u043f\u0440\u0438 \u043e\u0448\u0438\u0431\u043a\u0435 \u043a\u043e\u043d\u0444\u0438\u0433\u0443\u0440\u0430\u0446\u0438\u0438"""
            self.atr_period = int(os.getenv("ATR_PERIOD", 14))
            self.atr_method = os.getenv("RISK_ATR_METHOD", "ewm").lower()
            self.atr_compare_enabled = os.getenv("RISK_ATR_COMPARE", "1") == "1"
            self.min_stop_pct = float(os.getenv("MIN_STOP_PCT", 0.005))
            self.max_stop_pct = float(os.getenv("MAX_STOP_PCT", 0.05))
            self.volatility_lookback = int(os.getenv("VOLATILITY_LOOKBACK", 20))
            self.volume_lookback = int(os.getenv("VOLUME_LOOKBACK", 20))
            self.market_modifiers = {
                "bull": float(os.getenv("BULL_MARKET_MODIFIER", -0.20)),
                "bear": float(os.getenv("BEAR_MARKET_MODIFIER", 0.40)),
                "overheated": float(os.getenv("OVERHEATED_MODIFIER", 0.30))
            }
    
        # =========================================================================
        # \u2705 UNIFIED ATR INTEGRATION
        # =========================================================================
    
        def get_unified_atr(self, df: pd.DataFrame, period: Optional[int] = None) -> float:
            """
            \u2705 \u0413\u041b\u0410\u0412\u041d\u0410\u042f \u0424\u0423\u041d\u041a\u0426\u0418\u042f: \u041f\u043e\u043b\u0443\u0447\u0435\u043d\u0438\u0435 ATR \u0447\u0435\u0440\u0435\u0437 unified \u0441\u0438\u0441\u0442\u0435\u043c\u0443
    
            Args:
                df: DataFrame \u0441 OHLCV \u0434\u0430\u043d\u043d\u044b\u043c\u0438
                period: \u041f\u0435\u0440\u0438\u043e\u0434 ATR (\u0435\u0441\u043b\u0438 None - \u0438\u0441\u043f\u043e\u043b\u044c\u0437\u0443\u0435\u0442 self.atr_period)
    
            Returns:
                float: ATR \u0437\u043d\u0430\u0447\u0435\u043d\u0438\u0435
            """
            try:
                from analysis.technical_indicators import _atr_for_risk_manager
    
                # \u0418\u0441\u043f\u043e\u043b\u044c\u0437\u0443\u0435\u043c \u043f\u0435\u0440\u0438\u043e\u0434 \u0438\u0437 \u043a\u043e\u043d\u0444\u0438\u0433\u0443\u0440\u0430\u0446\u0438\u0438 \u0435\u0441\u043b\u0438 \u043d\u0435 \u0437\u0430\u0434\u0430\u043d
                atr_period = period if period is not None else self.atr_period
    
                # \u2705 UNIFIED ATR CALL
                unified_atr = _atr_for_risk_manager(df, atr_period)
                self._stats["unified_atr_calls"] += 1
    
                # \u2705 \u041e\u041f\u0426\u0418\u041e\u041d\u0410\u041b\u042c\u041d\u041e\u0415 \u0421\u0420\u0410\u0412\u041d\u0415\u041d\u0418\u0415 \u0421 LEGACY (\u0434\u043b\u044f \u043e\u0442\u043b\u0430\u0434\u043a\u0438)
                if self.atr_compare_enabled:
                    self._compare_with_legacy_atr(df, unified_atr, atr_period)
    
                logging.debug(f"\U0001f6e1\ufe0f Risk Manager ATR (UNIFIED): {unified_atr:.6f} | period={atr_period} | method={self.atr_method}")
                return unified_atr
    
            except Exception as e:
                logging.error(f"\U0001f6e1\ufe0f Unified ATR failed in risk manager: {e}")
                self._stats["fallback_calls"] += 1
                return self._fallback_atr(df, period or self.atr_period)
    
        def _compare_with_legacy_atr(self, df: pd.DataFrame, unified_atr: float, period: int):
            """\u0421\u0440\u0430\u0432\u043d\u0435\u043d\u0438\u0435 unified ATR \u0441 legacy \u043c\u0435\u0442\u043e\u0434\u043e\u043c \u0434\u043b\u044f \u043e\u0442\u043b\u0430\u0434\u043a\u0438"""
            try:
                # Legacy ATR \u0440\u0430\u0441\u0447\u0435\u0442
                if df is None or df.empty or len(df) < period:
                    return
    
                high = df["high"].astype("float64")
                low = df["low"].astype("float64")
                close = df["close"].astype("float64")
    
                prev_close = close.shift(1)
                tr1 = (high - low).abs()
                tr2 = (high - prev_close).abs()
                tr3 = (low - prev_close).abs()
                tr = pd.concat([tr1, tr2, tr3], axis=1).max(axis=1)
    
                if self.atr_method == "sma":
                    legacy_atr = tr.rolling(window=period, min_periods=1).mean().iloc[-1]
                else:
                    legacy_atr = tr.ewm(alpha=1/period, adjust=False, min_periods=1).mean().iloc[-1]
    
                # \u0421\u0440\u0430\u0432\u043d\u0435\u043d\u0438\u0435
                difference = abs(unified_atr - legacy_atr)
                difference_pct = (difference / max(unified_atr, legacy_atr)) * 100
    
                if difference_pct > 1.0:  # \u0411\u043e\u043b\u044c\u0448\u0435 1% \u0440\u0430\u0441\u0445\u043e\u0436\u0434\u0435\u043d\u0438\u044f
                    self._stats["comparison_warnings"] += 1
                    logging.warning(f"\U0001f6e1\ufe0f ATR COMPARISON: unified={unified_atr:.6f}, legacy={legacy_atr:.6f}, diff={difference_pct:.2f}%")
                else:
                    logging.debug(f"\U0001f6e1\ufe0f ATR COMPARISON OK: diff={difference_pct:.2f}%")
    
            except Exception as e:
                logging.debug(f"ATR comparison failed: {e}")
    
        def _fallback_atr(self, df: pd.DataFrame, period: int) -> float:
            """\u041a\u0440\u0438\u0442\u0438\u0447\u0435\u0441\u043a\u0438\u0439 fallback \u0434\u043b\u044f ATR \u0440\u0430\u0441\u0447\u0435\u0442\u0430"""
            try:
                if df is None or df.empty:
                    return 100.0  # \u042d\u043a\u0441\u0442\u0440\u0435\u043c\u0430\u043b\u044c\u043d\u044b\u0439 fallback
    
                # \u041f\u0440\u043e\u0441\u0442\u0435\u0439\u0448\u0438\u0439 ATR \u0440\u0430\u0441\u0447\u0435\u0442
                price_range = (df["high"] - df["low"]).mean()
                return float(price_range) if pd.notna(price_range) and price_range > 0 else 100.0
    
            except Exception:
                return 100.0
    
        # =========================================================================
        # RISK METRICS CALCULATION
        # =========================================================================
    
        def calculate_risk_metrics(self, df: pd.DataFrame, market_condition: str = "SIDEWAYS") -> RiskMetrics:
            """\u2705 \u041e\u0411\u041d\u041e\u0412\u041b\u0415\u041d\u041e: \u0420\u0430\u0441\u0447\u0435\u0442 \u043c\u0435\u0442\u0440\u0438\u043a \u0440\u0438\u0441\u043a\u0430 \u0441 unified ATR"""
            if df is None or df.empty or len(df) < self.volatility_lookback:
                return self._default_risk_metrics()
    
            try:
                self._stats["total_calculations"] += 1
    
                # \u0412\u043e\u043b\u0430\u0442\u0438\u043b\u044c\u043d\u043e\u0441\u0442\u044c \u0434\u043e\u0445\u043e\u0434\u043d\u043e\u0441\u0442\u0435\u0439
                returns = df["close"].pct_change().dropna()
                if len(returns) >= self.volatility_lookback:
                    volatility = returns.rolling(self.volatility_lookback).std().iloc[-1]
                else:
                    volatility = returns.std()
                volatility = float(volatility) if pd.notna(volatility) else 0.03
    
                # \u2705 UNIFIED ATR
                atr = self.get_unified_atr(df)
                atr_normalized = atr / df["close"].iloc[-1] if df["close"].iloc[-1] > 0 else 0.02
    
                # \u041e\u0431\u044a\u0435\u043c\u043d\u044b\u0439 \u0430\u043d\u0430\u043b\u0438\u0437
                if "volume" in df.columns and len(df) >= self.volume_lookback:
                    volume_ma = df["volume"].rolling(self.volume_lookback).mean()
                    current_volume = df["volume"].iloc[-1]
                    volume_ratio = current_volume / volume_ma.iloc[-1] if volume_ma.iloc[-1] > 0 else 1.0
                else:
                    volume_ratio = 1.0
    
                # \u0421\u0438\u043b\u0430 \u0442\u0440\u0435\u043d\u0434\u0430
                ema_20 = df["close"].ewm(span=20).mean()
                trend_strength = self._calculate_trend_strength(ema_20)
    
                # \u041e\u043f\u0440\u0435\u0434\u0435\u043b\u0435\u043d\u0438\u0435 \u0443\u0440\u043e\u0432\u043d\u044f \u0440\u0438\u0441\u043a\u0430
                risk_level = self._determine_risk_level(volatility, atr_normalized)
    
                metrics = RiskMetrics(
                    volatility=float(volatility),
                    atr_normalized=float(atr_normalized),
                    volume_ratio=float(volume_ratio),
                    trend_strength=float(trend_strength),
                    market_condition=market_condition,
                    risk_level=risk_level
                )
    
                logging.debug(f"\U0001f6e1\ufe0f Risk metrics: vol={volatility:.4f}, atr_norm={atr_normalized:.4f}, level={risk_level.value}")
                return metrics
    
            except Exception as e:
                logging.error(f"\U0001f6e1\ufe0f Risk metrics calculation failed: {e}")
                return self._default_risk_metrics()
    
        def calculate_dynamic_stop_loss(self, entry_price: float, df: pd.DataFrame,
                                      market_condition: str = "SIDEWAYS") -> Tuple[float, Dict[str, Any]]:
            """\u2705 \u041e\u0411\u041d\u041e\u0412\u041b\u0415\u041d\u041e: \u0414\u0438\u043d\u0430\u043c\u0438\u0447\u0435\u0441\u043a\u0438\u0439 \u0441\u0442\u043e\u043f-\u043b\u043e\u0441\u0441 \u0441 unified ATR"""
            try:
                risk_metrics = self.calculate_risk_metrics(df, market_condition)
    
                # \u2705 UNIFIED ATR \u0434\u043b\u044f \u0441\u0442\u043e\u043f-\u043b\u043e\u0441\u0441\u0430
                atr = self.get_unified_atr(df)
    
                # \u0411\u0430\u0437\u043e\u0432\u044b\u0439 ATR \u0441\u0442\u043e\u043f (1.5x ATR \u043d\u0438\u0436\u0435 \u0432\u0445\u043e\u0434\u0430)
                base_atr_stop = entry_price - (atr * 1.5)
    
                # \u041c\u0443\u043b\u044c\u0442\u0438\u043f\u043b\u0438\u043a\u0430\u0442\u043e\u0440\u044b \u043d\u0430 \u043e\u0441\u043d\u043e\u0432\u0435 \u0440\u044b\u043d\u043e\u0447\u043d\u044b\u0445 \u0443\u0441\u043b\u043e\u0432\u0438\u0439
                volatility_multiplier = 1 + (risk_metrics.volatility * 5)
                market_multiplier = self.risk_multipliers.get(market_condition, {"stop": 1.0})["stop"]
                volume_multiplier = 1 / (1 + max(0, risk_metrics.volume_ratio - 1) * 0.3)
    
                # \u041a\u043e\u043c\u0431\u0438\u043d\u0438\u0440\u043e\u0432\u0430\u043d\u043d\u044b\u0439 \u043c\u0443\u043b\u044c\u0442\u0438\u043f\u043b\u0438\u043a\u0430\u0442\u043e\u0440
                combined_multiplier = volatility_multiplier * market_multiplier * volume_multiplier
    
                # \u0414\u0438\u043d\u0430\u043c\u0438\u0447\u0435\u0441\u043a\u0438\u0439 \u0441\u0442\u043e\u043f
                dynamic_stop = entry_price - (atr * 1.5 * combined_multiplier)
    
                # \u041f\u0440\u0438\u043c\u0435\u043d\u0435\u043d\u0438\u0435 \u0433\u0440\u0430\u043d\u0438\u0446
                min_stop = entry_price * (1 - self.min_stop_pct)
                max_stop = entry_price * (1 - self.max_stop_pct)
                final_stop = max(min_stop, min(dynamic_stop, max_stop))
    
                # \u0414\u0435\u0442\u0430\u043b\u0438 \u0434\u043b\u044f \u043b\u043e\u0433\u0438\u0440\u043e\u0432\u0430\u043d\u0438\u044f
                details = {
                    "entry_price": entry_price,
                    "base_atr_stop": base_atr_stop,
                    "atr_value": atr,
                    "atr_method": self.atr_method,
                    "volatility": risk_metrics.volatility,
                    "volatility_multiplier": volatility_multiplier,
                    "market_condition": market_condition,
                    "market_multiplier": market_multiplier,
                    "volume_multiplier": volume_multiplier,
                    "combined_multiplier": combined_multiplier,
                    "dynamic_stop": dynamic_stop,
                    "risk_level": risk_metrics.risk_level.value,
                    "final_stop_pct": round((entry_price - final_stop) / entry_price * 100, 2),
                    "min_stop_boundary": min_stop,
                    "max_stop_boundary": max_stop
                }
    
                logging.info(f"\U0001f6e1\ufe0f Dynamic SL: {final_stop:.6f} ({details['final_stop_pct']:.2f}%) | "
                            f"Risk: {risk_metrics.risk_level.value} | Market: {market_condition}")
    
                return final_stop, details
    
            except Exception as e:
                logging.error(f"\U0001f6e1\ufe0f Dynamic stop loss calculation failed: {e}")
                # Fallback \u043a \u043f\u0440\u043e\u0441\u0442\u043e\u043c\u0443 \u043f\u0440\u043e\u0446\u0435\u043d\u0442\u043d\u043e\u043c\u0443 \u0441\u0442\u043e\u043f\u0443
                fallback_stop = entry_price * (1 - 0.02)  # 2%
                return fallback_stop, {
                    "error": str(e),
                    "fallback_stop": fallback_stop,
                    "fallback_pct": 2.0
                }
    
        # =========================================================================
        # UTILITY METHODS
        # =========================================================================
    
        def _calculate_trend_strength(self, ema_series: pd.Series) -> float:
            """\u0420\u0430\u0441\u0447\u0435\u0442 \u0441\u0438\u043b\u044b \u0442\u0440\u0435\u043d\u0434\u0430 \u0447\u0435\u0440\u0435\u0437 \u0440\u0435\u0433\u0440\u0435\u0441\u0441\u0438\u044e"""
            if len(ema_series) < 5:
                return 0.0
    
            try:
                x = np.arange(5)
                y = ema_series.iloc[-5:].values
                if len(y) < 5 or not np.all(np.isfinite(y)):
                    return 0.0
                slope = np.polyfit(x, y, 1)[0]
                return float(np.clip((slope / y[-1]) * 1000, -1, 1))
            except Exception:
                return 0.0
    
        def _determine_risk_level(self, volatility: float, atr_normalized: float) -> RiskLevel:
            """\u041e\u043f\u0440\u0435\u0434\u0435\u043b\u0435\u043d\u0438\u0435 \u0443\u0440\u043e\u0432\u043d\u044f \u0440\u0438\u0441\u043a\u0430 \u043f\u043e \u043c\u0435\u0442\u0440\u0438\u043a\u0430\u043c"""
            for level, thresholds in self.risk_thresholds.items():
                if volatility <= thresholds["vol"] and atr_normalized <= thresholds["atr"]:
                    return level
            return RiskLevel.EXTREME
    
        def _default_risk_metrics(self) -> RiskMetrics:
            """\u0414\u0435\u0444\u043e\u043b\u0442\u043d\u044b\u0435 \u043c\u0435\u0442\u0440\u0438\u043a\u0438 \u043f\u0440\u0438 \u043e\u0448\u0438\u0431\u043a\u0430\u0445"""
            return RiskMetrics(
                volatility=0.03,
                atr_normalized=0.02,
                volume_ratio=1.0,
                trend_strength=0.0,
                market_condition="SIDEWAYS",
                risk_level=RiskLevel.MEDIUM
            )
    
        # =========================================================================
        # DIAGNOSTICS & MONITORING
        # =========================================================================
    
        def get_atr_diagnostics(self) -> Dict[str, Any]:
            """\u2705 \u041d\u041e\u0412\u041e\u0415: \u0414\u0438\u0430\u0433\u043d\u043e\u0441\u0442\u0438\u043a\u0430 unified ATR \u0441\u0438\u0441\u0442\u0435\u043c\u044b"""
            return {
                "config": {
                    "atr_period": self.atr_period,
                    "atr_method": self.atr_method,
                    "compare_enabled": self.atr_compare_enabled,
                    "min_stop_pct": self.min_stop_pct,
                    "max_stop_pct": self.max_stop_pct
                },
                "stats": dict(self._stats),
                "thresholds": {level.value: thresholds for level, thresholds in self.risk_thresholds.items()},
                "market_modifiers": self.risk_multipliers
            }
    
        def reset_stats(self):
            """\u0421\u0431\u0440\u043e\u0441 \u0441\u0442\u0430\u0442\u0438\u0441\u0442\u0438\u043a\u0438"""
            self._stats = {
                "total_calculations": 0,
                "unified_atr_calls": 0,
                "fallback_calls": 0,
                "comparison_warnings": 0
            }
            logging.info("\U0001f6e1\ufe0f Risk manager stats reset")
    
        def set_atr_method(self, method: str):
            """\u0418\u0437\u043c\u0435\u043d\u0435\u043d\u0438\u0435 \u043c\u0435\u0442\u043e\u0434\u0430 ATR \u0440\u0430\u0441\u0447\u0435\u0442\u0430"""
            if method.lower() in ["ewm", "sma"]:
                self.atr_method = method.lower()
                logging.info(f"\U0001f6e1\ufe0f ATR method changed to: {self.atr_method}")
            else:
                logging.error(f"\U0001f6e1\ufe0f Invalid ATR method: {method}")
    
        def enable_atr_comparison(self, enabled: bool):
            """\u0412\u043a\u043b\u044e\u0447\u0435\u043d\u0438\u0435/\u043e\u0442\u043a\u043b\u044e\u0447\u0435\u043d\u0438\u0435 \u0441\u0440\u0430\u0432\u043d\u0435\u043d\u0438\u044f ATR"""
            self.atr_compare_enabled = enabled
            logging.info(f"\U0001f6e1\ufe0f ATR comparison {'enabled' if enabled else 'disabled'}")
    
>       def validate_configuration(self) -> List[str]:
                                            ^^^^
E       NameError: name 'List' is not defined

trading\risk_manager.py:386: NameError
_____________________ TestEdgeCases.test_constant_values ______________________

self = <test_technical_indicators.TestEdgeCases object at 0x000001D9820F2350>

    def test_constant_values(self):
        """\u0422\u0435\u0441\u0442 \u043a\u043e\u0433\u0434\u0430 \u0432\u0441\u0435 \u0437\u043d\u0430\u0447\u0435\u043d\u0438\u044f \u043e\u0434\u0438\u043d\u0430\u043a\u043e\u0432\u044b\u0435"""
        from analysis.technical_indicators import calculate_all_indicators
    
        constant_df = pd.DataFrame({
            'open': [100] * 50,
            'high': [100] * 50,
            'low': [100] * 50,
            'close': [100] * 50,
            'volume': [1000] * 50
        })
    
        result = calculate_all_indicators(constant_df)
    
        # RSI \u0434\u043e\u043b\u0436\u0435\u043d \u0431\u044b\u0442\u044c \u043e\u043a\u043e\u043b\u043e 50 (\u043d\u0435\u0442 \u0434\u0432\u0438\u0436\u0435\u043d\u0438\u044f)
        if 'rsi' in result.columns:
            rsi_values = result['rsi'].dropna()
            if len(rsi_values) > 0:
>               assert 40 < rsi_values.mean() < 60
E               assert 40 < np.float64(0.0)
E                +  where np.float64(0.0) = mean()
E                +    where mean = 1970-01-01 00:00:00.000000001+00:00    0.0\n1970-01-01 00:00:00.000000002+00:00    0.0\n1970-01-01 00:00:00.000000003+00:00    0.0\n1970-01-01 00:00:00.000000004+00:00    0.0\n1970-01-01 00:00:00.000000005+00:00    0.0\n1970-01-01 00:00:00.000000006+00:00    0.0\n1970-01-01 00:00:00.000000007+00:00    0.0\n1970-01-01 00:00:00.000000008+00:00    0.0\n1970-01-01 00:00:00.000000009+00:00    0.0\n1970-01-01 00:00:00.000000010+00:00    0.0\n1970-01-01 00:00:00.000000011+00:00    0.0\n1970-01-01 00:00:00.000000012+00:00    0.0\n1970-01-01 00:00:00.000000013+00:00    0.0\n1970-01-01 00:00:00.000000014+00:00    0.0\n1970-01-01 00:00:00.000000015+00:00    0.0\n1970-01-01 00:00:00.000000016+00:00    0.0\n1970-01-01 00:00:00.000000017+00:00    0.0\n1970-01-01 00:00:00.000000018+00:00    0.0\n1970-01-01 00:00:00.000000019+00:00    0.0\n1970-01-01 00:00:00.000000020+00:00    0.0\n1970-01-01 00:00:00.000000021+00:00    0.0\n1970-01-01 00:00:00.000000022+00:00    0.0\n1970-01-01 00:00:00.000000023+00:00    0.0\n1970-01-01 00:00:00.000000024+00:00    0.0\n1970-01-01 00:00:00.000000025+00:00    0.0\n1970-01-01 00:00:00.000000026+00:00    0.0\n1970-01-01 00:00:00.000000027+00:00    0.0\n1970-01-01 00:00:00.000000028+00:00    0.0\n1970-01-01 00:00:00.000000029+00:00    0.0\n1970-01-01 00:00:00.000000030+00:00    0.0\n1970-01-01 00:00:00.000000031+00:00    0.0\n1970-01-01 00:00:00.000000032+00:00    0.0\n1970-01-01 00:00:00.000000033+00:00    0.0\n1970-01-01 00:00:00.000000034+00:00    0.0\n1970-01-01 00:00:00.000000035+00:00    0.0\n1970-01-01 00:00:00.000000036+00:00    0.0\n1970-01-01 00:00:00.000000037+00:00    0.0\n1970-01-01 00:00:00.000000038+00:00    0.0\n1970-01-01 00:00:00.000000039+00:00    0.0\n1970-01-01 00:00:00.000000040+00:00    0.0\n1970-01-01 00:00:00.000000041+00:00    0.0\n1970-01-01 00:00:00.000000042+00:00    0.0\n1970-01-01 00:00:00.000000043+00:00    0.0\n1970-01-01 00:00:00.000000044+00:00    0.0\n1970-01-01 00:00:00.000000045+00:00    0.0\n1970-01-01 00:00:00.000000046+00:00    0.0\n1970-01-01 00:00:00.000000047+00:00    0.0\n1970-01-01 00:00:00.000000048+00:00    0.0\n1970-01-01 00:00:00.000000049+00:00    0.0\nName: rsi, dtype: float64.mean

tests\test_technical_indicators.py:371: AssertionError
============================== warnings summary ===============================
tests/test_market_analyzer.py::TestMultiTimeframeAnalyzer::test_with_nan_data
tests/test_market_analyzer.py::TestMultiTimeframeAnalyzer::test_with_nan_data
  C:\Users\Sabir ÌAHBAZ\Documents\GitHub\crypto-ai-bot\analysis\market_analyzer.py:84: FutureWarning: The default fill_method='pad' in Series.pct_change is deprecated and will be removed in a future version. Either fill in any non-leading NA values prior to calling pct_change or specify 'fill_method=None' to not fill NA values.
    ret = close.pct_change().dropna()

-- Docs: https://docs.pytest.org/en/stable/how-to/capture-warnings.html
=============================== tests coverage ================================
_______________ coverage: platform win32, python 3.13.6-final-0 _______________

Name                               Stmts   Miss  Cover   Missing
----------------------------------------------------------------
analysis\__init__.py                   0      0   100%
analysis\market_analyzer.py          131      8    94%   44-46, 168-170, 191, 207
analysis\scoring_engine.py            92     92     0%   1-201
analysis\technical_indicators.py     344    149    57%   22-25, 56-127, 137, 146-147, 157-173, 206-209, 219, 225-226, 231, 244-246, 251, 267-269, 281, 284, 390-392, 410-411, 416-417, 513-515, 523-527, 531-539, 546-549, 560, 564-571, 581-622, 626-668
app.py                               563    563     0%   1-980
config\__init__.py                     0      0   100%
config\settings.py                   196     76    61%   13-14, 19-20, 25, 160-220, 224-226, 230, 234, 245, 255, 271, 282-299, 303-313, 317
core\__init__.py                       0      0   100%
core\decorators.py                    38     38     0%   1-47
core\state_manager.py                178     30    83%   40-48, 80-81, 85-87, 161-162, 164, 186-187, 191-192, 220-222, 266, 321-323, 345-346
main.py                              379    379     0%   1-602
ml\__init__.py                         0      0   100%
ml\adaptive_model.py                 313    313     0%   3-494
telegram\__init__.py                   0      0   100%
telegram\api_utils.py                 39     39     0%   1-57
telegram\bot_handler.py                3      3     0%   3-6
telegram\charts.py                    18     18     0%   1-25
telegram\commands.py                 410    410     0%   1-619
trading\__init__.py                    0      0   100%
trading\exchange_client.py           455    334    27%   20-22, 71-73, 77-78, 106-109, 146-149, 164, 166, 173, 182-183, 188, 226-228, 251-281, 285-293, 297-324, 330-355, 362-387, 392-419, 426-498, 503-582, 589-607, 612-617, 621-623, 627-633, 640-644, 649-653, 658-670, 675-683, 688-734, 740, 744, 748-786, 794-859, 869-886, 891-901, 906-914, 919-932, 937-952
trading\performance_tracker.py       135    135     0%   1-224
trading\position_manager.py          200     78    61%   53-54, 64-71, 100-102, 105, 112-116, 150-159, 164-167, 174-175, 187-188, 212-213, 216-220, 233-234, 253-254, 258-264, 275-277, 284, 296-297, 319-320, 325-327, 331-334, 345-363, 368-377, 386-389
trading\risk_manager.py              192    155    19%   40-83, 92-99, 120-140, 144-175, 179-188, 196-243, 248-301, 313-324, 328-331, 335, 350, 365-371, 375-379, 383-384, 388-429
utils\__init__.py                      0      0   100%
utils\csv_handler.py                 366    258    30%   19-21, 56, 60-69, 73-80, 84-90, 94-120, 124-152, 156-157, 161-162, 198-218, 226, 231-239, 244-250, 273-274, 279-314, 319, 324-334, 339-374, 379-405, 410-411, 416, 421-426, 431-467, 472-481, 490-503, 510, 519-520, 528-537, 541-553, 560, 563, 566, 576-580
utils\integration_check.py            55     53     4%   7-99, 103-125
utils\monitoring.py                  303    161    47%   68, 78-96, 118-140, 151-153, 165-168, 172-175, 179, 225-236, 240-242, 246-271, 275-295, 299-327, 345, 349, 353-354, 385-404, 409-419, 424-451, 471, 477, 482, 502-517, 526-537, 542-545, 565-569
utils\trading_metrics.py             201    141    30%   23, 26-29, 36-39, 48-53, 58-70, 75-87, 92, 102, 105, 111, 119, 122, 128, 132, 141, 145, 159-173, 178-183, 206, 212-223, 232-237, 242-262, 271-287, 292-299, 304-314, 323-340, 353-416
utils\unified_cache.py               351     63    82%   113-119, 146-160, 167-185, 218, 275-278, 288, 319-320, 326-328, 336, 345, 347-348, 357-359, 389-401, 417, 419-420, 428-429, 466-467, 475-479, 484, 488, 495, 502
----------------------------------------------------------------
TOTAL                               4962   3496    30%
Coverage HTML written to dir htmlcov
Coverage XML written to file coverage.xml
FAIL Required test coverage of 80% not reached. Total coverage: 29.54%
=========================== short test summary info ===========================
FAILED tests/test_csv_handler.py::TestCSVHandlerInitialization::test_initialization_creates_files
FAILED tests/test_csv_handler.py::TestCSVHandlerInitialization::test_initialization_with_existing_files
FAILED tests/test_csv_handler.py::TestCSVHandlerInitialization::test_initialization_with_corrupted_file
FAILED tests/test_csv_handler.py::TestErrorHandling::test_handle_missing_file
FAILED tests/test_csv_handler.py::TestErrorHandling::test_handle_permission_error
FAILED tests/test_market_analyzer.py::TestMultiTimeframeAnalyzer::test_analyze_market_condition_bull
FAILED tests/test_market_analyzer.py::TestMultiTimeframeAnalyzer::test_analyze_empty_data
FAILED tests/test_market_analyzer.py::TestMultiTimeframeAnalyzer::test_analyze_invalid_data
FAILED tests/test_market_analyzer.py::TestMultiTimeframeAnalyzer::test_get_diagnostics_error_handling
FAILED tests/test_risk_manager.py::TestRiskManagerEdgeCases::test_import_and_basic_functionality
FAILED tests/test_risk_manager.py::TestRiskManagerEdgeCases::test_extreme_volatility
FAILED tests/test_risk_manager.py::TestRiskManagerEdgeCases::test_negative_values_handling
FAILED tests/test_technical_indicators.py::TestEdgeCases::test_constant_values
ERROR tests/test_csv_handler.py::TestTradeLogging::test_log_open_trade - Type...
ERROR tests/test_csv_handler.py::TestTradeLogging::test_log_close_trade - Typ...
ERROR tests/test_csv_handler.py::TestTradeLogging::test_log_multiple_trades
ERROR tests/test_csv_handler.py::TestTradeLogging::test_log_trade_with_missing_fields
ERROR tests/test_csv_handler.py::TestTradeLogging::test_append_trade_to_existing
ERROR tests/test_csv_handler.py::TestSignalLogging::test_log_signal - TypeErr...
ERROR tests/test_csv_handler.py::TestSignalLogging::test_log_signal_with_indicators
ERROR tests/test_csv_handler.py::TestSignalLogging::test_signal_deduplication
ERROR tests/test_csv_handler.py::TestDataRetrieval::test_get_all_trades_empty
ERROR tests/test_csv_handler.py::TestDataRetrieval::test_get_recent_trades - ...
ERROR tests/test_csv_handler.py::TestDataRetrieval::test_get_trades_by_date_range
ERROR tests/test_csv_handler.py::TestDataRetrieval::test_get_trades_by_symbol
ERROR tests/test_csv_handler.py::TestStatistics::test_get_trade_stats_basic
ERROR tests/test_csv_handler.py::TestStatistics::test_get_trade_stats_empty
ERROR tests/test_csv_handler.py::TestStatistics::test_calculate_sharpe_ratio
ERROR tests/test_csv_handler.py::TestStatistics::test_calculate_max_drawdown
ERROR tests/test_csv_handler.py::TestStatistics::test_get_performance_metrics
ERROR tests/test_csv_handler.py::TestDataExport::test_export_to_excel - TypeE...
ERROR tests/test_csv_handler.py::TestDataExport::test_export_summary_report
ERROR tests/test_csv_handler.py::TestDataExport::test_backup_data - TypeError...
ERROR tests/test_csv_handler.py::TestDataValidation::test_validate_trade_data
ERROR tests/test_csv_handler.py::TestDataValidation::test_clean_corrupted_data
ERROR tests/test_csv_handler.py::TestConcurrency::test_concurrent_writes - Ty...
ERROR tests/test_csv_handler.py::TestConcurrency::test_file_locking - TypeErr...
ERROR tests/test_csv_handler.py::TestErrorHandling::test_handle_disk_full - T...
ERROR tests/test_csv_handler.py::TestIntegration::test_full_trading_cycle - T...
ERROR tests/test_csv_handler.py::TestIntegration::test_performance_over_time
ERROR tests/test_risk_manager.py::TestUnifiedRiskManager::test_initialization
ERROR tests/test_risk_manager.py::TestUnifiedRiskManager::test_calculate_position_size_basic
ERROR tests/test_risk_manager.py::TestUnifiedRiskManager::test_calculate_position_size_with_confidence
ERROR tests/test_risk_manager.py::TestUnifiedRiskManager::test_calculate_stop_loss
ERROR tests/test_risk_manager.py::TestUnifiedRiskManager::test_calculate_take_profit_levels
ERROR tests/test_risk_manager.py::TestUnifiedRiskManager::test_check_daily_loss_limit
ERROR tests/test_risk_manager.py::TestUnifiedRiskManager::test_validate_trade_basic
ERROR tests/test_risk_manager.py::TestUnifiedRiskManager::test_get_risk_metrics
ERROR tests/test_risk_manager.py::TestUnifiedRiskManager::test_adjust_for_volatility
ERROR tests/test_risk_manager.py::TestRiskManagerIntegration::test_full_trade_cycle
ERROR tests/test_risk_manager.py::TestRiskManagerIntegration::test_risk_parameters_validation
ERROR tests/test_risk_manager.py::TestRiskManagerIntegration::test_zero_balance_handling
============ 13 failed, 116 passed, 2 warnings, 39 errors in 6.52s ============
